Creating test database for alias 'default'...
EEEEEEEEEEEEEEEEEEEEEEEEEEEEEEEEEEEEEEEEEEEEEEEEEEEEEEEEEEEEEEEEEEEEEEEEEEEE
======================================================================
ERROR: test_accepted_invitation_cannot_be_reused (accounts.tests.test_authentication.InvitationAcceptanceTests.test_accepted_invitation_cannot_be_reused)
----------------------------------------------------------------------
Traceback (most recent call last):
  File "/Users/colinkeogh/Desktop/ConnectCRM1.1/accounts/tests/test_authentication.py", line 226, in test_accepted_invitation_cannot_be_reused
    response = self.client.get(
        reverse(
    ...<2 lines>...
        )
    )
  File "/Users/colinkeogh/Desktop/ConnectCRM1.1/venv/lib/python3.14/site-packages/django/test/client.py", line 1128, in get
    response = super().get(
        path,
    ...<4 lines>...
        **extra,
    )
  File "/Users/colinkeogh/Desktop/ConnectCRM1.1/venv/lib/python3.14/site-packages/django/test/client.py", line 475, in get
    return self.generic(
           ~~~~~~~~~~~~^
        "GET",
        ^^^^^^
    ...<4 lines>...
        **extra,
        ^^^^^^^^
    )
    ^
  File "/Users/colinkeogh/Desktop/ConnectCRM1.1/venv/lib/python3.14/site-packages/django/test/client.py", line 671, in generic
    return self.request(**r)
           ~~~~~~~~~~~~^^^^^
  File "/Users/colinkeogh/Desktop/ConnectCRM1.1/venv/lib/python3.14/site-packages/django/test/client.py", line 1086, in request
    response = self.handler(environ)
  File "/Users/colinkeogh/Desktop/ConnectCRM1.1/venv/lib/python3.14/site-packages/django/test/client.py", line 173, in __call__
    self.load_middleware()
    ~~~~~~~~~~~~~~~~~~~~^^
  File "/Users/colinkeogh/Desktop/ConnectCRM1.1/venv/lib/python3.14/site-packages/django/core/handlers/base.py", line 42, in load_middleware
    middleware = import_string(middleware_path)
  File "/Users/colinkeogh/Desktop/ConnectCRM1.1/venv/lib/python3.14/site-packages/django/utils/module_loading.py", line 30, in import_string
    return cached_import(module_path, class_name)
  File "/Users/colinkeogh/Desktop/ConnectCRM1.1/venv/lib/python3.14/site-packages/django/utils/module_loading.py", line 15, in cached_import
    module = import_module(module_path)
  File "/Library/Frameworks/Python.framework/Versions/3.14/lib/python3.14/importlib/__init__.py", line 88, in import_module
    return _bootstrap._gcd_import(name[level:], package, level)
           ~~~~~~~~~~~~~~~~~~~~~~^^^^^^^^^^^^^^^^^^^^^^^^^^^^^^
  File "<frozen importlib._bootstrap>", line 1398, in _gcd_import
  File "<frozen importlib._bootstrap>", line 1371, in _find_and_load
  File "<frozen importlib._bootstrap>", line 1314, in _find_and_load_unlocked
  File "<frozen importlib._bootstrap>", line 491, in _call_with_frames_removed
  File "<frozen importlib._bootstrap>", line 1398, in _gcd_import
  File "<frozen importlib._bootstrap>", line 1371, in _find_and_load
  File "<frozen importlib._bootstrap>", line 1335, in _find_and_load_unlocked
ModuleNotFoundError: No module named 'whitenoise'

======================================================================
ERROR: test_expired_invitation_cannot_be_used (accounts.tests.test_authentication.InvitationAcceptanceTests.test_expired_invitation_cannot_be_used)
----------------------------------------------------------------------
Traceback (most recent call last):
  File "/Users/colinkeogh/Desktop/ConnectCRM1.1/accounts/tests/test_authentication.py", line 240, in test_expired_invitation_cannot_be_used
    response = self.client.get(
        reverse(
    ...<2 lines>...
        )
    )
  File "/Users/colinkeogh/Desktop/ConnectCRM1.1/venv/lib/python3.14/site-packages/django/test/client.py", line 1128, in get
    response = super().get(
        path,
    ...<4 lines>...
        **extra,
    )
  File "/Users/colinkeogh/Desktop/ConnectCRM1.1/venv/lib/python3.14/site-packages/django/test/client.py", line 475, in get
    return self.generic(
           ~~~~~~~~~~~~^
        "GET",
        ^^^^^^
    ...<4 lines>...
        **extra,
        ^^^^^^^^
    )
    ^
  File "/Users/colinkeogh/Desktop/ConnectCRM1.1/venv/lib/python3.14/site-packages/django/test/client.py", line 671, in generic
    return self.request(**r)
           ~~~~~~~~~~~~^^^^^
  File "/Users/colinkeogh/Desktop/ConnectCRM1.1/venv/lib/python3.14/site-packages/django/test/client.py", line 1086, in request
    response = self.handler(environ)
  File "/Users/colinkeogh/Desktop/ConnectCRM1.1/venv/lib/python3.14/site-packages/django/test/client.py", line 173, in __call__
    self.load_middleware()
    ~~~~~~~~~~~~~~~~~~~~^^
  File "/Users/colinkeogh/Desktop/ConnectCRM1.1/venv/lib/python3.14/site-packages/django/core/handlers/base.py", line 42, in load_middleware
    middleware = import_string(middleware_path)
  File "/Users/colinkeogh/Desktop/ConnectCRM1.1/venv/lib/python3.14/site-packages/django/utils/module_loading.py", line 30, in import_string
    return cached_import(module_path, class_name)
  File "/Users/colinkeogh/Desktop/ConnectCRM1.1/venv/lib/python3.14/site-packages/django/utils/module_loading.py", line 15, in cached_import
    module = import_module(module_path)
  File "/Library/Frameworks/Python.framework/Versions/3.14/lib/python3.14/importlib/__init__.py", line 88, in import_module
    return _bootstrap._gcd_import(name[level:], package, level)
           ~~~~~~~~~~~~~~~~~~~~~~^^^^^^^^^^^^^^^^^^^^^^^^^^^^^^
  File "<frozen importlib._bootstrap>", line 1398, in _gcd_import
  File "<frozen importlib._bootstrap>", line 1371, in _find_and_load
  File "<frozen importlib._bootstrap>", line 1314, in _find_and_load_unlocked
  File "<frozen importlib._bootstrap>", line 491, in _call_with_frames_removed
  File "<frozen importlib._bootstrap>", line 1398, in _gcd_import
  File "<frozen importlib._bootstrap>", line 1371, in _find_and_load
  File "<frozen importlib._bootstrap>", line 1335, in _find_and_load_unlocked
ModuleNotFoundError: No module named 'whitenoise'

======================================================================
ERROR: test_invitation_page_is_public (accounts.tests.test_authentication.InvitationAcceptanceTests.test_invitation_page_is_public)
----------------------------------------------------------------------
Traceback (most recent call last):
  File "/Users/colinkeogh/Desktop/ConnectCRM1.1/accounts/tests/test_authentication.py", line 159, in test_invitation_page_is_public
    response = self.client.get(
        reverse(
    ...<2 lines>...
        )
    )
  File "/Users/colinkeogh/Desktop/ConnectCRM1.1/venv/lib/python3.14/site-packages/django/test/client.py", line 1128, in get
    response = super().get(
        path,
    ...<4 lines>...
        **extra,
    )
  File "/Users/colinkeogh/Desktop/ConnectCRM1.1/venv/lib/python3.14/site-packages/django/test/client.py", line 475, in get
    return self.generic(
           ~~~~~~~~~~~~^
        "GET",
        ^^^^^^
    ...<4 lines>...
        **extra,
        ^^^^^^^^
    )
    ^
  File "/Users/colinkeogh/Desktop/ConnectCRM1.1/venv/lib/python3.14/site-packages/django/test/client.py", line 671, in generic
    return self.request(**r)
           ~~~~~~~~~~~~^^^^^
  File "/Users/colinkeogh/Desktop/ConnectCRM1.1/venv/lib/python3.14/site-packages/django/test/client.py", line 1086, in request
    response = self.handler(environ)
  File "/Users/colinkeogh/Desktop/ConnectCRM1.1/venv/lib/python3.14/site-packages/django/test/client.py", line 173, in __call__
    self.load_middleware()
    ~~~~~~~~~~~~~~~~~~~~^^
  File "/Users/colinkeogh/Desktop/ConnectCRM1.1/venv/lib/python3.14/site-packages/django/core/handlers/base.py", line 42, in load_middleware
    middleware = import_string(middleware_path)
  File "/Users/colinkeogh/Desktop/ConnectCRM1.1/venv/lib/python3.14/site-packages/django/utils/module_loading.py", line 30, in import_string
    return cached_import(module_path, class_name)
  File "/Users/colinkeogh/Desktop/ConnectCRM1.1/venv/lib/python3.14/site-packages/django/utils/module_loading.py", line 15, in cached_import
    module = import_module(module_path)
  File "/Library/Frameworks/Python.framework/Versions/3.14/lib/python3.14/importlib/__init__.py", line 88, in import_module
    return _bootstrap._gcd_import(name[level:], package, level)
           ~~~~~~~~~~~~~~~~~~~~~~^^^^^^^^^^^^^^^^^^^^^^^^^^^^^^
  File "<frozen importlib._bootstrap>", line 1398, in _gcd_import
  File "<frozen importlib._bootstrap>", line 1371, in _find_and_load
  File "<frozen importlib._bootstrap>", line 1314, in _find_and_load_unlocked
  File "<frozen importlib._bootstrap>", line 491, in _call_with_frames_removed
  File "<frozen importlib._bootstrap>", line 1398, in _gcd_import
  File "<frozen importlib._bootstrap>", line 1371, in _find_and_load
  File "<frozen importlib._bootstrap>", line 1335, in _find_and_load_unlocked
ModuleNotFoundError: No module named 'whitenoise'

======================================================================
ERROR: test_logged_in_matching_user_can_accept_invitation (accounts.tests.test_authentication.InvitationAcceptanceTests.test_logged_in_matching_user_can_accept_invitation)
----------------------------------------------------------------------
Traceback (most recent call last):
  File "/Users/colinkeogh/Desktop/ConnectCRM1.1/accounts/tests/test_authentication.py", line 178, in test_logged_in_matching_user_can_accept_invitation
    response = self.client.post(
        reverse(
    ...<2 lines>...
        )
    )
  File "/Users/colinkeogh/Desktop/ConnectCRM1.1/venv/lib/python3.14/site-packages/django/test/client.py", line 1157, in post
    response = super().post(
        path,
    ...<5 lines>...
        **extra,
    )
  File "/Users/colinkeogh/Desktop/ConnectCRM1.1/venv/lib/python3.14/site-packages/django/test/client.py", line 499, in post
    return self.generic(
           ~~~~~~~~~~~~^
        "POST",
        ^^^^^^^
    ...<6 lines>...
        **extra,
        ^^^^^^^^
    )
    ^
  File "/Users/colinkeogh/Desktop/ConnectCRM1.1/venv/lib/python3.14/site-packages/django/test/client.py", line 671, in generic
    return self.request(**r)
           ~~~~~~~~~~~~^^^^^
  File "/Users/colinkeogh/Desktop/ConnectCRM1.1/venv/lib/python3.14/site-packages/django/test/client.py", line 1086, in request
    response = self.handler(environ)
  File "/Users/colinkeogh/Desktop/ConnectCRM1.1/venv/lib/python3.14/site-packages/django/test/client.py", line 173, in __call__
    self.load_middleware()
    ~~~~~~~~~~~~~~~~~~~~^^
  File "/Users/colinkeogh/Desktop/ConnectCRM1.1/venv/lib/python3.14/site-packages/django/core/handlers/base.py", line 42, in load_middleware
    middleware = import_string(middleware_path)
  File "/Users/colinkeogh/Desktop/ConnectCRM1.1/venv/lib/python3.14/site-packages/django/utils/module_loading.py", line 30, in import_string
    return cached_import(module_path, class_name)
  File "/Users/colinkeogh/Desktop/ConnectCRM1.1/venv/lib/python3.14/site-packages/django/utils/module_loading.py", line 15, in cached_import
    module = import_module(module_path)
  File "/Library/Frameworks/Python.framework/Versions/3.14/lib/python3.14/importlib/__init__.py", line 88, in import_module
    return _bootstrap._gcd_import(name[level:], package, level)
           ~~~~~~~~~~~~~~~~~~~~~~^^^^^^^^^^^^^^^^^^^^^^^^^^^^^^
  File "<frozen importlib._bootstrap>", line 1398, in _gcd_import
  File "<frozen importlib._bootstrap>", line 1371, in _find_and_load
  File "<frozen importlib._bootstrap>", line 1314, in _find_and_load_unlocked
  File "<frozen importlib._bootstrap>", line 491, in _call_with_frames_removed
  File "<frozen importlib._bootstrap>", line 1398, in _gcd_import
  File "<frozen importlib._bootstrap>", line 1371, in _find_and_load
  File "<frozen importlib._bootstrap>", line 1335, in _find_and_load_unlocked
ModuleNotFoundError: No module named 'whitenoise'

======================================================================
ERROR: test_logged_in_wrong_user_cannot_accept_invitation (accounts.tests.test_authentication.InvitationAcceptanceTests.test_logged_in_wrong_user_cannot_accept_invitation)
----------------------------------------------------------------------
Traceback (most recent call last):
  File "/Users/colinkeogh/Desktop/ConnectCRM1.1/accounts/tests/test_authentication.py", line 205, in test_logged_in_wrong_user_cannot_accept_invitation
    response = self.client.post(
        reverse(
    ...<2 lines>...
        )
    )
  File "/Users/colinkeogh/Desktop/ConnectCRM1.1/venv/lib/python3.14/site-packages/django/test/client.py", line 1157, in post
    response = super().post(
        path,
    ...<5 lines>...
        **extra,
    )
  File "/Users/colinkeogh/Desktop/ConnectCRM1.1/venv/lib/python3.14/site-packages/django/test/client.py", line 499, in post
    return self.generic(
           ~~~~~~~~~~~~^
        "POST",
        ^^^^^^^
    ...<6 lines>...
        **extra,
        ^^^^^^^^
    )
    ^
  File "/Users/colinkeogh/Desktop/ConnectCRM1.1/venv/lib/python3.14/site-packages/django/test/client.py", line 671, in generic
    return self.request(**r)
           ~~~~~~~~~~~~^^^^^
  File "/Users/colinkeogh/Desktop/ConnectCRM1.1/venv/lib/python3.14/site-packages/django/test/client.py", line 1086, in request
    response = self.handler(environ)
  File "/Users/colinkeogh/Desktop/ConnectCRM1.1/venv/lib/python3.14/site-packages/django/test/client.py", line 173, in __call__
    self.load_middleware()
    ~~~~~~~~~~~~~~~~~~~~^^
  File "/Users/colinkeogh/Desktop/ConnectCRM1.1/venv/lib/python3.14/site-packages/django/core/handlers/base.py", line 42, in load_middleware
    middleware = import_string(middleware_path)
  File "/Users/colinkeogh/Desktop/ConnectCRM1.1/venv/lib/python3.14/site-packages/django/utils/module_loading.py", line 30, in import_string
    return cached_import(module_path, class_name)
  File "/Users/colinkeogh/Desktop/ConnectCRM1.1/venv/lib/python3.14/site-packages/django/utils/module_loading.py", line 15, in cached_import
    module = import_module(module_path)
  File "/Library/Frameworks/Python.framework/Versions/3.14/lib/python3.14/importlib/__init__.py", line 88, in import_module
    return _bootstrap._gcd_import(name[level:], package, level)
           ~~~~~~~~~~~~~~~~~~~~~~^^^^^^^^^^^^^^^^^^^^^^^^^^^^^^
  File "<frozen importlib._bootstrap>", line 1398, in _gcd_import
  File "<frozen importlib._bootstrap>", line 1371, in _find_and_load
  File "<frozen importlib._bootstrap>", line 1314, in _find_and_load_unlocked
  File "<frozen importlib._bootstrap>", line 491, in _call_with_frames_removed
  File "<frozen importlib._bootstrap>", line 1398, in _gcd_import
  File "<frozen importlib._bootstrap>", line 1371, in _find_and_load
  File "<frozen importlib._bootstrap>", line 1335, in _find_and_load_unlocked
ModuleNotFoundError: No module named 'whitenoise'

======================================================================
ERROR: test_creating_invitation_sends_email_with_acceptance_link (accounts.tests.test_authentication.InvitationEmailTests.test_creating_invitation_sends_email_with_acceptance_link)
----------------------------------------------------------------------
Traceback (most recent call last):
  File "/Users/colinkeogh/Desktop/ConnectCRM1.1/accounts/tests/test_authentication.py", line 271, in test_creating_invitation_sends_email_with_acceptance_link
    response = self.client.post(
        reverse("crm:invitation_create"),
    ...<3 lines>...
        },
    )
  File "/Users/colinkeogh/Desktop/ConnectCRM1.1/venv/lib/python3.14/site-packages/django/test/client.py", line 1157, in post
    response = super().post(
        path,
    ...<5 lines>...
        **extra,
    )
  File "/Users/colinkeogh/Desktop/ConnectCRM1.1/venv/lib/python3.14/site-packages/django/test/client.py", line 499, in post
    return self.generic(
           ~~~~~~~~~~~~^
        "POST",
        ^^^^^^^
    ...<6 lines>...
        **extra,
        ^^^^^^^^
    )
    ^
  File "/Users/colinkeogh/Desktop/ConnectCRM1.1/venv/lib/python3.14/site-packages/django/test/client.py", line 671, in generic
    return self.request(**r)
           ~~~~~~~~~~~~^^^^^
  File "/Users/colinkeogh/Desktop/ConnectCRM1.1/venv/lib/python3.14/site-packages/django/test/client.py", line 1086, in request
    response = self.handler(environ)
  File "/Users/colinkeogh/Desktop/ConnectCRM1.1/venv/lib/python3.14/site-packages/django/test/client.py", line 173, in __call__
    self.load_middleware()
    ~~~~~~~~~~~~~~~~~~~~^^
  File "/Users/colinkeogh/Desktop/ConnectCRM1.1/venv/lib/python3.14/site-packages/django/core/handlers/base.py", line 42, in load_middleware
    middleware = import_string(middleware_path)
  File "/Users/colinkeogh/Desktop/ConnectCRM1.1/venv/lib/python3.14/site-packages/django/utils/module_loading.py", line 30, in import_string
    return cached_import(module_path, class_name)
  File "/Users/colinkeogh/Desktop/ConnectCRM1.1/venv/lib/python3.14/site-packages/django/utils/module_loading.py", line 15, in cached_import
    module = import_module(module_path)
  File "/Library/Frameworks/Python.framework/Versions/3.14/lib/python3.14/importlib/__init__.py", line 88, in import_module
    return _bootstrap._gcd_import(name[level:], package, level)
           ~~~~~~~~~~~~~~~~~~~~~~^^^^^^^^^^^^^^^^^^^^^^^^^^^^^^
  File "<frozen importlib._bootstrap>", line 1398, in _gcd_import
  File "<frozen importlib._bootstrap>", line 1371, in _find_and_load
  File "<frozen importlib._bootstrap>", line 1314, in _find_and_load_unlocked
  File "<frozen importlib._bootstrap>", line 491, in _call_with_frames_removed
  File "<frozen importlib._bootstrap>", line 1398, in _gcd_import
  File "<frozen importlib._bootstrap>", line 1371, in _find_and_load
  File "<frozen importlib._bootstrap>", line 1335, in _find_and_load_unlocked
ModuleNotFoundError: No module named 'whitenoise'

======================================================================
ERROR: test_login_redirects_to_safe_next_url (accounts.tests.test_authentication.LoginTests.test_login_redirects_to_safe_next_url)
----------------------------------------------------------------------
Traceback (most recent call last):
  File "/Users/colinkeogh/Desktop/ConnectCRM1.1/accounts/tests/test_authentication.py", line 119, in test_login_redirects_to_safe_next_url
    response = self.client.post(
        reverse("accounts:login"),
    ...<4 lines>...
        },
    )
  File "/Users/colinkeogh/Desktop/ConnectCRM1.1/venv/lib/python3.14/site-packages/django/test/client.py", line 1157, in post
    response = super().post(
        path,
    ...<5 lines>...
        **extra,
    )
  File "/Users/colinkeogh/Desktop/ConnectCRM1.1/venv/lib/python3.14/site-packages/django/test/client.py", line 499, in post
    return self.generic(
           ~~~~~~~~~~~~^
        "POST",
        ^^^^^^^
    ...<6 lines>...
        **extra,
        ^^^^^^^^
    )
    ^
  File "/Users/colinkeogh/Desktop/ConnectCRM1.1/venv/lib/python3.14/site-packages/django/test/client.py", line 671, in generic
    return self.request(**r)
           ~~~~~~~~~~~~^^^^^
  File "/Users/colinkeogh/Desktop/ConnectCRM1.1/venv/lib/python3.14/site-packages/django/test/client.py", line 1086, in request
    response = self.handler(environ)
  File "/Users/colinkeogh/Desktop/ConnectCRM1.1/venv/lib/python3.14/site-packages/django/test/client.py", line 173, in __call__
    self.load_middleware()
    ~~~~~~~~~~~~~~~~~~~~^^
  File "/Users/colinkeogh/Desktop/ConnectCRM1.1/venv/lib/python3.14/site-packages/django/core/handlers/base.py", line 42, in load_middleware
    middleware = import_string(middleware_path)
  File "/Users/colinkeogh/Desktop/ConnectCRM1.1/venv/lib/python3.14/site-packages/django/utils/module_loading.py", line 30, in import_string
    return cached_import(module_path, class_name)
  File "/Users/colinkeogh/Desktop/ConnectCRM1.1/venv/lib/python3.14/site-packages/django/utils/module_loading.py", line 15, in cached_import
    module = import_module(module_path)
  File "/Library/Frameworks/Python.framework/Versions/3.14/lib/python3.14/importlib/__init__.py", line 88, in import_module
    return _bootstrap._gcd_import(name[level:], package, level)
           ~~~~~~~~~~~~~~~~~~~~~~^^^^^^^^^^^^^^^^^^^^^^^^^^^^^^
  File "<frozen importlib._bootstrap>", line 1398, in _gcd_import
  File "<frozen importlib._bootstrap>", line 1371, in _find_and_load
  File "<frozen importlib._bootstrap>", line 1314, in _find_and_load_unlocked
  File "<frozen importlib._bootstrap>", line 491, in _call_with_frames_removed
  File "<frozen importlib._bootstrap>", line 1398, in _gcd_import
  File "<frozen importlib._bootstrap>", line 1371, in _find_and_load
  File "<frozen importlib._bootstrap>", line 1335, in _find_and_load_unlocked
ModuleNotFoundError: No module named 'whitenoise'

======================================================================
ERROR: test_login_rejects_external_next_url (accounts.tests.test_authentication.LoginTests.test_login_rejects_external_next_url)
----------------------------------------------------------------------
Traceback (most recent call last):
  File "/Users/colinkeogh/Desktop/ConnectCRM1.1/accounts/tests/test_authentication.py", line 131, in test_login_rejects_external_next_url
    response = self.client.post(
        reverse("accounts:login"),
    ...<4 lines>...
        },
    )
  File "/Users/colinkeogh/Desktop/ConnectCRM1.1/venv/lib/python3.14/site-packages/django/test/client.py", line 1157, in post
    response = super().post(
        path,
    ...<5 lines>...
        **extra,
    )
  File "/Users/colinkeogh/Desktop/ConnectCRM1.1/venv/lib/python3.14/site-packages/django/test/client.py", line 499, in post
    return self.generic(
           ~~~~~~~~~~~~^
        "POST",
        ^^^^^^^
    ...<6 lines>...
        **extra,
        ^^^^^^^^
    )
    ^
  File "/Users/colinkeogh/Desktop/ConnectCRM1.1/venv/lib/python3.14/site-packages/django/test/client.py", line 671, in generic
    return self.request(**r)
           ~~~~~~~~~~~~^^^^^
  File "/Users/colinkeogh/Desktop/ConnectCRM1.1/venv/lib/python3.14/site-packages/django/test/client.py", line 1086, in request
    response = self.handler(environ)
  File "/Users/colinkeogh/Desktop/ConnectCRM1.1/venv/lib/python3.14/site-packages/django/test/client.py", line 173, in __call__
    self.load_middleware()
    ~~~~~~~~~~~~~~~~~~~~^^
  File "/Users/colinkeogh/Desktop/ConnectCRM1.1/venv/lib/python3.14/site-packages/django/core/handlers/base.py", line 42, in load_middleware
    middleware = import_string(middleware_path)
  File "/Users/colinkeogh/Desktop/ConnectCRM1.1/venv/lib/python3.14/site-packages/django/utils/module_loading.py", line 30, in import_string
    return cached_import(module_path, class_name)
  File "/Users/colinkeogh/Desktop/ConnectCRM1.1/venv/lib/python3.14/site-packages/django/utils/module_loading.py", line 15, in cached_import
    module = import_module(module_path)
  File "/Library/Frameworks/Python.framework/Versions/3.14/lib/python3.14/importlib/__init__.py", line 88, in import_module
    return _bootstrap._gcd_import(name[level:], package, level)
           ~~~~~~~~~~~~~~~~~~~~~~^^^^^^^^^^^^^^^^^^^^^^^^^^^^^^
  File "<frozen importlib._bootstrap>", line 1398, in _gcd_import
  File "<frozen importlib._bootstrap>", line 1371, in _find_and_load
  File "<frozen importlib._bootstrap>", line 1314, in _find_and_load_unlocked
  File "<frozen importlib._bootstrap>", line 491, in _call_with_frames_removed
  File "<frozen importlib._bootstrap>", line 1398, in _gcd_import
  File "<frozen importlib._bootstrap>", line 1371, in _find_and_load
  File "<frozen importlib._bootstrap>", line 1335, in _find_and_load_unlocked
ModuleNotFoundError: No module named 'whitenoise'

======================================================================
ERROR: test_password_reset_confirm_page_rejects_invalid_link (accounts.tests.test_authentication.PasswordResetTests.test_password_reset_confirm_page_rejects_invalid_link)
----------------------------------------------------------------------
Traceback (most recent call last):
  File "/Users/colinkeogh/Desktop/ConnectCRM1.1/accounts/tests/test_authentication.py", line 369, in test_password_reset_confirm_page_rejects_invalid_link
    response = self.client.get(
        reverse(
    ...<5 lines>...
        )
    )
  File "/Users/colinkeogh/Desktop/ConnectCRM1.1/venv/lib/python3.14/site-packages/django/test/client.py", line 1128, in get
    response = super().get(
        path,
    ...<4 lines>...
        **extra,
    )
  File "/Users/colinkeogh/Desktop/ConnectCRM1.1/venv/lib/python3.14/site-packages/django/test/client.py", line 475, in get
    return self.generic(
           ~~~~~~~~~~~~^
        "GET",
        ^^^^^^
    ...<4 lines>...
        **extra,
        ^^^^^^^^
    )
    ^
  File "/Users/colinkeogh/Desktop/ConnectCRM1.1/venv/lib/python3.14/site-packages/django/test/client.py", line 671, in generic
    return self.request(**r)
           ~~~~~~~~~~~~^^^^^
  File "/Users/colinkeogh/Desktop/ConnectCRM1.1/venv/lib/python3.14/site-packages/django/test/client.py", line 1086, in request
    response = self.handler(environ)
  File "/Users/colinkeogh/Desktop/ConnectCRM1.1/venv/lib/python3.14/site-packages/django/test/client.py", line 173, in __call__
    self.load_middleware()
    ~~~~~~~~~~~~~~~~~~~~^^
  File "/Users/colinkeogh/Desktop/ConnectCRM1.1/venv/lib/python3.14/site-packages/django/core/handlers/base.py", line 42, in load_middleware
    middleware = import_string(middleware_path)
  File "/Users/colinkeogh/Desktop/ConnectCRM1.1/venv/lib/python3.14/site-packages/django/utils/module_loading.py", line 30, in import_string
    return cached_import(module_path, class_name)
  File "/Users/colinkeogh/Desktop/ConnectCRM1.1/venv/lib/python3.14/site-packages/django/utils/module_loading.py", line 15, in cached_import
    module = import_module(module_path)
  File "/Library/Frameworks/Python.framework/Versions/3.14/lib/python3.14/importlib/__init__.py", line 88, in import_module
    return _bootstrap._gcd_import(name[level:], package, level)
           ~~~~~~~~~~~~~~~~~~~~~~^^^^^^^^^^^^^^^^^^^^^^^^^^^^^^
  File "<frozen importlib._bootstrap>", line 1398, in _gcd_import
  File "<frozen importlib._bootstrap>", line 1371, in _find_and_load
  File "<frozen importlib._bootstrap>", line 1314, in _find_and_load_unlocked
  File "<frozen importlib._bootstrap>", line 491, in _call_with_frames_removed
  File "<frozen importlib._bootstrap>", line 1398, in _gcd_import
  File "<frozen importlib._bootstrap>", line 1371, in _find_and_load
  File "<frozen importlib._bootstrap>", line 1335, in _find_and_load_unlocked
ModuleNotFoundError: No module named 'whitenoise'

======================================================================
ERROR: test_password_reset_link_allows_password_change (accounts.tests.test_authentication.PasswordResetTests.test_password_reset_link_allows_password_change)
----------------------------------------------------------------------
Traceback (most recent call last):
  File "/Users/colinkeogh/Desktop/ConnectCRM1.1/accounts/tests/test_authentication.py", line 330, in test_password_reset_link_allows_password_change
    self.client.post(
    ~~~~~~~~~~~~~~~~^
        reverse("accounts:password_reset"),
        ^^^^^^^^^^^^^^^^^^^^^^^^^^^^^^^^^^^
        {"email": "resetuser@example.com"},
        ^^^^^^^^^^^^^^^^^^^^^^^^^^^^^^^^^^^
    )
    ^
  File "/Users/colinkeogh/Desktop/ConnectCRM1.1/venv/lib/python3.14/site-packages/django/test/client.py", line 1157, in post
    response = super().post(
        path,
    ...<5 lines>...
        **extra,
    )
  File "/Users/colinkeogh/Desktop/ConnectCRM1.1/venv/lib/python3.14/site-packages/django/test/client.py", line 499, in post
    return self.generic(
           ~~~~~~~~~~~~^
        "POST",
        ^^^^^^^
    ...<6 lines>...
        **extra,
        ^^^^^^^^
    )
    ^
  File "/Users/colinkeogh/Desktop/ConnectCRM1.1/venv/lib/python3.14/site-packages/django/test/client.py", line 671, in generic
    return self.request(**r)
           ~~~~~~~~~~~~^^^^^
  File "/Users/colinkeogh/Desktop/ConnectCRM1.1/venv/lib/python3.14/site-packages/django/test/client.py", line 1086, in request
    response = self.handler(environ)
  File "/Users/colinkeogh/Desktop/ConnectCRM1.1/venv/lib/python3.14/site-packages/django/test/client.py", line 173, in __call__
    self.load_middleware()
    ~~~~~~~~~~~~~~~~~~~~^^
  File "/Users/colinkeogh/Desktop/ConnectCRM1.1/venv/lib/python3.14/site-packages/django/core/handlers/base.py", line 42, in load_middleware
    middleware = import_string(middleware_path)
  File "/Users/colinkeogh/Desktop/ConnectCRM1.1/venv/lib/python3.14/site-packages/django/utils/module_loading.py", line 30, in import_string
    return cached_import(module_path, class_name)
  File "/Users/colinkeogh/Desktop/ConnectCRM1.1/venv/lib/python3.14/site-packages/django/utils/module_loading.py", line 15, in cached_import
    module = import_module(module_path)
  File "/Library/Frameworks/Python.framework/Versions/3.14/lib/python3.14/importlib/__init__.py", line 88, in import_module
    return _bootstrap._gcd_import(name[level:], package, level)
           ~~~~~~~~~~~~~~~~~~~~~~^^^^^^^^^^^^^^^^^^^^^^^^^^^^^^
  File "<frozen importlib._bootstrap>", line 1398, in _gcd_import
  File "<frozen importlib._bootstrap>", line 1371, in _find_and_load
  File "<frozen importlib._bootstrap>", line 1314, in _find_and_load_unlocked
  File "<frozen importlib._bootstrap>", line 491, in _call_with_frames_removed
  File "<frozen importlib._bootstrap>", line 1398, in _gcd_import
  File "<frozen importlib._bootstrap>", line 1371, in _find_and_load
  File "<frozen importlib._bootstrap>", line 1335, in _find_and_load_unlocked
ModuleNotFoundError: No module named 'whitenoise'

======================================================================
ERROR: test_password_reset_request_does_not_reveal_unknown_email (accounts.tests.test_authentication.PasswordResetTests.test_password_reset_request_does_not_reveal_unknown_email)
----------------------------------------------------------------------
Traceback (most recent call last):
  File "/Users/colinkeogh/Desktop/ConnectCRM1.1/accounts/tests/test_authentication.py", line 318, in test_password_reset_request_does_not_reveal_unknown_email
    response = self.client.post(
        reverse("accounts:password_reset"),
        {"email": "does-not-exist@example.com"},
    )
  File "/Users/colinkeogh/Desktop/ConnectCRM1.1/venv/lib/python3.14/site-packages/django/test/client.py", line 1157, in post
    response = super().post(
        path,
    ...<5 lines>...
        **extra,
    )
  File "/Users/colinkeogh/Desktop/ConnectCRM1.1/venv/lib/python3.14/site-packages/django/test/client.py", line 499, in post
    return self.generic(
           ~~~~~~~~~~~~^
        "POST",
        ^^^^^^^
    ...<6 lines>...
        **extra,
        ^^^^^^^^
    )
    ^
  File "/Users/colinkeogh/Desktop/ConnectCRM1.1/venv/lib/python3.14/site-packages/django/test/client.py", line 671, in generic
    return self.request(**r)
           ~~~~~~~~~~~~^^^^^
  File "/Users/colinkeogh/Desktop/ConnectCRM1.1/venv/lib/python3.14/site-packages/django/test/client.py", line 1086, in request
    response = self.handler(environ)
  File "/Users/colinkeogh/Desktop/ConnectCRM1.1/venv/lib/python3.14/site-packages/django/test/client.py", line 173, in __call__
    self.load_middleware()
    ~~~~~~~~~~~~~~~~~~~~^^
  File "/Users/colinkeogh/Desktop/ConnectCRM1.1/venv/lib/python3.14/site-packages/django/core/handlers/base.py", line 42, in load_middleware
    middleware = import_string(middleware_path)
  File "/Users/colinkeogh/Desktop/ConnectCRM1.1/venv/lib/python3.14/site-packages/django/utils/module_loading.py", line 30, in import_string
    return cached_import(module_path, class_name)
  File "/Users/colinkeogh/Desktop/ConnectCRM1.1/venv/lib/python3.14/site-packages/django/utils/module_loading.py", line 15, in cached_import
    module = import_module(module_path)
  File "/Library/Frameworks/Python.framework/Versions/3.14/lib/python3.14/importlib/__init__.py", line 88, in import_module
    return _bootstrap._gcd_import(name[level:], package, level)
           ~~~~~~~~~~~~~~~~~~~~~~^^^^^^^^^^^^^^^^^^^^^^^^^^^^^^
  File "<frozen importlib._bootstrap>", line 1398, in _gcd_import
  File "<frozen importlib._bootstrap>", line 1371, in _find_and_load
  File "<frozen importlib._bootstrap>", line 1314, in _find_and_load_unlocked
  File "<frozen importlib._bootstrap>", line 491, in _call_with_frames_removed
  File "<frozen importlib._bootstrap>", line 1398, in _gcd_import
  File "<frozen importlib._bootstrap>", line 1371, in _find_and_load
  File "<frozen importlib._bootstrap>", line 1335, in _find_and_load_unlocked
ModuleNotFoundError: No module named 'whitenoise'

======================================================================
ERROR: test_password_reset_request_sends_email (accounts.tests.test_authentication.PasswordResetTests.test_password_reset_request_sends_email)
----------------------------------------------------------------------
Traceback (most recent call last):
  File "/Users/colinkeogh/Desktop/ConnectCRM1.1/accounts/tests/test_authentication.py", line 299, in test_password_reset_request_sends_email
    response = self.client.post(
        reverse("accounts:password_reset"),
        {"email": "resetuser@example.com"},
    )
  File "/Users/colinkeogh/Desktop/ConnectCRM1.1/venv/lib/python3.14/site-packages/django/test/client.py", line 1157, in post
    response = super().post(
        path,
    ...<5 lines>...
        **extra,
    )
  File "/Users/colinkeogh/Desktop/ConnectCRM1.1/venv/lib/python3.14/site-packages/django/test/client.py", line 499, in post
    return self.generic(
           ~~~~~~~~~~~~^
        "POST",
        ^^^^^^^
    ...<6 lines>...
        **extra,
        ^^^^^^^^
    )
    ^
  File "/Users/colinkeogh/Desktop/ConnectCRM1.1/venv/lib/python3.14/site-packages/django/test/client.py", line 671, in generic
    return self.request(**r)
           ~~~~~~~~~~~~^^^^^
  File "/Users/colinkeogh/Desktop/ConnectCRM1.1/venv/lib/python3.14/site-packages/django/test/client.py", line 1086, in request
    response = self.handler(environ)
  File "/Users/colinkeogh/Desktop/ConnectCRM1.1/venv/lib/python3.14/site-packages/django/test/client.py", line 173, in __call__
    self.load_middleware()
    ~~~~~~~~~~~~~~~~~~~~^^
  File "/Users/colinkeogh/Desktop/ConnectCRM1.1/venv/lib/python3.14/site-packages/django/core/handlers/base.py", line 42, in load_middleware
    middleware = import_string(middleware_path)
  File "/Users/colinkeogh/Desktop/ConnectCRM1.1/venv/lib/python3.14/site-packages/django/utils/module_loading.py", line 30, in import_string
    return cached_import(module_path, class_name)
  File "/Users/colinkeogh/Desktop/ConnectCRM1.1/venv/lib/python3.14/site-packages/django/utils/module_loading.py", line 15, in cached_import
    module = import_module(module_path)
  File "/Library/Frameworks/Python.framework/Versions/3.14/lib/python3.14/importlib/__init__.py", line 88, in import_module
    return _bootstrap._gcd_import(name[level:], package, level)
           ~~~~~~~~~~~~~~~~~~~~~~^^^^^^^^^^^^^^^^^^^^^^^^^^^^^^
  File "<frozen importlib._bootstrap>", line 1398, in _gcd_import
  File "<frozen importlib._bootstrap>", line 1371, in _find_and_load
  File "<frozen importlib._bootstrap>", line 1314, in _find_and_load_unlocked
  File "<frozen importlib._bootstrap>", line 491, in _call_with_frames_removed
  File "<frozen importlib._bootstrap>", line 1398, in _gcd_import
  File "<frozen importlib._bootstrap>", line 1371, in _find_and_load
  File "<frozen importlib._bootstrap>", line 1335, in _find_and_load_unlocked
ModuleNotFoundError: No module named 'whitenoise'

======================================================================
ERROR: test_invited_registration_cannot_change_invitation_email (accounts.tests.test_authentication.RegistrationTests.test_invited_registration_cannot_change_invitation_email)
----------------------------------------------------------------------
Traceback (most recent call last):
  File "/Users/colinkeogh/Desktop/ConnectCRM1.1/accounts/tests/test_authentication.py", line 90, in test_invited_registration_cannot_change_invitation_email
    response = self.client.post(
        reverse("accounts:register"),
    ...<6 lines>...
        },
    )
  File "/Users/colinkeogh/Desktop/ConnectCRM1.1/venv/lib/python3.14/site-packages/django/test/client.py", line 1157, in post
    response = super().post(
        path,
    ...<5 lines>...
        **extra,
    )
  File "/Users/colinkeogh/Desktop/ConnectCRM1.1/venv/lib/python3.14/site-packages/django/test/client.py", line 499, in post
    return self.generic(
           ~~~~~~~~~~~~^
        "POST",
        ^^^^^^^
    ...<6 lines>...
        **extra,
        ^^^^^^^^
    )
    ^
  File "/Users/colinkeogh/Desktop/ConnectCRM1.1/venv/lib/python3.14/site-packages/django/test/client.py", line 671, in generic
    return self.request(**r)
           ~~~~~~~~~~~~^^^^^
  File "/Users/colinkeogh/Desktop/ConnectCRM1.1/venv/lib/python3.14/site-packages/django/test/client.py", line 1086, in request
    response = self.handler(environ)
  File "/Users/colinkeogh/Desktop/ConnectCRM1.1/venv/lib/python3.14/site-packages/django/test/client.py", line 173, in __call__
    self.load_middleware()
    ~~~~~~~~~~~~~~~~~~~~^^
  File "/Users/colinkeogh/Desktop/ConnectCRM1.1/venv/lib/python3.14/site-packages/django/core/handlers/base.py", line 42, in load_middleware
    middleware = import_string(middleware_path)
  File "/Users/colinkeogh/Desktop/ConnectCRM1.1/venv/lib/python3.14/site-packages/django/utils/module_loading.py", line 30, in import_string
    return cached_import(module_path, class_name)
  File "/Users/colinkeogh/Desktop/ConnectCRM1.1/venv/lib/python3.14/site-packages/django/utils/module_loading.py", line 15, in cached_import
    module = import_module(module_path)
  File "/Library/Frameworks/Python.framework/Versions/3.14/lib/python3.14/importlib/__init__.py", line 88, in import_module
    return _bootstrap._gcd_import(name[level:], package, level)
           ~~~~~~~~~~~~~~~~~~~~~~^^^^^^^^^^^^^^^^^^^^^^^^^^^^^^
  File "<frozen importlib._bootstrap>", line 1398, in _gcd_import
  File "<frozen importlib._bootstrap>", line 1371, in _find_and_load
  File "<frozen importlib._bootstrap>", line 1314, in _find_and_load_unlocked
  File "<frozen importlib._bootstrap>", line 491, in _call_with_frames_removed
  File "<frozen importlib._bootstrap>", line 1398, in _gcd_import
  File "<frozen importlib._bootstrap>", line 1371, in _find_and_load
  File "<frozen importlib._bootstrap>", line 1335, in _find_and_load_unlocked
ModuleNotFoundError: No module named 'whitenoise'

======================================================================
ERROR: test_invited_registration_creates_membership_and_accepts_invitation (accounts.tests.test_authentication.RegistrationTests.test_invited_registration_creates_membership_and_accepts_invitation)
----------------------------------------------------------------------
Traceback (most recent call last):
  File "/Users/colinkeogh/Desktop/ConnectCRM1.1/accounts/tests/test_authentication.py", line 54, in test_invited_registration_creates_membership_and_accepts_invitation
    response = self.client.post(
        reverse("accounts:register") + "?invitation=registration-token",
    ...<6 lines>...
        },
    )
  File "/Users/colinkeogh/Desktop/ConnectCRM1.1/venv/lib/python3.14/site-packages/django/test/client.py", line 1157, in post
    response = super().post(
        path,
    ...<5 lines>...
        **extra,
    )
  File "/Users/colinkeogh/Desktop/ConnectCRM1.1/venv/lib/python3.14/site-packages/django/test/client.py", line 499, in post
    return self.generic(
           ~~~~~~~~~~~~^
        "POST",
        ^^^^^^^
    ...<6 lines>...
        **extra,
        ^^^^^^^^
    )
    ^
  File "/Users/colinkeogh/Desktop/ConnectCRM1.1/venv/lib/python3.14/site-packages/django/test/client.py", line 671, in generic
    return self.request(**r)
           ~~~~~~~~~~~~^^^^^
  File "/Users/colinkeogh/Desktop/ConnectCRM1.1/venv/lib/python3.14/site-packages/django/test/client.py", line 1086, in request
    response = self.handler(environ)
  File "/Users/colinkeogh/Desktop/ConnectCRM1.1/venv/lib/python3.14/site-packages/django/test/client.py", line 173, in __call__
    self.load_middleware()
    ~~~~~~~~~~~~~~~~~~~~^^
  File "/Users/colinkeogh/Desktop/ConnectCRM1.1/venv/lib/python3.14/site-packages/django/core/handlers/base.py", line 42, in load_middleware
    middleware = import_string(middleware_path)
  File "/Users/colinkeogh/Desktop/ConnectCRM1.1/venv/lib/python3.14/site-packages/django/utils/module_loading.py", line 30, in import_string
    return cached_import(module_path, class_name)
  File "/Users/colinkeogh/Desktop/ConnectCRM1.1/venv/lib/python3.14/site-packages/django/utils/module_loading.py", line 15, in cached_import
    module = import_module(module_path)
  File "/Library/Frameworks/Python.framework/Versions/3.14/lib/python3.14/importlib/__init__.py", line 88, in import_module
    return _bootstrap._gcd_import(name[level:], package, level)
           ~~~~~~~~~~~~~~~~~~~~~~^^^^^^^^^^^^^^^^^^^^^^^^^^^^^^
  File "<frozen importlib._bootstrap>", line 1398, in _gcd_import
  File "<frozen importlib._bootstrap>", line 1371, in _find_and_load
  File "<frozen importlib._bootstrap>", line 1314, in _find_and_load_unlocked
  File "<frozen importlib._bootstrap>", line 491, in _call_with_frames_removed
  File "<frozen importlib._bootstrap>", line 1398, in _gcd_import
  File "<frozen importlib._bootstrap>", line 1371, in _find_and_load
  File "<frozen importlib._bootstrap>", line 1335, in _find_and_load_unlocked
ModuleNotFoundError: No module named 'whitenoise'

======================================================================
ERROR: test_registration_creates_business_membership_and_login (accounts.tests.test_authentication.RegistrationTests.test_registration_creates_business_membership_and_login)
----------------------------------------------------------------------
Traceback (most recent call last):
  File "/Users/colinkeogh/Desktop/ConnectCRM1.1/accounts/tests/test_authentication.py", line 17, in test_registration_creates_business_membership_and_login
    response = self.client.post(
        reverse("accounts:register"),
    ...<5 lines>...
        },
    )
  File "/Users/colinkeogh/Desktop/ConnectCRM1.1/venv/lib/python3.14/site-packages/django/test/client.py", line 1157, in post
    response = super().post(
        path,
    ...<5 lines>...
        **extra,
    )
  File "/Users/colinkeogh/Desktop/ConnectCRM1.1/venv/lib/python3.14/site-packages/django/test/client.py", line 499, in post
    return self.generic(
           ~~~~~~~~~~~~^
        "POST",
        ^^^^^^^
    ...<6 lines>...
        **extra,
        ^^^^^^^^
    )
    ^
  File "/Users/colinkeogh/Desktop/ConnectCRM1.1/venv/lib/python3.14/site-packages/django/test/client.py", line 671, in generic
    return self.request(**r)
           ~~~~~~~~~~~~^^^^^
  File "/Users/colinkeogh/Desktop/ConnectCRM1.1/venv/lib/python3.14/site-packages/django/test/client.py", line 1086, in request
    response = self.handler(environ)
  File "/Users/colinkeogh/Desktop/ConnectCRM1.1/venv/lib/python3.14/site-packages/django/test/client.py", line 173, in __call__
    self.load_middleware()
    ~~~~~~~~~~~~~~~~~~~~^^
  File "/Users/colinkeogh/Desktop/ConnectCRM1.1/venv/lib/python3.14/site-packages/django/core/handlers/base.py", line 42, in load_middleware
    middleware = import_string(middleware_path)
  File "/Users/colinkeogh/Desktop/ConnectCRM1.1/venv/lib/python3.14/site-packages/django/utils/module_loading.py", line 30, in import_string
    return cached_import(module_path, class_name)
  File "/Users/colinkeogh/Desktop/ConnectCRM1.1/venv/lib/python3.14/site-packages/django/utils/module_loading.py", line 15, in cached_import
    module = import_module(module_path)
  File "/Library/Frameworks/Python.framework/Versions/3.14/lib/python3.14/importlib/__init__.py", line 88, in import_module
    return _bootstrap._gcd_import(name[level:], package, level)
           ~~~~~~~~~~~~~~~~~~~~~~^^^^^^^^^^^^^^^^^^^^^^^^^^^^^^
  File "<frozen importlib._bootstrap>", line 1398, in _gcd_import
  File "<frozen importlib._bootstrap>", line 1371, in _find_and_load
  File "<frozen importlib._bootstrap>", line 1314, in _find_and_load_unlocked
  File "<frozen importlib._bootstrap>", line 491, in _call_with_frames_removed
  File "<frozen importlib._bootstrap>", line 1398, in _gcd_import
  File "<frozen importlib._bootstrap>", line 1371, in _find_and_load
  File "<frozen importlib._bootstrap>", line 1335, in _find_and_load_unlocked
ModuleNotFoundError: No module named 'whitenoise'

======================================================================
ERROR: test_profile_requires_login (accounts.tests.test_profile.ProfileTests.test_profile_requires_login)
----------------------------------------------------------------------
Traceback (most recent call last):
  File "/Users/colinkeogh/Desktop/ConnectCRM1.1/accounts/tests/test_profile.py", line 23, in test_profile_requires_login
    response = self.client.get(reverse("accounts:profile"))
  File "/Users/colinkeogh/Desktop/ConnectCRM1.1/venv/lib/python3.14/site-packages/django/test/client.py", line 1128, in get
    response = super().get(
        path,
    ...<4 lines>...
        **extra,
    )
  File "/Users/colinkeogh/Desktop/ConnectCRM1.1/venv/lib/python3.14/site-packages/django/test/client.py", line 475, in get
    return self.generic(
           ~~~~~~~~~~~~^
        "GET",
        ^^^^^^
    ...<4 lines>...
        **extra,
        ^^^^^^^^
    )
    ^
  File "/Users/colinkeogh/Desktop/ConnectCRM1.1/venv/lib/python3.14/site-packages/django/test/client.py", line 671, in generic
    return self.request(**r)
           ~~~~~~~~~~~~^^^^^
  File "/Users/colinkeogh/Desktop/ConnectCRM1.1/venv/lib/python3.14/site-packages/django/test/client.py", line 1086, in request
    response = self.handler(environ)
  File "/Users/colinkeogh/Desktop/ConnectCRM1.1/venv/lib/python3.14/site-packages/django/test/client.py", line 173, in __call__
    self.load_middleware()
    ~~~~~~~~~~~~~~~~~~~~^^
  File "/Users/colinkeogh/Desktop/ConnectCRM1.1/venv/lib/python3.14/site-packages/django/core/handlers/base.py", line 42, in load_middleware
    middleware = import_string(middleware_path)
  File "/Users/colinkeogh/Desktop/ConnectCRM1.1/venv/lib/python3.14/site-packages/django/utils/module_loading.py", line 30, in import_string
    return cached_import(module_path, class_name)
  File "/Users/colinkeogh/Desktop/ConnectCRM1.1/venv/lib/python3.14/site-packages/django/utils/module_loading.py", line 15, in cached_import
    module = import_module(module_path)
  File "/Library/Frameworks/Python.framework/Versions/3.14/lib/python3.14/importlib/__init__.py", line 88, in import_module
    return _bootstrap._gcd_import(name[level:], package, level)
           ~~~~~~~~~~~~~~~~~~~~~~^^^^^^^^^^^^^^^^^^^^^^^^^^^^^^
  File "<frozen importlib._bootstrap>", line 1398, in _gcd_import
  File "<frozen importlib._bootstrap>", line 1371, in _find_and_load
  File "<frozen importlib._bootstrap>", line 1314, in _find_and_load_unlocked
  File "<frozen importlib._bootstrap>", line 491, in _call_with_frames_removed
  File "<frozen importlib._bootstrap>", line 1398, in _gcd_import
  File "<frozen importlib._bootstrap>", line 1371, in _find_and_load
  File "<frozen importlib._bootstrap>", line 1335, in _find_and_load_unlocked
ModuleNotFoundError: No module named 'whitenoise'

======================================================================
ERROR: test_profile_shows_account_and_membership (accounts.tests.test_profile.ProfileTests.test_profile_shows_account_and_membership)
----------------------------------------------------------------------
Traceback (most recent call last):
  File "/Users/colinkeogh/Desktop/ConnectCRM1.1/accounts/tests/test_profile.py", line 31, in test_profile_shows_account_and_membership
    response = self.client.get(reverse("accounts:profile"))
  File "/Users/colinkeogh/Desktop/ConnectCRM1.1/venv/lib/python3.14/site-packages/django/test/client.py", line 1128, in get
    response = super().get(
        path,
    ...<4 lines>...
        **extra,
    )
  File "/Users/colinkeogh/Desktop/ConnectCRM1.1/venv/lib/python3.14/site-packages/django/test/client.py", line 475, in get
    return self.generic(
           ~~~~~~~~~~~~^
        "GET",
        ^^^^^^
    ...<4 lines>...
        **extra,
        ^^^^^^^^
    )
    ^
  File "/Users/colinkeogh/Desktop/ConnectCRM1.1/venv/lib/python3.14/site-packages/django/test/client.py", line 671, in generic
    return self.request(**r)
           ~~~~~~~~~~~~^^^^^
  File "/Users/colinkeogh/Desktop/ConnectCRM1.1/venv/lib/python3.14/site-packages/django/test/client.py", line 1086, in request
    response = self.handler(environ)
  File "/Users/colinkeogh/Desktop/ConnectCRM1.1/venv/lib/python3.14/site-packages/django/test/client.py", line 173, in __call__
    self.load_middleware()
    ~~~~~~~~~~~~~~~~~~~~^^
  File "/Users/colinkeogh/Desktop/ConnectCRM1.1/venv/lib/python3.14/site-packages/django/core/handlers/base.py", line 42, in load_middleware
    middleware = import_string(middleware_path)
  File "/Users/colinkeogh/Desktop/ConnectCRM1.1/venv/lib/python3.14/site-packages/django/utils/module_loading.py", line 30, in import_string
    return cached_import(module_path, class_name)
  File "/Users/colinkeogh/Desktop/ConnectCRM1.1/venv/lib/python3.14/site-packages/django/utils/module_loading.py", line 15, in cached_import
    module = import_module(module_path)
  File "/Library/Frameworks/Python.framework/Versions/3.14/lib/python3.14/importlib/__init__.py", line 88, in import_module
    return _bootstrap._gcd_import(name[level:], package, level)
           ~~~~~~~~~~~~~~~~~~~~~~^^^^^^^^^^^^^^^^^^^^^^^^^^^^^^
  File "<frozen importlib._bootstrap>", line 1398, in _gcd_import
  File "<frozen importlib._bootstrap>", line 1371, in _find_and_load
  File "<frozen importlib._bootstrap>", line 1314, in _find_and_load_unlocked
  File "<frozen importlib._bootstrap>", line 491, in _call_with_frames_removed
  File "<frozen importlib._bootstrap>", line 1398, in _gcd_import
  File "<frozen importlib._bootstrap>", line 1371, in _find_and_load
  File "<frozen importlib._bootstrap>", line 1335, in _find_and_load_unlocked
ModuleNotFoundError: No module named 'whitenoise'

======================================================================
ERROR: test_dashboard_requires_authentication (core.tests.test_core.CoreViewTests.test_dashboard_requires_authentication)
----------------------------------------------------------------------
Traceback (most recent call last):
  File "/Users/colinkeogh/Desktop/ConnectCRM1.1/core/tests/test_core.py", line 30, in test_dashboard_requires_authentication
    response = self.client.get(reverse("core:dashboard"))
  File "/Users/colinkeogh/Desktop/ConnectCRM1.1/venv/lib/python3.14/site-packages/django/test/client.py", line 1128, in get
    response = super().get(
        path,
    ...<4 lines>...
        **extra,
    )
  File "/Users/colinkeogh/Desktop/ConnectCRM1.1/venv/lib/python3.14/site-packages/django/test/client.py", line 475, in get
    return self.generic(
           ~~~~~~~~~~~~^
        "GET",
        ^^^^^^
    ...<4 lines>...
        **extra,
        ^^^^^^^^
    )
    ^
  File "/Users/colinkeogh/Desktop/ConnectCRM1.1/venv/lib/python3.14/site-packages/django/test/client.py", line 671, in generic
    return self.request(**r)
           ~~~~~~~~~~~~^^^^^
  File "/Users/colinkeogh/Desktop/ConnectCRM1.1/venv/lib/python3.14/site-packages/django/test/client.py", line 1086, in request
    response = self.handler(environ)
  File "/Users/colinkeogh/Desktop/ConnectCRM1.1/venv/lib/python3.14/site-packages/django/test/client.py", line 173, in __call__
    self.load_middleware()
    ~~~~~~~~~~~~~~~~~~~~^^
  File "/Users/colinkeogh/Desktop/ConnectCRM1.1/venv/lib/python3.14/site-packages/django/core/handlers/base.py", line 42, in load_middleware
    middleware = import_string(middleware_path)
  File "/Users/colinkeogh/Desktop/ConnectCRM1.1/venv/lib/python3.14/site-packages/django/utils/module_loading.py", line 30, in import_string
    return cached_import(module_path, class_name)
  File "/Users/colinkeogh/Desktop/ConnectCRM1.1/venv/lib/python3.14/site-packages/django/utils/module_loading.py", line 15, in cached_import
    module = import_module(module_path)
  File "/Library/Frameworks/Python.framework/Versions/3.14/lib/python3.14/importlib/__init__.py", line 88, in import_module
    return _bootstrap._gcd_import(name[level:], package, level)
           ~~~~~~~~~~~~~~~~~~~~~~^^^^^^^^^^^^^^^^^^^^^^^^^^^^^^
  File "<frozen importlib._bootstrap>", line 1398, in _gcd_import
  File "<frozen importlib._bootstrap>", line 1371, in _find_and_load
  File "<frozen importlib._bootstrap>", line 1314, in _find_and_load_unlocked
  File "<frozen importlib._bootstrap>", line 491, in _call_with_frames_removed
  File "<frozen importlib._bootstrap>", line 1398, in _gcd_import
  File "<frozen importlib._bootstrap>", line 1371, in _find_and_load
  File "<frozen importlib._bootstrap>", line 1335, in _find_and_load_unlocked
ModuleNotFoundError: No module named 'whitenoise'

======================================================================
ERROR: test_help_is_available_to_authenticated_user (core.tests.test_core.CoreViewTests.test_help_is_available_to_authenticated_user)
----------------------------------------------------------------------
Traceback (most recent call last):
  File "/Users/colinkeogh/Desktop/ConnectCRM1.1/core/tests/test_core.py", line 45, in test_help_is_available_to_authenticated_user
    response = self.client.get(reverse("core:help"))
  File "/Users/colinkeogh/Desktop/ConnectCRM1.1/venv/lib/python3.14/site-packages/django/test/client.py", line 1128, in get
    response = super().get(
        path,
    ...<4 lines>...
        **extra,
    )
  File "/Users/colinkeogh/Desktop/ConnectCRM1.1/venv/lib/python3.14/site-packages/django/test/client.py", line 475, in get
    return self.generic(
           ~~~~~~~~~~~~^
        "GET",
        ^^^^^^
    ...<4 lines>...
        **extra,
        ^^^^^^^^
    )
    ^
  File "/Users/colinkeogh/Desktop/ConnectCRM1.1/venv/lib/python3.14/site-packages/django/test/client.py", line 671, in generic
    return self.request(**r)
           ~~~~~~~~~~~~^^^^^
  File "/Users/colinkeogh/Desktop/ConnectCRM1.1/venv/lib/python3.14/site-packages/django/test/client.py", line 1086, in request
    response = self.handler(environ)
  File "/Users/colinkeogh/Desktop/ConnectCRM1.1/venv/lib/python3.14/site-packages/django/test/client.py", line 173, in __call__
    self.load_middleware()
    ~~~~~~~~~~~~~~~~~~~~^^
  File "/Users/colinkeogh/Desktop/ConnectCRM1.1/venv/lib/python3.14/site-packages/django/core/handlers/base.py", line 42, in load_middleware
    middleware = import_string(middleware_path)
  File "/Users/colinkeogh/Desktop/ConnectCRM1.1/venv/lib/python3.14/site-packages/django/utils/module_loading.py", line 30, in import_string
    return cached_import(module_path, class_name)
  File "/Users/colinkeogh/Desktop/ConnectCRM1.1/venv/lib/python3.14/site-packages/django/utils/module_loading.py", line 15, in cached_import
    module = import_module(module_path)
  File "/Library/Frameworks/Python.framework/Versions/3.14/lib/python3.14/importlib/__init__.py", line 88, in import_module
    return _bootstrap._gcd_import(name[level:], package, level)
           ~~~~~~~~~~~~~~~~~~~~~~^^^^^^^^^^^^^^^^^^^^^^^^^^^^^^
  File "<frozen importlib._bootstrap>", line 1398, in _gcd_import
  File "<frozen importlib._bootstrap>", line 1371, in _find_and_load
  File "<frozen importlib._bootstrap>", line 1314, in _find_and_load_unlocked
  File "<frozen importlib._bootstrap>", line 491, in _call_with_frames_removed
  File "<frozen importlib._bootstrap>", line 1398, in _gcd_import
  File "<frozen importlib._bootstrap>", line 1371, in _find_and_load
  File "<frozen importlib._bootstrap>", line 1335, in _find_and_load_unlocked
ModuleNotFoundError: No module named 'whitenoise'

======================================================================
ERROR: test_help_requires_authentication (core.tests.test_core.CoreViewTests.test_help_requires_authentication)
----------------------------------------------------------------------
Traceback (most recent call last):
  File "/Users/colinkeogh/Desktop/ConnectCRM1.1/core/tests/test_core.py", line 37, in test_help_requires_authentication
    response = self.client.get(reverse("core:help"))
  File "/Users/colinkeogh/Desktop/ConnectCRM1.1/venv/lib/python3.14/site-packages/django/test/client.py", line 1128, in get
    response = super().get(
        path,
    ...<4 lines>...
        **extra,
    )
  File "/Users/colinkeogh/Desktop/ConnectCRM1.1/venv/lib/python3.14/site-packages/django/test/client.py", line 475, in get
    return self.generic(
           ~~~~~~~~~~~~^
        "GET",
        ^^^^^^
    ...<4 lines>...
        **extra,
        ^^^^^^^^
    )
    ^
  File "/Users/colinkeogh/Desktop/ConnectCRM1.1/venv/lib/python3.14/site-packages/django/test/client.py", line 671, in generic
    return self.request(**r)
           ~~~~~~~~~~~~^^^^^
  File "/Users/colinkeogh/Desktop/ConnectCRM1.1/venv/lib/python3.14/site-packages/django/test/client.py", line 1086, in request
    response = self.handler(environ)
  File "/Users/colinkeogh/Desktop/ConnectCRM1.1/venv/lib/python3.14/site-packages/django/test/client.py", line 173, in __call__
    self.load_middleware()
    ~~~~~~~~~~~~~~~~~~~~^^
  File "/Users/colinkeogh/Desktop/ConnectCRM1.1/venv/lib/python3.14/site-packages/django/core/handlers/base.py", line 42, in load_middleware
    middleware = import_string(middleware_path)
  File "/Users/colinkeogh/Desktop/ConnectCRM1.1/venv/lib/python3.14/site-packages/django/utils/module_loading.py", line 30, in import_string
    return cached_import(module_path, class_name)
  File "/Users/colinkeogh/Desktop/ConnectCRM1.1/venv/lib/python3.14/site-packages/django/utils/module_loading.py", line 15, in cached_import
    module = import_module(module_path)
  File "/Library/Frameworks/Python.framework/Versions/3.14/lib/python3.14/importlib/__init__.py", line 88, in import_module
    return _bootstrap._gcd_import(name[level:], package, level)
           ~~~~~~~~~~~~~~~~~~~~~~^^^^^^^^^^^^^^^^^^^^^^^^^^^^^^
  File "<frozen importlib._bootstrap>", line 1398, in _gcd_import
  File "<frozen importlib._bootstrap>", line 1371, in _find_and_load
  File "<frozen importlib._bootstrap>", line 1314, in _find_and_load_unlocked
  File "<frozen importlib._bootstrap>", line 491, in _call_with_frames_removed
  File "<frozen importlib._bootstrap>", line 1398, in _gcd_import
  File "<frozen importlib._bootstrap>", line 1371, in _find_and_load
  File "<frozen importlib._bootstrap>", line 1335, in _find_and_load_unlocked
ModuleNotFoundError: No module named 'whitenoise'

======================================================================
ERROR: test_home_is_public (core.tests.test_core.CoreViewTests.test_home_is_public)
----------------------------------------------------------------------
Traceback (most recent call last):
  File "/Users/colinkeogh/Desktop/ConnectCRM1.1/core/tests/test_core.py", line 26, in test_home_is_public
    response = self.client.get(reverse("core:home"))
  File "/Users/colinkeogh/Desktop/ConnectCRM1.1/venv/lib/python3.14/site-packages/django/test/client.py", line 1128, in get
    response = super().get(
        path,
    ...<4 lines>...
        **extra,
    )
  File "/Users/colinkeogh/Desktop/ConnectCRM1.1/venv/lib/python3.14/site-packages/django/test/client.py", line 475, in get
    return self.generic(
           ~~~~~~~~~~~~^
        "GET",
        ^^^^^^
    ...<4 lines>...
        **extra,
        ^^^^^^^^
    )
    ^
  File "/Users/colinkeogh/Desktop/ConnectCRM1.1/venv/lib/python3.14/site-packages/django/test/client.py", line 671, in generic
    return self.request(**r)
           ~~~~~~~~~~~~^^^^^
  File "/Users/colinkeogh/Desktop/ConnectCRM1.1/venv/lib/python3.14/site-packages/django/test/client.py", line 1086, in request
    response = self.handler(environ)
  File "/Users/colinkeogh/Desktop/ConnectCRM1.1/venv/lib/python3.14/site-packages/django/test/client.py", line 173, in __call__
    self.load_middleware()
    ~~~~~~~~~~~~~~~~~~~~^^
  File "/Users/colinkeogh/Desktop/ConnectCRM1.1/venv/lib/python3.14/site-packages/django/core/handlers/base.py", line 42, in load_middleware
    middleware = import_string(middleware_path)
  File "/Users/colinkeogh/Desktop/ConnectCRM1.1/venv/lib/python3.14/site-packages/django/utils/module_loading.py", line 30, in import_string
    return cached_import(module_path, class_name)
  File "/Users/colinkeogh/Desktop/ConnectCRM1.1/venv/lib/python3.14/site-packages/django/utils/module_loading.py", line 15, in cached_import
    module = import_module(module_path)
  File "/Library/Frameworks/Python.framework/Versions/3.14/lib/python3.14/importlib/__init__.py", line 88, in import_module
    return _bootstrap._gcd_import(name[level:], package, level)
           ~~~~~~~~~~~~~~~~~~~~~~^^^^^^^^^^^^^^^^^^^^^^^^^^^^^^
  File "<frozen importlib._bootstrap>", line 1398, in _gcd_import
  File "<frozen importlib._bootstrap>", line 1371, in _find_and_load
  File "<frozen importlib._bootstrap>", line 1314, in _find_and_load_unlocked
  File "<frozen importlib._bootstrap>", line 491, in _call_with_frames_removed
  File "<frozen importlib._bootstrap>", line 1398, in _gcd_import
  File "<frozen importlib._bootstrap>", line 1371, in _find_and_load
  File "<frozen importlib._bootstrap>", line 1335, in _find_and_load_unlocked
ModuleNotFoundError: No module named 'whitenoise'

======================================================================
ERROR: test_dashboard_shows_business_kpis (core.tests.test_dashboard.DashboardTests.test_dashboard_shows_business_kpis)
----------------------------------------------------------------------
Traceback (most recent call last):
  File "/Users/colinkeogh/Desktop/ConnectCRM1.1/core/tests/test_dashboard.py", line 57, in test_dashboard_shows_business_kpis
    response = self.client.get(reverse("core:dashboard"))
  File "/Users/colinkeogh/Desktop/ConnectCRM1.1/venv/lib/python3.14/site-packages/django/test/client.py", line 1128, in get
    response = super().get(
        path,
    ...<4 lines>...
        **extra,
    )
  File "/Users/colinkeogh/Desktop/ConnectCRM1.1/venv/lib/python3.14/site-packages/django/test/client.py", line 475, in get
    return self.generic(
           ~~~~~~~~~~~~^
        "GET",
        ^^^^^^
    ...<4 lines>...
        **extra,
        ^^^^^^^^
    )
    ^
  File "/Users/colinkeogh/Desktop/ConnectCRM1.1/venv/lib/python3.14/site-packages/django/test/client.py", line 671, in generic
    return self.request(**r)
           ~~~~~~~~~~~~^^^^^
  File "/Users/colinkeogh/Desktop/ConnectCRM1.1/venv/lib/python3.14/site-packages/django/test/client.py", line 1086, in request
    response = self.handler(environ)
  File "/Users/colinkeogh/Desktop/ConnectCRM1.1/venv/lib/python3.14/site-packages/django/test/client.py", line 173, in __call__
    self.load_middleware()
    ~~~~~~~~~~~~~~~~~~~~^^
  File "/Users/colinkeogh/Desktop/ConnectCRM1.1/venv/lib/python3.14/site-packages/django/core/handlers/base.py", line 42, in load_middleware
    middleware = import_string(middleware_path)
  File "/Users/colinkeogh/Desktop/ConnectCRM1.1/venv/lib/python3.14/site-packages/django/utils/module_loading.py", line 30, in import_string
    return cached_import(module_path, class_name)
  File "/Users/colinkeogh/Desktop/ConnectCRM1.1/venv/lib/python3.14/site-packages/django/utils/module_loading.py", line 15, in cached_import
    module = import_module(module_path)
  File "/Library/Frameworks/Python.framework/Versions/3.14/lib/python3.14/importlib/__init__.py", line 88, in import_module
    return _bootstrap._gcd_import(name[level:], package, level)
           ~~~~~~~~~~~~~~~~~~~~~~^^^^^^^^^^^^^^^^^^^^^^^^^^^^^^
  File "<frozen importlib._bootstrap>", line 1398, in _gcd_import
  File "<frozen importlib._bootstrap>", line 1371, in _find_and_load
  File "<frozen importlib._bootstrap>", line 1314, in _find_and_load_unlocked
  File "<frozen importlib._bootstrap>", line 491, in _call_with_frames_removed
  File "<frozen importlib._bootstrap>", line 1398, in _gcd_import
  File "<frozen importlib._bootstrap>", line 1371, in _find_and_load
  File "<frozen importlib._bootstrap>", line 1335, in _find_and_load_unlocked
ModuleNotFoundError: No module named 'whitenoise'

======================================================================
ERROR: test_company_create_edit_delete (crm.tests.test_crud.CRMCrudTests.test_company_create_edit_delete)
----------------------------------------------------------------------
Traceback (most recent call last):
  File "/Users/colinkeogh/Desktop/ConnectCRM1.1/crm/tests/test_crud.py", line 29, in test_company_create_edit_delete
    response = self.client.post(
        reverse("crm:company_create"),
    ...<6 lines>...
        },
    )
  File "/Users/colinkeogh/Desktop/ConnectCRM1.1/venv/lib/python3.14/site-packages/django/test/client.py", line 1157, in post
    response = super().post(
        path,
    ...<5 lines>...
        **extra,
    )
  File "/Users/colinkeogh/Desktop/ConnectCRM1.1/venv/lib/python3.14/site-packages/django/test/client.py", line 499, in post
    return self.generic(
           ~~~~~~~~~~~~^
        "POST",
        ^^^^^^^
    ...<6 lines>...
        **extra,
        ^^^^^^^^
    )
    ^
  File "/Users/colinkeogh/Desktop/ConnectCRM1.1/venv/lib/python3.14/site-packages/django/test/client.py", line 671, in generic
    return self.request(**r)
           ~~~~~~~~~~~~^^^^^
  File "/Users/colinkeogh/Desktop/ConnectCRM1.1/venv/lib/python3.14/site-packages/django/test/client.py", line 1086, in request
    response = self.handler(environ)
  File "/Users/colinkeogh/Desktop/ConnectCRM1.1/venv/lib/python3.14/site-packages/django/test/client.py", line 173, in __call__
    self.load_middleware()
    ~~~~~~~~~~~~~~~~~~~~^^
  File "/Users/colinkeogh/Desktop/ConnectCRM1.1/venv/lib/python3.14/site-packages/django/core/handlers/base.py", line 42, in load_middleware
    middleware = import_string(middleware_path)
  File "/Users/colinkeogh/Desktop/ConnectCRM1.1/venv/lib/python3.14/site-packages/django/utils/module_loading.py", line 30, in import_string
    return cached_import(module_path, class_name)
  File "/Users/colinkeogh/Desktop/ConnectCRM1.1/venv/lib/python3.14/site-packages/django/utils/module_loading.py", line 15, in cached_import
    module = import_module(module_path)
  File "/Library/Frameworks/Python.framework/Versions/3.14/lib/python3.14/importlib/__init__.py", line 88, in import_module
    return _bootstrap._gcd_import(name[level:], package, level)
           ~~~~~~~~~~~~~~~~~~~~~~^^^^^^^^^^^^^^^^^^^^^^^^^^^^^^
  File "<frozen importlib._bootstrap>", line 1398, in _gcd_import
  File "<frozen importlib._bootstrap>", line 1371, in _find_and_load
  File "<frozen importlib._bootstrap>", line 1314, in _find_and_load_unlocked
  File "<frozen importlib._bootstrap>", line 491, in _call_with_frames_removed
  File "<frozen importlib._bootstrap>", line 1398, in _gcd_import
  File "<frozen importlib._bootstrap>", line 1371, in _find_and_load
  File "<frozen importlib._bootstrap>", line 1335, in _find_and_load_unlocked
ModuleNotFoundError: No module named 'whitenoise'

======================================================================
ERROR: test_contact_create_edit_delete (crm.tests.test_crud.CRMCrudTests.test_contact_create_edit_delete)
----------------------------------------------------------------------
Traceback (most recent call last):
  File "/Users/colinkeogh/Desktop/ConnectCRM1.1/crm/tests/test_crud.py", line 73, in test_contact_create_edit_delete
    response = self.client.post(
        reverse("crm:contact_create"),
    ...<7 lines>...
        },
    )
  File "/Users/colinkeogh/Desktop/ConnectCRM1.1/venv/lib/python3.14/site-packages/django/test/client.py", line 1157, in post
    response = super().post(
        path,
    ...<5 lines>...
        **extra,
    )
  File "/Users/colinkeogh/Desktop/ConnectCRM1.1/venv/lib/python3.14/site-packages/django/test/client.py", line 499, in post
    return self.generic(
           ~~~~~~~~~~~~^
        "POST",
        ^^^^^^^
    ...<6 lines>...
        **extra,
        ^^^^^^^^
    )
    ^
  File "/Users/colinkeogh/Desktop/ConnectCRM1.1/venv/lib/python3.14/site-packages/django/test/client.py", line 671, in generic
    return self.request(**r)
           ~~~~~~~~~~~~^^^^^
  File "/Users/colinkeogh/Desktop/ConnectCRM1.1/venv/lib/python3.14/site-packages/django/test/client.py", line 1086, in request
    response = self.handler(environ)
  File "/Users/colinkeogh/Desktop/ConnectCRM1.1/venv/lib/python3.14/site-packages/django/test/client.py", line 173, in __call__
    self.load_middleware()
    ~~~~~~~~~~~~~~~~~~~~^^
  File "/Users/colinkeogh/Desktop/ConnectCRM1.1/venv/lib/python3.14/site-packages/django/core/handlers/base.py", line 42, in load_middleware
    middleware = import_string(middleware_path)
  File "/Users/colinkeogh/Desktop/ConnectCRM1.1/venv/lib/python3.14/site-packages/django/utils/module_loading.py", line 30, in import_string
    return cached_import(module_path, class_name)
  File "/Users/colinkeogh/Desktop/ConnectCRM1.1/venv/lib/python3.14/site-packages/django/utils/module_loading.py", line 15, in cached_import
    module = import_module(module_path)
  File "/Library/Frameworks/Python.framework/Versions/3.14/lib/python3.14/importlib/__init__.py", line 88, in import_module
    return _bootstrap._gcd_import(name[level:], package, level)
           ~~~~~~~~~~~~~~~~~~~~~~^^^^^^^^^^^^^^^^^^^^^^^^^^^^^^
  File "<frozen importlib._bootstrap>", line 1398, in _gcd_import
  File "<frozen importlib._bootstrap>", line 1371, in _find_and_load
  File "<frozen importlib._bootstrap>", line 1314, in _find_and_load_unlocked
  File "<frozen importlib._bootstrap>", line 491, in _call_with_frames_removed
  File "<frozen importlib._bootstrap>", line 1398, in _gcd_import
  File "<frozen importlib._bootstrap>", line 1371, in _find_and_load
  File "<frozen importlib._bootstrap>", line 1335, in _find_and_load_unlocked
ModuleNotFoundError: No module named 'whitenoise'

======================================================================
ERROR: test_deal_create_edit_delete (crm.tests.test_crud.CRMCrudTests.test_deal_create_edit_delete)
----------------------------------------------------------------------
Traceback (most recent call last):
  File "/Users/colinkeogh/Desktop/ConnectCRM1.1/crm/tests/test_crud.py", line 123, in test_deal_create_edit_delete
    response = self.client.post(
        reverse("crm:deal_create"),
    ...<6 lines>...
        },
    )
  File "/Users/colinkeogh/Desktop/ConnectCRM1.1/venv/lib/python3.14/site-packages/django/test/client.py", line 1157, in post
    response = super().post(
        path,
    ...<5 lines>...
        **extra,
    )
  File "/Users/colinkeogh/Desktop/ConnectCRM1.1/venv/lib/python3.14/site-packages/django/test/client.py", line 499, in post
    return self.generic(
           ~~~~~~~~~~~~^
        "POST",
        ^^^^^^^
    ...<6 lines>...
        **extra,
        ^^^^^^^^
    )
    ^
  File "/Users/colinkeogh/Desktop/ConnectCRM1.1/venv/lib/python3.14/site-packages/django/test/client.py", line 671, in generic
    return self.request(**r)
           ~~~~~~~~~~~~^^^^^
  File "/Users/colinkeogh/Desktop/ConnectCRM1.1/venv/lib/python3.14/site-packages/django/test/client.py", line 1086, in request
    response = self.handler(environ)
  File "/Users/colinkeogh/Desktop/ConnectCRM1.1/venv/lib/python3.14/site-packages/django/test/client.py", line 173, in __call__
    self.load_middleware()
    ~~~~~~~~~~~~~~~~~~~~^^
  File "/Users/colinkeogh/Desktop/ConnectCRM1.1/venv/lib/python3.14/site-packages/django/core/handlers/base.py", line 42, in load_middleware
    middleware = import_string(middleware_path)
  File "/Users/colinkeogh/Desktop/ConnectCRM1.1/venv/lib/python3.14/site-packages/django/utils/module_loading.py", line 30, in import_string
    return cached_import(module_path, class_name)
  File "/Users/colinkeogh/Desktop/ConnectCRM1.1/venv/lib/python3.14/site-packages/django/utils/module_loading.py", line 15, in cached_import
    module = import_module(module_path)
  File "/Library/Frameworks/Python.framework/Versions/3.14/lib/python3.14/importlib/__init__.py", line 88, in import_module
    return _bootstrap._gcd_import(name[level:], package, level)
           ~~~~~~~~~~~~~~~~~~~~~~^^^^^^^^^^^^^^^^^^^^^^^^^^^^^^
  File "<frozen importlib._bootstrap>", line 1398, in _gcd_import
  File "<frozen importlib._bootstrap>", line 1371, in _find_and_load
  File "<frozen importlib._bootstrap>", line 1314, in _find_and_load_unlocked
  File "<frozen importlib._bootstrap>", line 491, in _call_with_frames_removed
  File "<frozen importlib._bootstrap>", line 1398, in _gcd_import
  File "<frozen importlib._bootstrap>", line 1371, in _find_and_load
  File "<frozen importlib._bootstrap>", line 1335, in _find_and_load_unlocked
ModuleNotFoundError: No module named 'whitenoise'

======================================================================
ERROR: test_task_create_edit_delete (crm.tests.test_crud.CRMCrudTests.test_task_create_edit_delete)
----------------------------------------------------------------------
Traceback (most recent call last):
  File "/Users/colinkeogh/Desktop/ConnectCRM1.1/crm/tests/test_crud.py", line 179, in test_task_create_edit_delete
    response = self.client.post(
        reverse("crm:task_create"),
    ...<9 lines>...
        },
    )
  File "/Users/colinkeogh/Desktop/ConnectCRM1.1/venv/lib/python3.14/site-packages/django/test/client.py", line 1157, in post
    response = super().post(
        path,
    ...<5 lines>...
        **extra,
    )
  File "/Users/colinkeogh/Desktop/ConnectCRM1.1/venv/lib/python3.14/site-packages/django/test/client.py", line 499, in post
    return self.generic(
           ~~~~~~~~~~~~^
        "POST",
        ^^^^^^^
    ...<6 lines>...
        **extra,
        ^^^^^^^^
    )
    ^
  File "/Users/colinkeogh/Desktop/ConnectCRM1.1/venv/lib/python3.14/site-packages/django/test/client.py", line 671, in generic
    return self.request(**r)
           ~~~~~~~~~~~~^^^^^
  File "/Users/colinkeogh/Desktop/ConnectCRM1.1/venv/lib/python3.14/site-packages/django/test/client.py", line 1086, in request
    response = self.handler(environ)
  File "/Users/colinkeogh/Desktop/ConnectCRM1.1/venv/lib/python3.14/site-packages/django/test/client.py", line 173, in __call__
    self.load_middleware()
    ~~~~~~~~~~~~~~~~~~~~^^
  File "/Users/colinkeogh/Desktop/ConnectCRM1.1/venv/lib/python3.14/site-packages/django/core/handlers/base.py", line 42, in load_middleware
    middleware = import_string(middleware_path)
  File "/Users/colinkeogh/Desktop/ConnectCRM1.1/venv/lib/python3.14/site-packages/django/utils/module_loading.py", line 30, in import_string
    return cached_import(module_path, class_name)
  File "/Users/colinkeogh/Desktop/ConnectCRM1.1/venv/lib/python3.14/site-packages/django/utils/module_loading.py", line 15, in cached_import
    module = import_module(module_path)
  File "/Library/Frameworks/Python.framework/Versions/3.14/lib/python3.14/importlib/__init__.py", line 88, in import_module
    return _bootstrap._gcd_import(name[level:], package, level)
           ~~~~~~~~~~~~~~~~~~~~~~^^^^^^^^^^^^^^^^^^^^^^^^^^^^^^
  File "<frozen importlib._bootstrap>", line 1398, in _gcd_import
  File "<frozen importlib._bootstrap>", line 1371, in _find_and_load
  File "<frozen importlib._bootstrap>", line 1314, in _find_and_load_unlocked
  File "<frozen importlib._bootstrap>", line 491, in _call_with_frames_removed
  File "<frozen importlib._bootstrap>", line 1398, in _gcd_import
  File "<frozen importlib._bootstrap>", line 1371, in _find_and_load
  File "<frozen importlib._bootstrap>", line 1335, in _find_and_load_unlocked
ModuleNotFoundError: No module named 'whitenoise'

======================================================================
ERROR: test_admin_can_assign_deal_to_a_team_member (crm.tests.test_deal_ownership.DealOwnershipTests.test_admin_can_assign_deal_to_a_team_member)
----------------------------------------------------------------------
Traceback (most recent call last):
  File "/Users/colinkeogh/Desktop/ConnectCRM1.1/crm/tests/test_deal_ownership.py", line 88, in test_admin_can_assign_deal_to_a_team_member
    self.client.post(
    ~~~~~~~~~~~~~~~~^
        reverse("crm:deal_edit", args=[self.unassigned.id]),
        ^^^^^^^^^^^^^^^^^^^^^^^^^^^^^^^^^^^^^^^^^^^^^^^^^^^^
        {"title": "Unassigned Deal", "value": 500, "stage": Deal.LEAD, "owner": self.rep_b.id},
        ^^^^^^^^^^^^^^^^^^^^^^^^^^^^^^^^^^^^^^^^^^^^^^^^^^^^^^^^^^^^^^^^^^^^^^^^^^^^^^^^^^^^^^^
    )
    ^
  File "/Users/colinkeogh/Desktop/ConnectCRM1.1/venv/lib/python3.14/site-packages/django/test/client.py", line 1157, in post
    response = super().post(
        path,
    ...<5 lines>...
        **extra,
    )
  File "/Users/colinkeogh/Desktop/ConnectCRM1.1/venv/lib/python3.14/site-packages/django/test/client.py", line 499, in post
    return self.generic(
           ~~~~~~~~~~~~^
        "POST",
        ^^^^^^^
    ...<6 lines>...
        **extra,
        ^^^^^^^^
    )
    ^
  File "/Users/colinkeogh/Desktop/ConnectCRM1.1/venv/lib/python3.14/site-packages/django/test/client.py", line 671, in generic
    return self.request(**r)
           ~~~~~~~~~~~~^^^^^
  File "/Users/colinkeogh/Desktop/ConnectCRM1.1/venv/lib/python3.14/site-packages/django/test/client.py", line 1086, in request
    response = self.handler(environ)
  File "/Users/colinkeogh/Desktop/ConnectCRM1.1/venv/lib/python3.14/site-packages/django/test/client.py", line 173, in __call__
    self.load_middleware()
    ~~~~~~~~~~~~~~~~~~~~^^
  File "/Users/colinkeogh/Desktop/ConnectCRM1.1/venv/lib/python3.14/site-packages/django/core/handlers/base.py", line 42, in load_middleware
    middleware = import_string(middleware_path)
  File "/Users/colinkeogh/Desktop/ConnectCRM1.1/venv/lib/python3.14/site-packages/django/utils/module_loading.py", line 30, in import_string
    return cached_import(module_path, class_name)
  File "/Users/colinkeogh/Desktop/ConnectCRM1.1/venv/lib/python3.14/site-packages/django/utils/module_loading.py", line 15, in cached_import
    module = import_module(module_path)
  File "/Library/Frameworks/Python.framework/Versions/3.14/lib/python3.14/importlib/__init__.py", line 88, in import_module
    return _bootstrap._gcd_import(name[level:], package, level)
           ~~~~~~~~~~~~~~~~~~~~~~^^^^^^^^^^^^^^^^^^^^^^^^^^^^^^
  File "<frozen importlib._bootstrap>", line 1398, in _gcd_import
  File "<frozen importlib._bootstrap>", line 1371, in _find_and_load
  File "<frozen importlib._bootstrap>", line 1314, in _find_and_load_unlocked
  File "<frozen importlib._bootstrap>", line 491, in _call_with_frames_removed
  File "<frozen importlib._bootstrap>", line 1398, in _gcd_import
  File "<frozen importlib._bootstrap>", line 1371, in _find_and_load
  File "<frozen importlib._bootstrap>", line 1335, in _find_and_load_unlocked
ModuleNotFoundError: No module named 'whitenoise'

======================================================================
ERROR: test_admin_can_filter_to_one_team_members_deals (crm.tests.test_deal_ownership.DealOwnershipTests.test_admin_can_filter_to_one_team_members_deals)
----------------------------------------------------------------------
Traceback (most recent call last):
  File "/Users/colinkeogh/Desktop/ConnectCRM1.1/crm/tests/test_deal_ownership.py", line 41, in test_admin_can_filter_to_one_team_members_deals
    response = self.client.get(reverse("crm:deal_list"), {"owner": self.rep_b.id})
  File "/Users/colinkeogh/Desktop/ConnectCRM1.1/venv/lib/python3.14/site-packages/django/test/client.py", line 1128, in get
    response = super().get(
        path,
    ...<4 lines>...
        **extra,
    )
  File "/Users/colinkeogh/Desktop/ConnectCRM1.1/venv/lib/python3.14/site-packages/django/test/client.py", line 475, in get
    return self.generic(
           ~~~~~~~~~~~~^
        "GET",
        ^^^^^^
    ...<4 lines>...
        **extra,
        ^^^^^^^^
    )
    ^
  File "/Users/colinkeogh/Desktop/ConnectCRM1.1/venv/lib/python3.14/site-packages/django/test/client.py", line 671, in generic
    return self.request(**r)
           ~~~~~~~~~~~~^^^^^
  File "/Users/colinkeogh/Desktop/ConnectCRM1.1/venv/lib/python3.14/site-packages/django/test/client.py", line 1086, in request
    response = self.handler(environ)
  File "/Users/colinkeogh/Desktop/ConnectCRM1.1/venv/lib/python3.14/site-packages/django/test/client.py", line 173, in __call__
    self.load_middleware()
    ~~~~~~~~~~~~~~~~~~~~^^
  File "/Users/colinkeogh/Desktop/ConnectCRM1.1/venv/lib/python3.14/site-packages/django/core/handlers/base.py", line 42, in load_middleware
    middleware = import_string(middleware_path)
  File "/Users/colinkeogh/Desktop/ConnectCRM1.1/venv/lib/python3.14/site-packages/django/utils/module_loading.py", line 30, in import_string
    return cached_import(module_path, class_name)
  File "/Users/colinkeogh/Desktop/ConnectCRM1.1/venv/lib/python3.14/site-packages/django/utils/module_loading.py", line 15, in cached_import
    module = import_module(module_path)
  File "/Library/Frameworks/Python.framework/Versions/3.14/lib/python3.14/importlib/__init__.py", line 88, in import_module
    return _bootstrap._gcd_import(name[level:], package, level)
           ~~~~~~~~~~~~~~~~~~~~~~^^^^^^^^^^^^^^^^^^^^^^^^^^^^^^
  File "<frozen importlib._bootstrap>", line 1398, in _gcd_import
  File "<frozen importlib._bootstrap>", line 1371, in _find_and_load
  File "<frozen importlib._bootstrap>", line 1314, in _find_and_load_unlocked
  File "<frozen importlib._bootstrap>", line 491, in _call_with_frames_removed
  File "<frozen importlib._bootstrap>", line 1398, in _gcd_import
  File "<frozen importlib._bootstrap>", line 1371, in _find_and_load
  File "<frozen importlib._bootstrap>", line 1335, in _find_and_load_unlocked
ModuleNotFoundError: No module named 'whitenoise'

======================================================================
ERROR: test_admin_sees_every_deal_by_default (crm.tests.test_deal_ownership.DealOwnershipTests.test_admin_sees_every_deal_by_default)
----------------------------------------------------------------------
Traceback (most recent call last):
  File "/Users/colinkeogh/Desktop/ConnectCRM1.1/crm/tests/test_deal_ownership.py", line 35, in test_admin_sees_every_deal_by_default
    response = self.client.get(reverse("crm:deal_list"))
  File "/Users/colinkeogh/Desktop/ConnectCRM1.1/venv/lib/python3.14/site-packages/django/test/client.py", line 1128, in get
    response = super().get(
        path,
    ...<4 lines>...
        **extra,
    )
  File "/Users/colinkeogh/Desktop/ConnectCRM1.1/venv/lib/python3.14/site-packages/django/test/client.py", line 475, in get
    return self.generic(
           ~~~~~~~~~~~~^
        "GET",
        ^^^^^^
    ...<4 lines>...
        **extra,
        ^^^^^^^^
    )
    ^
  File "/Users/colinkeogh/Desktop/ConnectCRM1.1/venv/lib/python3.14/site-packages/django/test/client.py", line 671, in generic
    return self.request(**r)
           ~~~~~~~~~~~~^^^^^
  File "/Users/colinkeogh/Desktop/ConnectCRM1.1/venv/lib/python3.14/site-packages/django/test/client.py", line 1086, in request
    response = self.handler(environ)
  File "/Users/colinkeogh/Desktop/ConnectCRM1.1/venv/lib/python3.14/site-packages/django/test/client.py", line 173, in __call__
    self.load_middleware()
    ~~~~~~~~~~~~~~~~~~~~^^
  File "/Users/colinkeogh/Desktop/ConnectCRM1.1/venv/lib/python3.14/site-packages/django/core/handlers/base.py", line 42, in load_middleware
    middleware = import_string(middleware_path)
  File "/Users/colinkeogh/Desktop/ConnectCRM1.1/venv/lib/python3.14/site-packages/django/utils/module_loading.py", line 30, in import_string
    return cached_import(module_path, class_name)
  File "/Users/colinkeogh/Desktop/ConnectCRM1.1/venv/lib/python3.14/site-packages/django/utils/module_loading.py", line 15, in cached_import
    module = import_module(module_path)
  File "/Library/Frameworks/Python.framework/Versions/3.14/lib/python3.14/importlib/__init__.py", line 88, in import_module
    return _bootstrap._gcd_import(name[level:], package, level)
           ~~~~~~~~~~~~~~~~~~~~~~^^^^^^^^^^^^^^^^^^^^^^^^^^^^^^
  File "<frozen importlib._bootstrap>", line 1398, in _gcd_import
  File "<frozen importlib._bootstrap>", line 1371, in _find_and_load
  File "<frozen importlib._bootstrap>", line 1314, in _find_and_load_unlocked
  File "<frozen importlib._bootstrap>", line 491, in _call_with_frames_removed
  File "<frozen importlib._bootstrap>", line 1398, in _gcd_import
  File "<frozen importlib._bootstrap>", line 1371, in _find_and_load
  File "<frozen importlib._bootstrap>", line 1335, in _find_and_load_unlocked
ModuleNotFoundError: No module named 'whitenoise'

======================================================================
ERROR: test_dashboard_active_deal_count_is_scoped_for_sales_rep (crm.tests.test_deal_ownership.DealOwnershipTests.test_dashboard_active_deal_count_is_scoped_for_sales_rep)
----------------------------------------------------------------------
Traceback (most recent call last):
  File "/Users/colinkeogh/Desktop/ConnectCRM1.1/crm/tests/test_deal_ownership.py", line 97, in test_dashboard_active_deal_count_is_scoped_for_sales_rep
    response = self.client.get(reverse("core:dashboard"))
  File "/Users/colinkeogh/Desktop/ConnectCRM1.1/venv/lib/python3.14/site-packages/django/test/client.py", line 1128, in get
    response = super().get(
        path,
    ...<4 lines>...
        **extra,
    )
  File "/Users/colinkeogh/Desktop/ConnectCRM1.1/venv/lib/python3.14/site-packages/django/test/client.py", line 475, in get
    return self.generic(
           ~~~~~~~~~~~~^
        "GET",
        ^^^^^^
    ...<4 lines>...
        **extra,
        ^^^^^^^^
    )
    ^
  File "/Users/colinkeogh/Desktop/ConnectCRM1.1/venv/lib/python3.14/site-packages/django/test/client.py", line 671, in generic
    return self.request(**r)
           ~~~~~~~~~~~~^^^^^
  File "/Users/colinkeogh/Desktop/ConnectCRM1.1/venv/lib/python3.14/site-packages/django/test/client.py", line 1086, in request
    response = self.handler(environ)
  File "/Users/colinkeogh/Desktop/ConnectCRM1.1/venv/lib/python3.14/site-packages/django/test/client.py", line 173, in __call__
    self.load_middleware()
    ~~~~~~~~~~~~~~~~~~~~^^
  File "/Users/colinkeogh/Desktop/ConnectCRM1.1/venv/lib/python3.14/site-packages/django/core/handlers/base.py", line 42, in load_middleware
    middleware = import_string(middleware_path)
  File "/Users/colinkeogh/Desktop/ConnectCRM1.1/venv/lib/python3.14/site-packages/django/utils/module_loading.py", line 30, in import_string
    return cached_import(module_path, class_name)
  File "/Users/colinkeogh/Desktop/ConnectCRM1.1/venv/lib/python3.14/site-packages/django/utils/module_loading.py", line 15, in cached_import
    module = import_module(module_path)
  File "/Library/Frameworks/Python.framework/Versions/3.14/lib/python3.14/importlib/__init__.py", line 88, in import_module
    return _bootstrap._gcd_import(name[level:], package, level)
           ~~~~~~~~~~~~~~~~~~~~~~^^^^^^^^^^^^^^^^^^^^^^^^^^^^^^
  File "<frozen importlib._bootstrap>", line 1398, in _gcd_import
  File "<frozen importlib._bootstrap>", line 1371, in _find_and_load
  File "<frozen importlib._bootstrap>", line 1314, in _find_and_load_unlocked
  File "<frozen importlib._bootstrap>", line 491, in _call_with_frames_removed
  File "<frozen importlib._bootstrap>", line 1398, in _gcd_import
  File "<frozen importlib._bootstrap>", line 1371, in _find_and_load
  File "<frozen importlib._bootstrap>", line 1335, in _find_and_load_unlocked
ModuleNotFoundError: No module named 'whitenoise'

======================================================================
ERROR: test_dashboard_shows_team_pipeline_panel_for_admin_only (crm.tests.test_deal_ownership.DealOwnershipTests.test_dashboard_shows_team_pipeline_panel_for_admin_only)
----------------------------------------------------------------------
Traceback (most recent call last):
  File "/Users/colinkeogh/Desktop/ConnectCRM1.1/crm/tests/test_deal_ownership.py", line 103, in test_dashboard_shows_team_pipeline_panel_for_admin_only
    response = self.client.get(reverse("core:dashboard"))
  File "/Users/colinkeogh/Desktop/ConnectCRM1.1/venv/lib/python3.14/site-packages/django/test/client.py", line 1128, in get
    response = super().get(
        path,
    ...<4 lines>...
        **extra,
    )
  File "/Users/colinkeogh/Desktop/ConnectCRM1.1/venv/lib/python3.14/site-packages/django/test/client.py", line 475, in get
    return self.generic(
           ~~~~~~~~~~~~^
        "GET",
        ^^^^^^
    ...<4 lines>...
        **extra,
        ^^^^^^^^
    )
    ^
  File "/Users/colinkeogh/Desktop/ConnectCRM1.1/venv/lib/python3.14/site-packages/django/test/client.py", line 671, in generic
    return self.request(**r)
           ~~~~~~~~~~~~^^^^^
  File "/Users/colinkeogh/Desktop/ConnectCRM1.1/venv/lib/python3.14/site-packages/django/test/client.py", line 1086, in request
    response = self.handler(environ)
  File "/Users/colinkeogh/Desktop/ConnectCRM1.1/venv/lib/python3.14/site-packages/django/test/client.py", line 173, in __call__
    self.load_middleware()
    ~~~~~~~~~~~~~~~~~~~~^^
  File "/Users/colinkeogh/Desktop/ConnectCRM1.1/venv/lib/python3.14/site-packages/django/core/handlers/base.py", line 42, in load_middleware
    middleware = import_string(middleware_path)
  File "/Users/colinkeogh/Desktop/ConnectCRM1.1/venv/lib/python3.14/site-packages/django/utils/module_loading.py", line 30, in import_string
    return cached_import(module_path, class_name)
  File "/Users/colinkeogh/Desktop/ConnectCRM1.1/venv/lib/python3.14/site-packages/django/utils/module_loading.py", line 15, in cached_import
    module = import_module(module_path)
  File "/Library/Frameworks/Python.framework/Versions/3.14/lib/python3.14/importlib/__init__.py", line 88, in import_module
    return _bootstrap._gcd_import(name[level:], package, level)
           ~~~~~~~~~~~~~~~~~~~~~~^^^^^^^^^^^^^^^^^^^^^^^^^^^^^^
  File "<frozen importlib._bootstrap>", line 1398, in _gcd_import
  File "<frozen importlib._bootstrap>", line 1371, in _find_and_load
  File "<frozen importlib._bootstrap>", line 1314, in _find_and_load_unlocked
  File "<frozen importlib._bootstrap>", line 491, in _call_with_frames_removed
  File "<frozen importlib._bootstrap>", line 1398, in _gcd_import
  File "<frozen importlib._bootstrap>", line 1371, in _find_and_load
  File "<frozen importlib._bootstrap>", line 1335, in _find_and_load_unlocked
ModuleNotFoundError: No module named 'whitenoise'

======================================================================
ERROR: test_new_deal_created_by_sales_rep_is_auto_assigned_to_them (crm.tests.test_deal_ownership.DealOwnershipTests.test_new_deal_created_by_sales_rep_is_auto_assigned_to_them)
----------------------------------------------------------------------
Traceback (most recent call last):
  File "/Users/colinkeogh/Desktop/ConnectCRM1.1/crm/tests/test_deal_ownership.py", line 67, in test_new_deal_created_by_sales_rep_is_auto_assigned_to_them
    self.client.post(
    ~~~~~~~~~~~~~~~~^
        reverse("crm:deal_create"),
        ^^^^^^^^^^^^^^^^^^^^^^^^^^^
        {"title": "Fresh Lead", "value": 300, "stage": Deal.LEAD},
        ^^^^^^^^^^^^^^^^^^^^^^^^^^^^^^^^^^^^^^^^^^^^^^^^^^^^^^^^^^
    )
    ^
  File "/Users/colinkeogh/Desktop/ConnectCRM1.1/venv/lib/python3.14/site-packages/django/test/client.py", line 1157, in post
    response = super().post(
        path,
    ...<5 lines>...
        **extra,
    )
  File "/Users/colinkeogh/Desktop/ConnectCRM1.1/venv/lib/python3.14/site-packages/django/test/client.py", line 499, in post
    return self.generic(
           ~~~~~~~~~~~~^
        "POST",
        ^^^^^^^
    ...<6 lines>...
        **extra,
        ^^^^^^^^
    )
    ^
  File "/Users/colinkeogh/Desktop/ConnectCRM1.1/venv/lib/python3.14/site-packages/django/test/client.py", line 671, in generic
    return self.request(**r)
           ~~~~~~~~~~~~^^^^^
  File "/Users/colinkeogh/Desktop/ConnectCRM1.1/venv/lib/python3.14/site-packages/django/test/client.py", line 1086, in request
    response = self.handler(environ)
  File "/Users/colinkeogh/Desktop/ConnectCRM1.1/venv/lib/python3.14/site-packages/django/test/client.py", line 173, in __call__
    self.load_middleware()
    ~~~~~~~~~~~~~~~~~~~~^^
  File "/Users/colinkeogh/Desktop/ConnectCRM1.1/venv/lib/python3.14/site-packages/django/core/handlers/base.py", line 42, in load_middleware
    middleware = import_string(middleware_path)
  File "/Users/colinkeogh/Desktop/ConnectCRM1.1/venv/lib/python3.14/site-packages/django/utils/module_loading.py", line 30, in import_string
    return cached_import(module_path, class_name)
  File "/Users/colinkeogh/Desktop/ConnectCRM1.1/venv/lib/python3.14/site-packages/django/utils/module_loading.py", line 15, in cached_import
    module = import_module(module_path)
  File "/Library/Frameworks/Python.framework/Versions/3.14/lib/python3.14/importlib/__init__.py", line 88, in import_module
    return _bootstrap._gcd_import(name[level:], package, level)
           ~~~~~~~~~~~~~~~~~~~~~~^^^^^^^^^^^^^^^^^^^^^^^^^^^^^^
  File "<frozen importlib._bootstrap>", line 1398, in _gcd_import
  File "<frozen importlib._bootstrap>", line 1371, in _find_and_load
  File "<frozen importlib._bootstrap>", line 1314, in _find_and_load_unlocked
  File "<frozen importlib._bootstrap>", line 491, in _call_with_frames_removed
  File "<frozen importlib._bootstrap>", line 1398, in _gcd_import
  File "<frozen importlib._bootstrap>", line 1371, in _find_and_load
  File "<frozen importlib._bootstrap>", line 1335, in _find_and_load_unlocked
ModuleNotFoundError: No module named 'whitenoise'

======================================================================
ERROR: test_sales_rep_can_open_their_own_deal (crm.tests.test_deal_ownership.DealOwnershipTests.test_sales_rep_can_open_their_own_deal)
----------------------------------------------------------------------
Traceback (most recent call last):
  File "/Users/colinkeogh/Desktop/ConnectCRM1.1/crm/tests/test_deal_ownership.py", line 62, in test_sales_rep_can_open_their_own_deal
    response = self.client.get(reverse("crm:deal_detail", args=[self.deal_a.id]))
  File "/Users/colinkeogh/Desktop/ConnectCRM1.1/venv/lib/python3.14/site-packages/django/test/client.py", line 1128, in get
    response = super().get(
        path,
    ...<4 lines>...
        **extra,
    )
  File "/Users/colinkeogh/Desktop/ConnectCRM1.1/venv/lib/python3.14/site-packages/django/test/client.py", line 475, in get
    return self.generic(
           ~~~~~~~~~~~~^
        "GET",
        ^^^^^^
    ...<4 lines>...
        **extra,
        ^^^^^^^^
    )
    ^
  File "/Users/colinkeogh/Desktop/ConnectCRM1.1/venv/lib/python3.14/site-packages/django/test/client.py", line 671, in generic
    return self.request(**r)
           ~~~~~~~~~~~~^^^^^
  File "/Users/colinkeogh/Desktop/ConnectCRM1.1/venv/lib/python3.14/site-packages/django/test/client.py", line 1086, in request
    response = self.handler(environ)
  File "/Users/colinkeogh/Desktop/ConnectCRM1.1/venv/lib/python3.14/site-packages/django/test/client.py", line 173, in __call__
    self.load_middleware()
    ~~~~~~~~~~~~~~~~~~~~^^
  File "/Users/colinkeogh/Desktop/ConnectCRM1.1/venv/lib/python3.14/site-packages/django/core/handlers/base.py", line 42, in load_middleware
    middleware = import_string(middleware_path)
  File "/Users/colinkeogh/Desktop/ConnectCRM1.1/venv/lib/python3.14/site-packages/django/utils/module_loading.py", line 30, in import_string
    return cached_import(module_path, class_name)
  File "/Users/colinkeogh/Desktop/ConnectCRM1.1/venv/lib/python3.14/site-packages/django/utils/module_loading.py", line 15, in cached_import
    module = import_module(module_path)
  File "/Library/Frameworks/Python.framework/Versions/3.14/lib/python3.14/importlib/__init__.py", line 88, in import_module
    return _bootstrap._gcd_import(name[level:], package, level)
           ~~~~~~~~~~~~~~~~~~~~~~^^^^^^^^^^^^^^^^^^^^^^^^^^^^^^
  File "<frozen importlib._bootstrap>", line 1398, in _gcd_import
  File "<frozen importlib._bootstrap>", line 1371, in _find_and_load
  File "<frozen importlib._bootstrap>", line 1314, in _find_and_load_unlocked
  File "<frozen importlib._bootstrap>", line 491, in _call_with_frames_removed
  File "<frozen importlib._bootstrap>", line 1398, in _gcd_import
  File "<frozen importlib._bootstrap>", line 1371, in _find_and_load
  File "<frozen importlib._bootstrap>", line 1335, in _find_and_load_unlocked
ModuleNotFoundError: No module named 'whitenoise'

======================================================================
ERROR: test_sales_rep_cannot_edit_a_teammates_deal_directly (crm.tests.test_deal_ownership.DealOwnershipTests.test_sales_rep_cannot_edit_a_teammates_deal_directly)
----------------------------------------------------------------------
Traceback (most recent call last):
  File "/Users/colinkeogh/Desktop/ConnectCRM1.1/crm/tests/test_deal_ownership.py", line 52, in test_sales_rep_cannot_edit_a_teammates_deal_directly
    response = self.client.post(
        reverse("crm:deal_edit", args=[self.deal_b.id]),
        {"title": "Hijacked", "value": 1, "stage": Deal.LEAD},
    )
  File "/Users/colinkeogh/Desktop/ConnectCRM1.1/venv/lib/python3.14/site-packages/django/test/client.py", line 1157, in post
    response = super().post(
        path,
    ...<5 lines>...
        **extra,
    )
  File "/Users/colinkeogh/Desktop/ConnectCRM1.1/venv/lib/python3.14/site-packages/django/test/client.py", line 499, in post
    return self.generic(
           ~~~~~~~~~~~~^
        "POST",
        ^^^^^^^
    ...<6 lines>...
        **extra,
        ^^^^^^^^
    )
    ^
  File "/Users/colinkeogh/Desktop/ConnectCRM1.1/venv/lib/python3.14/site-packages/django/test/client.py", line 671, in generic
    return self.request(**r)
           ~~~~~~~~~~~~^^^^^
  File "/Users/colinkeogh/Desktop/ConnectCRM1.1/venv/lib/python3.14/site-packages/django/test/client.py", line 1086, in request
    response = self.handler(environ)
  File "/Users/colinkeogh/Desktop/ConnectCRM1.1/venv/lib/python3.14/site-packages/django/test/client.py", line 173, in __call__
    self.load_middleware()
    ~~~~~~~~~~~~~~~~~~~~^^
  File "/Users/colinkeogh/Desktop/ConnectCRM1.1/venv/lib/python3.14/site-packages/django/core/handlers/base.py", line 42, in load_middleware
    middleware = import_string(middleware_path)
  File "/Users/colinkeogh/Desktop/ConnectCRM1.1/venv/lib/python3.14/site-packages/django/utils/module_loading.py", line 30, in import_string
    return cached_import(module_path, class_name)
  File "/Users/colinkeogh/Desktop/ConnectCRM1.1/venv/lib/python3.14/site-packages/django/utils/module_loading.py", line 15, in cached_import
    module = import_module(module_path)
  File "/Library/Frameworks/Python.framework/Versions/3.14/lib/python3.14/importlib/__init__.py", line 88, in import_module
    return _bootstrap._gcd_import(name[level:], package, level)
           ~~~~~~~~~~~~~~~~~~~~~~^^^^^^^^^^^^^^^^^^^^^^^^^^^^^^
  File "<frozen importlib._bootstrap>", line 1398, in _gcd_import
  File "<frozen importlib._bootstrap>", line 1371, in _find_and_load
  File "<frozen importlib._bootstrap>", line 1314, in _find_and_load_unlocked
  File "<frozen importlib._bootstrap>", line 491, in _call_with_frames_removed
  File "<frozen importlib._bootstrap>", line 1398, in _gcd_import
  File "<frozen importlib._bootstrap>", line 1371, in _find_and_load
  File "<frozen importlib._bootstrap>", line 1335, in _find_and_load_unlocked
ModuleNotFoundError: No module named 'whitenoise'

======================================================================
ERROR: test_sales_rep_cannot_open_a_teammates_deal_directly (crm.tests.test_deal_ownership.DealOwnershipTests.test_sales_rep_cannot_open_a_teammates_deal_directly)
----------------------------------------------------------------------
Traceback (most recent call last):
  File "/Users/colinkeogh/Desktop/ConnectCRM1.1/crm/tests/test_deal_ownership.py", line 47, in test_sales_rep_cannot_open_a_teammates_deal_directly
    response = self.client.get(reverse("crm:deal_detail", args=[self.deal_b.id]))
  File "/Users/colinkeogh/Desktop/ConnectCRM1.1/venv/lib/python3.14/site-packages/django/test/client.py", line 1128, in get
    response = super().get(
        path,
    ...<4 lines>...
        **extra,
    )
  File "/Users/colinkeogh/Desktop/ConnectCRM1.1/venv/lib/python3.14/site-packages/django/test/client.py", line 475, in get
    return self.generic(
           ~~~~~~~~~~~~^
        "GET",
        ^^^^^^
    ...<4 lines>...
        **extra,
        ^^^^^^^^
    )
    ^
  File "/Users/colinkeogh/Desktop/ConnectCRM1.1/venv/lib/python3.14/site-packages/django/test/client.py", line 671, in generic
    return self.request(**r)
           ~~~~~~~~~~~~^^^^^
  File "/Users/colinkeogh/Desktop/ConnectCRM1.1/venv/lib/python3.14/site-packages/django/test/client.py", line 1086, in request
    response = self.handler(environ)
  File "/Users/colinkeogh/Desktop/ConnectCRM1.1/venv/lib/python3.14/site-packages/django/test/client.py", line 173, in __call__
    self.load_middleware()
    ~~~~~~~~~~~~~~~~~~~~^^
  File "/Users/colinkeogh/Desktop/ConnectCRM1.1/venv/lib/python3.14/site-packages/django/core/handlers/base.py", line 42, in load_middleware
    middleware = import_string(middleware_path)
  File "/Users/colinkeogh/Desktop/ConnectCRM1.1/venv/lib/python3.14/site-packages/django/utils/module_loading.py", line 30, in import_string
    return cached_import(module_path, class_name)
  File "/Users/colinkeogh/Desktop/ConnectCRM1.1/venv/lib/python3.14/site-packages/django/utils/module_loading.py", line 15, in cached_import
    module = import_module(module_path)
  File "/Library/Frameworks/Python.framework/Versions/3.14/lib/python3.14/importlib/__init__.py", line 88, in import_module
    return _bootstrap._gcd_import(name[level:], package, level)
           ~~~~~~~~~~~~~~~~~~~~~~^^^^^^^^^^^^^^^^^^^^^^^^^^^^^^
  File "<frozen importlib._bootstrap>", line 1398, in _gcd_import
  File "<frozen importlib._bootstrap>", line 1371, in _find_and_load
  File "<frozen importlib._bootstrap>", line 1314, in _find_and_load_unlocked
  File "<frozen importlib._bootstrap>", line 491, in _call_with_frames_removed
  File "<frozen importlib._bootstrap>", line 1398, in _gcd_import
  File "<frozen importlib._bootstrap>", line 1371, in _find_and_load
  File "<frozen importlib._bootstrap>", line 1335, in _find_and_load_unlocked
ModuleNotFoundError: No module named 'whitenoise'

======================================================================
ERROR: test_sales_rep_cannot_reassign_owner_via_form_tampering (crm.tests.test_deal_ownership.DealOwnershipTests.test_sales_rep_cannot_reassign_owner_via_form_tampering)
----------------------------------------------------------------------
Traceback (most recent call last):
  File "/Users/colinkeogh/Desktop/ConnectCRM1.1/crm/tests/test_deal_ownership.py", line 79, in test_sales_rep_cannot_reassign_owner_via_form_tampering
    self.client.post(
    ~~~~~~~~~~~~~~~~^
        reverse("crm:deal_edit", args=[self.deal_a.id]),
        ^^^^^^^^^^^^^^^^^^^^^^^^^^^^^^^^^^^^^^^^^^^^^^^^
        {"title": "Deal A", "value": 1000, "stage": Deal.LEAD, "owner": self.rep_b.id},
        ^^^^^^^^^^^^^^^^^^^^^^^^^^^^^^^^^^^^^^^^^^^^^^^^^^^^^^^^^^^^^^^^^^^^^^^^^^^^^^^
    )
    ^
  File "/Users/colinkeogh/Desktop/ConnectCRM1.1/venv/lib/python3.14/site-packages/django/test/client.py", line 1157, in post
    response = super().post(
        path,
    ...<5 lines>...
        **extra,
    )
  File "/Users/colinkeogh/Desktop/ConnectCRM1.1/venv/lib/python3.14/site-packages/django/test/client.py", line 499, in post
    return self.generic(
           ~~~~~~~~~~~~^
        "POST",
        ^^^^^^^
    ...<6 lines>...
        **extra,
        ^^^^^^^^
    )
    ^
  File "/Users/colinkeogh/Desktop/ConnectCRM1.1/venv/lib/python3.14/site-packages/django/test/client.py", line 671, in generic
    return self.request(**r)
           ~~~~~~~~~~~~^^^^^
  File "/Users/colinkeogh/Desktop/ConnectCRM1.1/venv/lib/python3.14/site-packages/django/test/client.py", line 1086, in request
    response = self.handler(environ)
  File "/Users/colinkeogh/Desktop/ConnectCRM1.1/venv/lib/python3.14/site-packages/django/test/client.py", line 173, in __call__
    self.load_middleware()
    ~~~~~~~~~~~~~~~~~~~~^^
  File "/Users/colinkeogh/Desktop/ConnectCRM1.1/venv/lib/python3.14/site-packages/django/core/handlers/base.py", line 42, in load_middleware
    middleware = import_string(middleware_path)
  File "/Users/colinkeogh/Desktop/ConnectCRM1.1/venv/lib/python3.14/site-packages/django/utils/module_loading.py", line 30, in import_string
    return cached_import(module_path, class_name)
  File "/Users/colinkeogh/Desktop/ConnectCRM1.1/venv/lib/python3.14/site-packages/django/utils/module_loading.py", line 15, in cached_import
    module = import_module(module_path)
  File "/Library/Frameworks/Python.framework/Versions/3.14/lib/python3.14/importlib/__init__.py", line 88, in import_module
    return _bootstrap._gcd_import(name[level:], package, level)
           ~~~~~~~~~~~~~~~~~~~~~~^^^^^^^^^^^^^^^^^^^^^^^^^^^^^^
  File "<frozen importlib._bootstrap>", line 1398, in _gcd_import
  File "<frozen importlib._bootstrap>", line 1371, in _find_and_load
  File "<frozen importlib._bootstrap>", line 1314, in _find_and_load_unlocked
  File "<frozen importlib._bootstrap>", line 491, in _call_with_frames_removed
  File "<frozen importlib._bootstrap>", line 1398, in _gcd_import
  File "<frozen importlib._bootstrap>", line 1371, in _find_and_load
  File "<frozen importlib._bootstrap>", line 1335, in _find_and_load_unlocked
ModuleNotFoundError: No module named 'whitenoise'

======================================================================
ERROR: test_sales_rep_only_sees_own_and_unassigned_deals (crm.tests.test_deal_ownership.DealOwnershipTests.test_sales_rep_only_sees_own_and_unassigned_deals)
----------------------------------------------------------------------
Traceback (most recent call last):
  File "/Users/colinkeogh/Desktop/ConnectCRM1.1/crm/tests/test_deal_ownership.py", line 29, in test_sales_rep_only_sees_own_and_unassigned_deals
    response = self.client.get(reverse("crm:deal_list"))
  File "/Users/colinkeogh/Desktop/ConnectCRM1.1/venv/lib/python3.14/site-packages/django/test/client.py", line 1128, in get
    response = super().get(
        path,
    ...<4 lines>...
        **extra,
    )
  File "/Users/colinkeogh/Desktop/ConnectCRM1.1/venv/lib/python3.14/site-packages/django/test/client.py", line 475, in get
    return self.generic(
           ~~~~~~~~~~~~^
        "GET",
        ^^^^^^
    ...<4 lines>...
        **extra,
        ^^^^^^^^
    )
    ^
  File "/Users/colinkeogh/Desktop/ConnectCRM1.1/venv/lib/python3.14/site-packages/django/test/client.py", line 671, in generic
    return self.request(**r)
           ~~~~~~~~~~~~^^^^^
  File "/Users/colinkeogh/Desktop/ConnectCRM1.1/venv/lib/python3.14/site-packages/django/test/client.py", line 1086, in request
    response = self.handler(environ)
  File "/Users/colinkeogh/Desktop/ConnectCRM1.1/venv/lib/python3.14/site-packages/django/test/client.py", line 173, in __call__
    self.load_middleware()
    ~~~~~~~~~~~~~~~~~~~~^^
  File "/Users/colinkeogh/Desktop/ConnectCRM1.1/venv/lib/python3.14/site-packages/django/core/handlers/base.py", line 42, in load_middleware
    middleware = import_string(middleware_path)
  File "/Users/colinkeogh/Desktop/ConnectCRM1.1/venv/lib/python3.14/site-packages/django/utils/module_loading.py", line 30, in import_string
    return cached_import(module_path, class_name)
  File "/Users/colinkeogh/Desktop/ConnectCRM1.1/venv/lib/python3.14/site-packages/django/utils/module_loading.py", line 15, in cached_import
    module = import_module(module_path)
  File "/Library/Frameworks/Python.framework/Versions/3.14/lib/python3.14/importlib/__init__.py", line 88, in import_module
    return _bootstrap._gcd_import(name[level:], package, level)
           ~~~~~~~~~~~~~~~~~~~~~~^^^^^^^^^^^^^^^^^^^^^^^^^^^^^^
  File "<frozen importlib._bootstrap>", line 1398, in _gcd_import
  File "<frozen importlib._bootstrap>", line 1371, in _find_and_load
  File "<frozen importlib._bootstrap>", line 1314, in _find_and_load_unlocked
  File "<frozen importlib._bootstrap>", line 491, in _call_with_frames_removed
  File "<frozen importlib._bootstrap>", line 1398, in _gcd_import
  File "<frozen importlib._bootstrap>", line 1371, in _find_and_load
  File "<frozen importlib._bootstrap>", line 1335, in _find_and_load_unlocked
ModuleNotFoundError: No module named 'whitenoise'

======================================================================
ERROR: test_search_requires_authentication (crm.tests.test_search.SearchIsolationTests.test_search_requires_authentication)
----------------------------------------------------------------------
Traceback (most recent call last):
  File "/Users/colinkeogh/Desktop/ConnectCRM1.1/crm/tests/test_search.py", line 94, in test_search_requires_authentication
    response = self.client.get(reverse("crm:search"))
  File "/Users/colinkeogh/Desktop/ConnectCRM1.1/venv/lib/python3.14/site-packages/django/test/client.py", line 1128, in get
    response = super().get(
        path,
    ...<4 lines>...
        **extra,
    )
  File "/Users/colinkeogh/Desktop/ConnectCRM1.1/venv/lib/python3.14/site-packages/django/test/client.py", line 475, in get
    return self.generic(
           ~~~~~~~~~~~~^
        "GET",
        ^^^^^^
    ...<4 lines>...
        **extra,
        ^^^^^^^^
    )
    ^
  File "/Users/colinkeogh/Desktop/ConnectCRM1.1/venv/lib/python3.14/site-packages/django/test/client.py", line 671, in generic
    return self.request(**r)
           ~~~~~~~~~~~~^^^^^
  File "/Users/colinkeogh/Desktop/ConnectCRM1.1/venv/lib/python3.14/site-packages/django/test/client.py", line 1086, in request
    response = self.handler(environ)
  File "/Users/colinkeogh/Desktop/ConnectCRM1.1/venv/lib/python3.14/site-packages/django/test/client.py", line 173, in __call__
    self.load_middleware()
    ~~~~~~~~~~~~~~~~~~~~^^
  File "/Users/colinkeogh/Desktop/ConnectCRM1.1/venv/lib/python3.14/site-packages/django/core/handlers/base.py", line 42, in load_middleware
    middleware = import_string(middleware_path)
  File "/Users/colinkeogh/Desktop/ConnectCRM1.1/venv/lib/python3.14/site-packages/django/utils/module_loading.py", line 30, in import_string
    return cached_import(module_path, class_name)
  File "/Users/colinkeogh/Desktop/ConnectCRM1.1/venv/lib/python3.14/site-packages/django/utils/module_loading.py", line 15, in cached_import
    module = import_module(module_path)
  File "/Library/Frameworks/Python.framework/Versions/3.14/lib/python3.14/importlib/__init__.py", line 88, in import_module
    return _bootstrap._gcd_import(name[level:], package, level)
           ~~~~~~~~~~~~~~~~~~~~~~^^^^^^^^^^^^^^^^^^^^^^^^^^^^^^
  File "<frozen importlib._bootstrap>", line 1398, in _gcd_import
  File "<frozen importlib._bootstrap>", line 1371, in _find_and_load
  File "<frozen importlib._bootstrap>", line 1314, in _find_and_load_unlocked
  File "<frozen importlib._bootstrap>", line 491, in _call_with_frames_removed
  File "<frozen importlib._bootstrap>", line 1398, in _gcd_import
  File "<frozen importlib._bootstrap>", line 1371, in _find_and_load
  File "<frozen importlib._bootstrap>", line 1335, in _find_and_load_unlocked
ModuleNotFoundError: No module named 'whitenoise'

======================================================================
ERROR: test_search_returns_current_business_records_only (crm.tests.test_search.SearchIsolationTests.test_search_returns_current_business_records_only)
----------------------------------------------------------------------
Traceback (most recent call last):
  File "/Users/colinkeogh/Desktop/ConnectCRM1.1/crm/tests/test_search.py", line 72, in test_search_returns_current_business_records_only
    response = self.client.get(
        reverse("crm:search"),
        {"q": "Shared Search"},
    )
  File "/Users/colinkeogh/Desktop/ConnectCRM1.1/venv/lib/python3.14/site-packages/django/test/client.py", line 1128, in get
    response = super().get(
        path,
    ...<4 lines>...
        **extra,
    )
  File "/Users/colinkeogh/Desktop/ConnectCRM1.1/venv/lib/python3.14/site-packages/django/test/client.py", line 475, in get
    return self.generic(
           ~~~~~~~~~~~~^
        "GET",
        ^^^^^^
    ...<4 lines>...
        **extra,
        ^^^^^^^^
    )
    ^
  File "/Users/colinkeogh/Desktop/ConnectCRM1.1/venv/lib/python3.14/site-packages/django/test/client.py", line 671, in generic
    return self.request(**r)
           ~~~~~~~~~~~~^^^^^
  File "/Users/colinkeogh/Desktop/ConnectCRM1.1/venv/lib/python3.14/site-packages/django/test/client.py", line 1086, in request
    response = self.handler(environ)
  File "/Users/colinkeogh/Desktop/ConnectCRM1.1/venv/lib/python3.14/site-packages/django/test/client.py", line 173, in __call__
    self.load_middleware()
    ~~~~~~~~~~~~~~~~~~~~^^
  File "/Users/colinkeogh/Desktop/ConnectCRM1.1/venv/lib/python3.14/site-packages/django/core/handlers/base.py", line 42, in load_middleware
    middleware = import_string(middleware_path)
  File "/Users/colinkeogh/Desktop/ConnectCRM1.1/venv/lib/python3.14/site-packages/django/utils/module_loading.py", line 30, in import_string
    return cached_import(module_path, class_name)
  File "/Users/colinkeogh/Desktop/ConnectCRM1.1/venv/lib/python3.14/site-packages/django/utils/module_loading.py", line 15, in cached_import
    module = import_module(module_path)
  File "/Library/Frameworks/Python.framework/Versions/3.14/lib/python3.14/importlib/__init__.py", line 88, in import_module
    return _bootstrap._gcd_import(name[level:], package, level)
           ~~~~~~~~~~~~~~~~~~~~~~^^^^^^^^^^^^^^^^^^^^^^^^^^^^^^
  File "<frozen importlib._bootstrap>", line 1398, in _gcd_import
  File "<frozen importlib._bootstrap>", line 1371, in _find_and_load
  File "<frozen importlib._bootstrap>", line 1314, in _find_and_load_unlocked
  File "<frozen importlib._bootstrap>", line 491, in _call_with_frames_removed
  File "<frozen importlib._bootstrap>", line 1398, in _gcd_import
  File "<frozen importlib._bootstrap>", line 1371, in _find_and_load
  File "<frozen importlib._bootstrap>", line 1335, in _find_and_load_unlocked
ModuleNotFoundError: No module named 'whitenoise'

======================================================================
ERROR: test_invitation_acceptance_is_public (crm.tests.test_security.AuthenticationSecurityTests.test_invitation_acceptance_is_public)
----------------------------------------------------------------------
Traceback (most recent call last):
  File "/Users/colinkeogh/Desktop/ConnectCRM1.1/crm/tests/test_security.py", line 589, in test_invitation_acceptance_is_public
    response = self.client.get(
        reverse(
    ...<2 lines>...
        )
    )
  File "/Users/colinkeogh/Desktop/ConnectCRM1.1/venv/lib/python3.14/site-packages/django/test/client.py", line 1128, in get
    response = super().get(
        path,
    ...<4 lines>...
        **extra,
    )
  File "/Users/colinkeogh/Desktop/ConnectCRM1.1/venv/lib/python3.14/site-packages/django/test/client.py", line 475, in get
    return self.generic(
           ~~~~~~~~~~~~^
        "GET",
        ^^^^^^
    ...<4 lines>...
        **extra,
        ^^^^^^^^
    )
    ^
  File "/Users/colinkeogh/Desktop/ConnectCRM1.1/venv/lib/python3.14/site-packages/django/test/client.py", line 671, in generic
    return self.request(**r)
           ~~~~~~~~~~~~^^^^^
  File "/Users/colinkeogh/Desktop/ConnectCRM1.1/venv/lib/python3.14/site-packages/django/test/client.py", line 1086, in request
    response = self.handler(environ)
  File "/Users/colinkeogh/Desktop/ConnectCRM1.1/venv/lib/python3.14/site-packages/django/test/client.py", line 173, in __call__
    self.load_middleware()
    ~~~~~~~~~~~~~~~~~~~~^^
  File "/Users/colinkeogh/Desktop/ConnectCRM1.1/venv/lib/python3.14/site-packages/django/core/handlers/base.py", line 42, in load_middleware
    middleware = import_string(middleware_path)
  File "/Users/colinkeogh/Desktop/ConnectCRM1.1/venv/lib/python3.14/site-packages/django/utils/module_loading.py", line 30, in import_string
    return cached_import(module_path, class_name)
  File "/Users/colinkeogh/Desktop/ConnectCRM1.1/venv/lib/python3.14/site-packages/django/utils/module_loading.py", line 15, in cached_import
    module = import_module(module_path)
  File "/Library/Frameworks/Python.framework/Versions/3.14/lib/python3.14/importlib/__init__.py", line 88, in import_module
    return _bootstrap._gcd_import(name[level:], package, level)
           ~~~~~~~~~~~~~~~~~~~~~~^^^^^^^^^^^^^^^^^^^^^^^^^^^^^^
  File "<frozen importlib._bootstrap>", line 1398, in _gcd_import
  File "<frozen importlib._bootstrap>", line 1371, in _find_and_load
  File "<frozen importlib._bootstrap>", line 1314, in _find_and_load_unlocked
  File "<frozen importlib._bootstrap>", line 491, in _call_with_frames_removed
  File "<frozen importlib._bootstrap>", line 1398, in _gcd_import
  File "<frozen importlib._bootstrap>", line 1371, in _find_and_load
  File "<frozen importlib._bootstrap>", line 1335, in _find_and_load_unlocked
ModuleNotFoundError: No module named 'whitenoise'

======================================================================
ERROR: test_unauthenticated_user_is_redirected_to_login (crm.tests.test_security.AuthenticationSecurityTests.test_unauthenticated_user_is_redirected_to_login)
----------------------------------------------------------------------
Traceback (most recent call last):
  File "/Users/colinkeogh/Desktop/ConnectCRM1.1/crm/tests/test_security.py", line 563, in test_unauthenticated_user_is_redirected_to_login
    response = self.client.get(
        reverse("crm:company_list")
    )
  File "/Users/colinkeogh/Desktop/ConnectCRM1.1/venv/lib/python3.14/site-packages/django/test/client.py", line 1128, in get
    response = super().get(
        path,
    ...<4 lines>...
        **extra,
    )
  File "/Users/colinkeogh/Desktop/ConnectCRM1.1/venv/lib/python3.14/site-packages/django/test/client.py", line 475, in get
    return self.generic(
           ~~~~~~~~~~~~^
        "GET",
        ^^^^^^
    ...<4 lines>...
        **extra,
        ^^^^^^^^
    )
    ^
  File "/Users/colinkeogh/Desktop/ConnectCRM1.1/venv/lib/python3.14/site-packages/django/test/client.py", line 671, in generic
    return self.request(**r)
           ~~~~~~~~~~~~^^^^^
  File "/Users/colinkeogh/Desktop/ConnectCRM1.1/venv/lib/python3.14/site-packages/django/test/client.py", line 1086, in request
    response = self.handler(environ)
  File "/Users/colinkeogh/Desktop/ConnectCRM1.1/venv/lib/python3.14/site-packages/django/test/client.py", line 173, in __call__
    self.load_middleware()
    ~~~~~~~~~~~~~~~~~~~~^^
  File "/Users/colinkeogh/Desktop/ConnectCRM1.1/venv/lib/python3.14/site-packages/django/core/handlers/base.py", line 42, in load_middleware
    middleware = import_string(middleware_path)
  File "/Users/colinkeogh/Desktop/ConnectCRM1.1/venv/lib/python3.14/site-packages/django/utils/module_loading.py", line 30, in import_string
    return cached_import(module_path, class_name)
  File "/Users/colinkeogh/Desktop/ConnectCRM1.1/venv/lib/python3.14/site-packages/django/utils/module_loading.py", line 15, in cached_import
    module = import_module(module_path)
  File "/Library/Frameworks/Python.framework/Versions/3.14/lib/python3.14/importlib/__init__.py", line 88, in import_module
    return _bootstrap._gcd_import(name[level:], package, level)
           ~~~~~~~~~~~~~~~~~~~~~~^^^^^^^^^^^^^^^^^^^^^^^^^^^^^^
  File "<frozen importlib._bootstrap>", line 1398, in _gcd_import
  File "<frozen importlib._bootstrap>", line 1371, in _find_and_load
  File "<frozen importlib._bootstrap>", line 1314, in _find_and_load_unlocked
  File "<frozen importlib._bootstrap>", line 491, in _call_with_frames_removed
  File "<frozen importlib._bootstrap>", line 1398, in _gcd_import
  File "<frozen importlib._bootstrap>", line 1371, in _find_and_load
  File "<frozen importlib._bootstrap>", line 1335, in _find_and_load_unlocked
ModuleNotFoundError: No module named 'whitenoise'

======================================================================
ERROR: test_company_delete_blocks_other_business (crm.tests.test_security.BusinessIsolationTests.test_company_delete_blocks_other_business)
----------------------------------------------------------------------
Traceback (most recent call last):
  File "/Users/colinkeogh/Desktop/ConnectCRM1.1/crm/tests/test_security.py", line 300, in test_company_delete_blocks_other_business
    response = self.client.get(
        reverse(
    ...<2 lines>...
        )
    )
  File "/Users/colinkeogh/Desktop/ConnectCRM1.1/venv/lib/python3.14/site-packages/django/test/client.py", line 1128, in get
    response = super().get(
        path,
    ...<4 lines>...
        **extra,
    )
  File "/Users/colinkeogh/Desktop/ConnectCRM1.1/venv/lib/python3.14/site-packages/django/test/client.py", line 475, in get
    return self.generic(
           ~~~~~~~~~~~~^
        "GET",
        ^^^^^^
    ...<4 lines>...
        **extra,
        ^^^^^^^^
    )
    ^
  File "/Users/colinkeogh/Desktop/ConnectCRM1.1/venv/lib/python3.14/site-packages/django/test/client.py", line 671, in generic
    return self.request(**r)
           ~~~~~~~~~~~~^^^^^
  File "/Users/colinkeogh/Desktop/ConnectCRM1.1/venv/lib/python3.14/site-packages/django/test/client.py", line 1086, in request
    response = self.handler(environ)
  File "/Users/colinkeogh/Desktop/ConnectCRM1.1/venv/lib/python3.14/site-packages/django/test/client.py", line 173, in __call__
    self.load_middleware()
    ~~~~~~~~~~~~~~~~~~~~^^
  File "/Users/colinkeogh/Desktop/ConnectCRM1.1/venv/lib/python3.14/site-packages/django/core/handlers/base.py", line 42, in load_middleware
    middleware = import_string(middleware_path)
  File "/Users/colinkeogh/Desktop/ConnectCRM1.1/venv/lib/python3.14/site-packages/django/utils/module_loading.py", line 30, in import_string
    return cached_import(module_path, class_name)
  File "/Users/colinkeogh/Desktop/ConnectCRM1.1/venv/lib/python3.14/site-packages/django/utils/module_loading.py", line 15, in cached_import
    module = import_module(module_path)
  File "/Library/Frameworks/Python.framework/Versions/3.14/lib/python3.14/importlib/__init__.py", line 88, in import_module
    return _bootstrap._gcd_import(name[level:], package, level)
           ~~~~~~~~~~~~~~~~~~~~~~^^^^^^^^^^^^^^^^^^^^^^^^^^^^^^
  File "<frozen importlib._bootstrap>", line 1398, in _gcd_import
  File "<frozen importlib._bootstrap>", line 1371, in _find_and_load
  File "<frozen importlib._bootstrap>", line 1314, in _find_and_load_unlocked
  File "<frozen importlib._bootstrap>", line 491, in _call_with_frames_removed
  File "<frozen importlib._bootstrap>", line 1398, in _gcd_import
  File "<frozen importlib._bootstrap>", line 1371, in _find_and_load
  File "<frozen importlib._bootstrap>", line 1335, in _find_and_load_unlocked
ModuleNotFoundError: No module named 'whitenoise'

======================================================================
ERROR: test_company_detail_blocks_other_business (crm.tests.test_security.BusinessIsolationTests.test_company_detail_blocks_other_business)
----------------------------------------------------------------------
Traceback (most recent call last):
  File "/Users/colinkeogh/Desktop/ConnectCRM1.1/crm/tests/test_security.py", line 196, in test_company_detail_blocks_other_business
    response = self.client.get(
        reverse(
    ...<2 lines>...
        )
    )
  File "/Users/colinkeogh/Desktop/ConnectCRM1.1/venv/lib/python3.14/site-packages/django/test/client.py", line 1128, in get
    response = super().get(
        path,
    ...<4 lines>...
        **extra,
    )
  File "/Users/colinkeogh/Desktop/ConnectCRM1.1/venv/lib/python3.14/site-packages/django/test/client.py", line 475, in get
    return self.generic(
           ~~~~~~~~~~~~^
        "GET",
        ^^^^^^
    ...<4 lines>...
        **extra,
        ^^^^^^^^
    )
    ^
  File "/Users/colinkeogh/Desktop/ConnectCRM1.1/venv/lib/python3.14/site-packages/django/test/client.py", line 671, in generic
    return self.request(**r)
           ~~~~~~~~~~~~^^^^^
  File "/Users/colinkeogh/Desktop/ConnectCRM1.1/venv/lib/python3.14/site-packages/django/test/client.py", line 1086, in request
    response = self.handler(environ)
  File "/Users/colinkeogh/Desktop/ConnectCRM1.1/venv/lib/python3.14/site-packages/django/test/client.py", line 173, in __call__
    self.load_middleware()
    ~~~~~~~~~~~~~~~~~~~~^^
  File "/Users/colinkeogh/Desktop/ConnectCRM1.1/venv/lib/python3.14/site-packages/django/core/handlers/base.py", line 42, in load_middleware
    middleware = import_string(middleware_path)
  File "/Users/colinkeogh/Desktop/ConnectCRM1.1/venv/lib/python3.14/site-packages/django/utils/module_loading.py", line 30, in import_string
    return cached_import(module_path, class_name)
  File "/Users/colinkeogh/Desktop/ConnectCRM1.1/venv/lib/python3.14/site-packages/django/utils/module_loading.py", line 15, in cached_import
    module = import_module(module_path)
  File "/Library/Frameworks/Python.framework/Versions/3.14/lib/python3.14/importlib/__init__.py", line 88, in import_module
    return _bootstrap._gcd_import(name[level:], package, level)
           ~~~~~~~~~~~~~~~~~~~~~~^^^^^^^^^^^^^^^^^^^^^^^^^^^^^^
  File "<frozen importlib._bootstrap>", line 1398, in _gcd_import
  File "<frozen importlib._bootstrap>", line 1371, in _find_and_load
  File "<frozen importlib._bootstrap>", line 1314, in _find_and_load_unlocked
  File "<frozen importlib._bootstrap>", line 491, in _call_with_frames_removed
  File "<frozen importlib._bootstrap>", line 1398, in _gcd_import
  File "<frozen importlib._bootstrap>", line 1371, in _find_and_load
  File "<frozen importlib._bootstrap>", line 1335, in _find_and_load_unlocked
ModuleNotFoundError: No module named 'whitenoise'

======================================================================
ERROR: test_company_edit_blocks_other_business (crm.tests.test_security.BusinessIsolationTests.test_company_edit_blocks_other_business)
----------------------------------------------------------------------
Traceback (most recent call last):
  File "/Users/colinkeogh/Desktop/ConnectCRM1.1/crm/tests/test_security.py", line 248, in test_company_edit_blocks_other_business
    response = self.client.get(
        reverse(
    ...<2 lines>...
        )
    )
  File "/Users/colinkeogh/Desktop/ConnectCRM1.1/venv/lib/python3.14/site-packages/django/test/client.py", line 1128, in get
    response = super().get(
        path,
    ...<4 lines>...
        **extra,
    )
  File "/Users/colinkeogh/Desktop/ConnectCRM1.1/venv/lib/python3.14/site-packages/django/test/client.py", line 475, in get
    return self.generic(
           ~~~~~~~~~~~~^
        "GET",
        ^^^^^^
    ...<4 lines>...
        **extra,
        ^^^^^^^^
    )
    ^
  File "/Users/colinkeogh/Desktop/ConnectCRM1.1/venv/lib/python3.14/site-packages/django/test/client.py", line 671, in generic
    return self.request(**r)
           ~~~~~~~~~~~~^^^^^
  File "/Users/colinkeogh/Desktop/ConnectCRM1.1/venv/lib/python3.14/site-packages/django/test/client.py", line 1086, in request
    response = self.handler(environ)
  File "/Users/colinkeogh/Desktop/ConnectCRM1.1/venv/lib/python3.14/site-packages/django/test/client.py", line 173, in __call__
    self.load_middleware()
    ~~~~~~~~~~~~~~~~~~~~^^
  File "/Users/colinkeogh/Desktop/ConnectCRM1.1/venv/lib/python3.14/site-packages/django/core/handlers/base.py", line 42, in load_middleware
    middleware = import_string(middleware_path)
  File "/Users/colinkeogh/Desktop/ConnectCRM1.1/venv/lib/python3.14/site-packages/django/utils/module_loading.py", line 30, in import_string
    return cached_import(module_path, class_name)
  File "/Users/colinkeogh/Desktop/ConnectCRM1.1/venv/lib/python3.14/site-packages/django/utils/module_loading.py", line 15, in cached_import
    module = import_module(module_path)
  File "/Library/Frameworks/Python.framework/Versions/3.14/lib/python3.14/importlib/__init__.py", line 88, in import_module
    return _bootstrap._gcd_import(name[level:], package, level)
           ~~~~~~~~~~~~~~~~~~~~~~^^^^^^^^^^^^^^^^^^^^^^^^^^^^^^
  File "<frozen importlib._bootstrap>", line 1398, in _gcd_import
  File "<frozen importlib._bootstrap>", line 1371, in _find_and_load
  File "<frozen importlib._bootstrap>", line 1314, in _find_and_load_unlocked
  File "<frozen importlib._bootstrap>", line 491, in _call_with_frames_removed
  File "<frozen importlib._bootstrap>", line 1398, in _gcd_import
  File "<frozen importlib._bootstrap>", line 1371, in _find_and_load
  File "<frozen importlib._bootstrap>", line 1335, in _find_and_load_unlocked
ModuleNotFoundError: No module named 'whitenoise'

======================================================================
ERROR: test_company_list_only_shows_current_business (crm.tests.test_security.BusinessIsolationTests.test_company_list_only_shows_current_business)
----------------------------------------------------------------------
Traceback (most recent call last):
  File "/Users/colinkeogh/Desktop/ConnectCRM1.1/crm/tests/test_security.py", line 116, in test_company_list_only_shows_current_business
    response = self.client.get(
        reverse("crm:company_list")
    )
  File "/Users/colinkeogh/Desktop/ConnectCRM1.1/venv/lib/python3.14/site-packages/django/test/client.py", line 1128, in get
    response = super().get(
        path,
    ...<4 lines>...
        **extra,
    )
  File "/Users/colinkeogh/Desktop/ConnectCRM1.1/venv/lib/python3.14/site-packages/django/test/client.py", line 475, in get
    return self.generic(
           ~~~~~~~~~~~~^
        "GET",
        ^^^^^^
    ...<4 lines>...
        **extra,
        ^^^^^^^^
    )
    ^
  File "/Users/colinkeogh/Desktop/ConnectCRM1.1/venv/lib/python3.14/site-packages/django/test/client.py", line 671, in generic
    return self.request(**r)
           ~~~~~~~~~~~~^^^^^
  File "/Users/colinkeogh/Desktop/ConnectCRM1.1/venv/lib/python3.14/site-packages/django/test/client.py", line 1086, in request
    response = self.handler(environ)
  File "/Users/colinkeogh/Desktop/ConnectCRM1.1/venv/lib/python3.14/site-packages/django/test/client.py", line 173, in __call__
    self.load_middleware()
    ~~~~~~~~~~~~~~~~~~~~^^
  File "/Users/colinkeogh/Desktop/ConnectCRM1.1/venv/lib/python3.14/site-packages/django/core/handlers/base.py", line 42, in load_middleware
    middleware = import_string(middleware_path)
  File "/Users/colinkeogh/Desktop/ConnectCRM1.1/venv/lib/python3.14/site-packages/django/utils/module_loading.py", line 30, in import_string
    return cached_import(module_path, class_name)
  File "/Users/colinkeogh/Desktop/ConnectCRM1.1/venv/lib/python3.14/site-packages/django/utils/module_loading.py", line 15, in cached_import
    module = import_module(module_path)
  File "/Library/Frameworks/Python.framework/Versions/3.14/lib/python3.14/importlib/__init__.py", line 88, in import_module
    return _bootstrap._gcd_import(name[level:], package, level)
           ~~~~~~~~~~~~~~~~~~~~~~^^^^^^^^^^^^^^^^^^^^^^^^^^^^^^
  File "<frozen importlib._bootstrap>", line 1398, in _gcd_import
  File "<frozen importlib._bootstrap>", line 1371, in _find_and_load
  File "<frozen importlib._bootstrap>", line 1314, in _find_and_load_unlocked
  File "<frozen importlib._bootstrap>", line 491, in _call_with_frames_removed
  File "<frozen importlib._bootstrap>", line 1398, in _gcd_import
  File "<frozen importlib._bootstrap>", line 1371, in _find_and_load
  File "<frozen importlib._bootstrap>", line 1335, in _find_and_load_unlocked
ModuleNotFoundError: No module named 'whitenoise'

======================================================================
ERROR: test_contact_delete_blocks_other_business (crm.tests.test_security.BusinessIsolationTests.test_contact_delete_blocks_other_business)
----------------------------------------------------------------------
Traceback (most recent call last):
  File "/Users/colinkeogh/Desktop/ConnectCRM1.1/crm/tests/test_security.py", line 313, in test_contact_delete_blocks_other_business
    response = self.client.get(
        reverse(
    ...<2 lines>...
        )
    )
  File "/Users/colinkeogh/Desktop/ConnectCRM1.1/venv/lib/python3.14/site-packages/django/test/client.py", line 1128, in get
    response = super().get(
        path,
    ...<4 lines>...
        **extra,
    )
  File "/Users/colinkeogh/Desktop/ConnectCRM1.1/venv/lib/python3.14/site-packages/django/test/client.py", line 475, in get
    return self.generic(
           ~~~~~~~~~~~~^
        "GET",
        ^^^^^^
    ...<4 lines>...
        **extra,
        ^^^^^^^^
    )
    ^
  File "/Users/colinkeogh/Desktop/ConnectCRM1.1/venv/lib/python3.14/site-packages/django/test/client.py", line 671, in generic
    return self.request(**r)
           ~~~~~~~~~~~~^^^^^
  File "/Users/colinkeogh/Desktop/ConnectCRM1.1/venv/lib/python3.14/site-packages/django/test/client.py", line 1086, in request
    response = self.handler(environ)
  File "/Users/colinkeogh/Desktop/ConnectCRM1.1/venv/lib/python3.14/site-packages/django/test/client.py", line 173, in __call__
    self.load_middleware()
    ~~~~~~~~~~~~~~~~~~~~^^
  File "/Users/colinkeogh/Desktop/ConnectCRM1.1/venv/lib/python3.14/site-packages/django/core/handlers/base.py", line 42, in load_middleware
    middleware = import_string(middleware_path)
  File "/Users/colinkeogh/Desktop/ConnectCRM1.1/venv/lib/python3.14/site-packages/django/utils/module_loading.py", line 30, in import_string
    return cached_import(module_path, class_name)
  File "/Users/colinkeogh/Desktop/ConnectCRM1.1/venv/lib/python3.14/site-packages/django/utils/module_loading.py", line 15, in cached_import
    module = import_module(module_path)
  File "/Library/Frameworks/Python.framework/Versions/3.14/lib/python3.14/importlib/__init__.py", line 88, in import_module
    return _bootstrap._gcd_import(name[level:], package, level)
           ~~~~~~~~~~~~~~~~~~~~~~^^^^^^^^^^^^^^^^^^^^^^^^^^^^^^
  File "<frozen importlib._bootstrap>", line 1398, in _gcd_import
  File "<frozen importlib._bootstrap>", line 1371, in _find_and_load
  File "<frozen importlib._bootstrap>", line 1314, in _find_and_load_unlocked
  File "<frozen importlib._bootstrap>", line 491, in _call_with_frames_removed
  File "<frozen importlib._bootstrap>", line 1398, in _gcd_import
  File "<frozen importlib._bootstrap>", line 1371, in _find_and_load
  File "<frozen importlib._bootstrap>", line 1335, in _find_and_load_unlocked
ModuleNotFoundError: No module named 'whitenoise'

======================================================================
ERROR: test_contact_detail_blocks_other_business (crm.tests.test_security.BusinessIsolationTests.test_contact_detail_blocks_other_business)
----------------------------------------------------------------------
Traceback (most recent call last):
  File "/Users/colinkeogh/Desktop/ConnectCRM1.1/crm/tests/test_security.py", line 209, in test_contact_detail_blocks_other_business
    response = self.client.get(
        reverse(
    ...<2 lines>...
        )
    )
  File "/Users/colinkeogh/Desktop/ConnectCRM1.1/venv/lib/python3.14/site-packages/django/test/client.py", line 1128, in get
    response = super().get(
        path,
    ...<4 lines>...
        **extra,
    )
  File "/Users/colinkeogh/Desktop/ConnectCRM1.1/venv/lib/python3.14/site-packages/django/test/client.py", line 475, in get
    return self.generic(
           ~~~~~~~~~~~~^
        "GET",
        ^^^^^^
    ...<4 lines>...
        **extra,
        ^^^^^^^^
    )
    ^
  File "/Users/colinkeogh/Desktop/ConnectCRM1.1/venv/lib/python3.14/site-packages/django/test/client.py", line 671, in generic
    return self.request(**r)
           ~~~~~~~~~~~~^^^^^
  File "/Users/colinkeogh/Desktop/ConnectCRM1.1/venv/lib/python3.14/site-packages/django/test/client.py", line 1086, in request
    response = self.handler(environ)
  File "/Users/colinkeogh/Desktop/ConnectCRM1.1/venv/lib/python3.14/site-packages/django/test/client.py", line 173, in __call__
    self.load_middleware()
    ~~~~~~~~~~~~~~~~~~~~^^
  File "/Users/colinkeogh/Desktop/ConnectCRM1.1/venv/lib/python3.14/site-packages/django/core/handlers/base.py", line 42, in load_middleware
    middleware = import_string(middleware_path)
  File "/Users/colinkeogh/Desktop/ConnectCRM1.1/venv/lib/python3.14/site-packages/django/utils/module_loading.py", line 30, in import_string
    return cached_import(module_path, class_name)
  File "/Users/colinkeogh/Desktop/ConnectCRM1.1/venv/lib/python3.14/site-packages/django/utils/module_loading.py", line 15, in cached_import
    module = import_module(module_path)
  File "/Library/Frameworks/Python.framework/Versions/3.14/lib/python3.14/importlib/__init__.py", line 88, in import_module
    return _bootstrap._gcd_import(name[level:], package, level)
           ~~~~~~~~~~~~~~~~~~~~~~^^^^^^^^^^^^^^^^^^^^^^^^^^^^^^
  File "<frozen importlib._bootstrap>", line 1398, in _gcd_import
  File "<frozen importlib._bootstrap>", line 1371, in _find_and_load
  File "<frozen importlib._bootstrap>", line 1314, in _find_and_load_unlocked
  File "<frozen importlib._bootstrap>", line 491, in _call_with_frames_removed
  File "<frozen importlib._bootstrap>", line 1398, in _gcd_import
  File "<frozen importlib._bootstrap>", line 1371, in _find_and_load
  File "<frozen importlib._bootstrap>", line 1335, in _find_and_load_unlocked
ModuleNotFoundError: No module named 'whitenoise'

======================================================================
ERROR: test_contact_edit_blocks_other_business (crm.tests.test_security.BusinessIsolationTests.test_contact_edit_blocks_other_business)
----------------------------------------------------------------------
Traceback (most recent call last):
  File "/Users/colinkeogh/Desktop/ConnectCRM1.1/crm/tests/test_security.py", line 261, in test_contact_edit_blocks_other_business
    response = self.client.get(
        reverse(
    ...<2 lines>...
        )
    )
  File "/Users/colinkeogh/Desktop/ConnectCRM1.1/venv/lib/python3.14/site-packages/django/test/client.py", line 1128, in get
    response = super().get(
        path,
    ...<4 lines>...
        **extra,
    )
  File "/Users/colinkeogh/Desktop/ConnectCRM1.1/venv/lib/python3.14/site-packages/django/test/client.py", line 475, in get
    return self.generic(
           ~~~~~~~~~~~~^
        "GET",
        ^^^^^^
    ...<4 lines>...
        **extra,
        ^^^^^^^^
    )
    ^
  File "/Users/colinkeogh/Desktop/ConnectCRM1.1/venv/lib/python3.14/site-packages/django/test/client.py", line 671, in generic
    return self.request(**r)
           ~~~~~~~~~~~~^^^^^
  File "/Users/colinkeogh/Desktop/ConnectCRM1.1/venv/lib/python3.14/site-packages/django/test/client.py", line 1086, in request
    response = self.handler(environ)
  File "/Users/colinkeogh/Desktop/ConnectCRM1.1/venv/lib/python3.14/site-packages/django/test/client.py", line 173, in __call__
    self.load_middleware()
    ~~~~~~~~~~~~~~~~~~~~^^
  File "/Users/colinkeogh/Desktop/ConnectCRM1.1/venv/lib/python3.14/site-packages/django/core/handlers/base.py", line 42, in load_middleware
    middleware = import_string(middleware_path)
  File "/Users/colinkeogh/Desktop/ConnectCRM1.1/venv/lib/python3.14/site-packages/django/utils/module_loading.py", line 30, in import_string
    return cached_import(module_path, class_name)
  File "/Users/colinkeogh/Desktop/ConnectCRM1.1/venv/lib/python3.14/site-packages/django/utils/module_loading.py", line 15, in cached_import
    module = import_module(module_path)
  File "/Library/Frameworks/Python.framework/Versions/3.14/lib/python3.14/importlib/__init__.py", line 88, in import_module
    return _bootstrap._gcd_import(name[level:], package, level)
           ~~~~~~~~~~~~~~~~~~~~~~^^^^^^^^^^^^^^^^^^^^^^^^^^^^^^
  File "<frozen importlib._bootstrap>", line 1398, in _gcd_import
  File "<frozen importlib._bootstrap>", line 1371, in _find_and_load
  File "<frozen importlib._bootstrap>", line 1314, in _find_and_load_unlocked
  File "<frozen importlib._bootstrap>", line 491, in _call_with_frames_removed
  File "<frozen importlib._bootstrap>", line 1398, in _gcd_import
  File "<frozen importlib._bootstrap>", line 1371, in _find_and_load
  File "<frozen importlib._bootstrap>", line 1335, in _find_and_load_unlocked
ModuleNotFoundError: No module named 'whitenoise'

======================================================================
ERROR: test_contact_list_only_shows_current_business (crm.tests.test_security.BusinessIsolationTests.test_contact_list_only_shows_current_business)
----------------------------------------------------------------------
Traceback (most recent call last):
  File "/Users/colinkeogh/Desktop/ConnectCRM1.1/crm/tests/test_security.py", line 136, in test_contact_list_only_shows_current_business
    response = self.client.get(
        reverse("crm:contact_list")
    )
  File "/Users/colinkeogh/Desktop/ConnectCRM1.1/venv/lib/python3.14/site-packages/django/test/client.py", line 1128, in get
    response = super().get(
        path,
    ...<4 lines>...
        **extra,
    )
  File "/Users/colinkeogh/Desktop/ConnectCRM1.1/venv/lib/python3.14/site-packages/django/test/client.py", line 475, in get
    return self.generic(
           ~~~~~~~~~~~~^
        "GET",
        ^^^^^^
    ...<4 lines>...
        **extra,
        ^^^^^^^^
    )
    ^
  File "/Users/colinkeogh/Desktop/ConnectCRM1.1/venv/lib/python3.14/site-packages/django/test/client.py", line 671, in generic
    return self.request(**r)
           ~~~~~~~~~~~~^^^^^
  File "/Users/colinkeogh/Desktop/ConnectCRM1.1/venv/lib/python3.14/site-packages/django/test/client.py", line 1086, in request
    response = self.handler(environ)
  File "/Users/colinkeogh/Desktop/ConnectCRM1.1/venv/lib/python3.14/site-packages/django/test/client.py", line 173, in __call__
    self.load_middleware()
    ~~~~~~~~~~~~~~~~~~~~^^
  File "/Users/colinkeogh/Desktop/ConnectCRM1.1/venv/lib/python3.14/site-packages/django/core/handlers/base.py", line 42, in load_middleware
    middleware = import_string(middleware_path)
  File "/Users/colinkeogh/Desktop/ConnectCRM1.1/venv/lib/python3.14/site-packages/django/utils/module_loading.py", line 30, in import_string
    return cached_import(module_path, class_name)
  File "/Users/colinkeogh/Desktop/ConnectCRM1.1/venv/lib/python3.14/site-packages/django/utils/module_loading.py", line 15, in cached_import
    module = import_module(module_path)
  File "/Library/Frameworks/Python.framework/Versions/3.14/lib/python3.14/importlib/__init__.py", line 88, in import_module
    return _bootstrap._gcd_import(name[level:], package, level)
           ~~~~~~~~~~~~~~~~~~~~~~^^^^^^^^^^^^^^^^^^^^^^^^^^^^^^
  File "<frozen importlib._bootstrap>", line 1398, in _gcd_import
  File "<frozen importlib._bootstrap>", line 1371, in _find_and_load
  File "<frozen importlib._bootstrap>", line 1314, in _find_and_load_unlocked
  File "<frozen importlib._bootstrap>", line 491, in _call_with_frames_removed
  File "<frozen importlib._bootstrap>", line 1398, in _gcd_import
  File "<frozen importlib._bootstrap>", line 1371, in _find_and_load
  File "<frozen importlib._bootstrap>", line 1335, in _find_and_load_unlocked
ModuleNotFoundError: No module named 'whitenoise'

======================================================================
ERROR: test_deal_delete_blocks_other_business (crm.tests.test_security.BusinessIsolationTests.test_deal_delete_blocks_other_business)
----------------------------------------------------------------------
Traceback (most recent call last):
  File "/Users/colinkeogh/Desktop/ConnectCRM1.1/crm/tests/test_security.py", line 326, in test_deal_delete_blocks_other_business
    response = self.client.get(
        reverse(
    ...<2 lines>...
        )
    )
  File "/Users/colinkeogh/Desktop/ConnectCRM1.1/venv/lib/python3.14/site-packages/django/test/client.py", line 1128, in get
    response = super().get(
        path,
    ...<4 lines>...
        **extra,
    )
  File "/Users/colinkeogh/Desktop/ConnectCRM1.1/venv/lib/python3.14/site-packages/django/test/client.py", line 475, in get
    return self.generic(
           ~~~~~~~~~~~~^
        "GET",
        ^^^^^^
    ...<4 lines>...
        **extra,
        ^^^^^^^^
    )
    ^
  File "/Users/colinkeogh/Desktop/ConnectCRM1.1/venv/lib/python3.14/site-packages/django/test/client.py", line 671, in generic
    return self.request(**r)
           ~~~~~~~~~~~~^^^^^
  File "/Users/colinkeogh/Desktop/ConnectCRM1.1/venv/lib/python3.14/site-packages/django/test/client.py", line 1086, in request
    response = self.handler(environ)
  File "/Users/colinkeogh/Desktop/ConnectCRM1.1/venv/lib/python3.14/site-packages/django/test/client.py", line 173, in __call__
    self.load_middleware()
    ~~~~~~~~~~~~~~~~~~~~^^
  File "/Users/colinkeogh/Desktop/ConnectCRM1.1/venv/lib/python3.14/site-packages/django/core/handlers/base.py", line 42, in load_middleware
    middleware = import_string(middleware_path)
  File "/Users/colinkeogh/Desktop/ConnectCRM1.1/venv/lib/python3.14/site-packages/django/utils/module_loading.py", line 30, in import_string
    return cached_import(module_path, class_name)
  File "/Users/colinkeogh/Desktop/ConnectCRM1.1/venv/lib/python3.14/site-packages/django/utils/module_loading.py", line 15, in cached_import
    module = import_module(module_path)
  File "/Library/Frameworks/Python.framework/Versions/3.14/lib/python3.14/importlib/__init__.py", line 88, in import_module
    return _bootstrap._gcd_import(name[level:], package, level)
           ~~~~~~~~~~~~~~~~~~~~~~^^^^^^^^^^^^^^^^^^^^^^^^^^^^^^
  File "<frozen importlib._bootstrap>", line 1398, in _gcd_import
  File "<frozen importlib._bootstrap>", line 1371, in _find_and_load
  File "<frozen importlib._bootstrap>", line 1314, in _find_and_load_unlocked
  File "<frozen importlib._bootstrap>", line 491, in _call_with_frames_removed
  File "<frozen importlib._bootstrap>", line 1398, in _gcd_import
  File "<frozen importlib._bootstrap>", line 1371, in _find_and_load
  File "<frozen importlib._bootstrap>", line 1335, in _find_and_load_unlocked
ModuleNotFoundError: No module named 'whitenoise'

======================================================================
ERROR: test_deal_detail_blocks_other_business (crm.tests.test_security.BusinessIsolationTests.test_deal_detail_blocks_other_business)
----------------------------------------------------------------------
Traceback (most recent call last):
  File "/Users/colinkeogh/Desktop/ConnectCRM1.1/crm/tests/test_security.py", line 222, in test_deal_detail_blocks_other_business
    response = self.client.get(
        reverse(
    ...<2 lines>...
        )
    )
  File "/Users/colinkeogh/Desktop/ConnectCRM1.1/venv/lib/python3.14/site-packages/django/test/client.py", line 1128, in get
    response = super().get(
        path,
    ...<4 lines>...
        **extra,
    )
  File "/Users/colinkeogh/Desktop/ConnectCRM1.1/venv/lib/python3.14/site-packages/django/test/client.py", line 475, in get
    return self.generic(
           ~~~~~~~~~~~~^
        "GET",
        ^^^^^^
    ...<4 lines>...
        **extra,
        ^^^^^^^^
    )
    ^
  File "/Users/colinkeogh/Desktop/ConnectCRM1.1/venv/lib/python3.14/site-packages/django/test/client.py", line 671, in generic
    return self.request(**r)
           ~~~~~~~~~~~~^^^^^
  File "/Users/colinkeogh/Desktop/ConnectCRM1.1/venv/lib/python3.14/site-packages/django/test/client.py", line 1086, in request
    response = self.handler(environ)
  File "/Users/colinkeogh/Desktop/ConnectCRM1.1/venv/lib/python3.14/site-packages/django/test/client.py", line 173, in __call__
    self.load_middleware()
    ~~~~~~~~~~~~~~~~~~~~^^
  File "/Users/colinkeogh/Desktop/ConnectCRM1.1/venv/lib/python3.14/site-packages/django/core/handlers/base.py", line 42, in load_middleware
    middleware = import_string(middleware_path)
  File "/Users/colinkeogh/Desktop/ConnectCRM1.1/venv/lib/python3.14/site-packages/django/utils/module_loading.py", line 30, in import_string
    return cached_import(module_path, class_name)
  File "/Users/colinkeogh/Desktop/ConnectCRM1.1/venv/lib/python3.14/site-packages/django/utils/module_loading.py", line 15, in cached_import
    module = import_module(module_path)
  File "/Library/Frameworks/Python.framework/Versions/3.14/lib/python3.14/importlib/__init__.py", line 88, in import_module
    return _bootstrap._gcd_import(name[level:], package, level)
           ~~~~~~~~~~~~~~~~~~~~~~^^^^^^^^^^^^^^^^^^^^^^^^^^^^^^
  File "<frozen importlib._bootstrap>", line 1398, in _gcd_import
  File "<frozen importlib._bootstrap>", line 1371, in _find_and_load
  File "<frozen importlib._bootstrap>", line 1314, in _find_and_load_unlocked
  File "<frozen importlib._bootstrap>", line 491, in _call_with_frames_removed
  File "<frozen importlib._bootstrap>", line 1398, in _gcd_import
  File "<frozen importlib._bootstrap>", line 1371, in _find_and_load
  File "<frozen importlib._bootstrap>", line 1335, in _find_and_load_unlocked
ModuleNotFoundError: No module named 'whitenoise'

======================================================================
ERROR: test_deal_edit_blocks_other_business (crm.tests.test_security.BusinessIsolationTests.test_deal_edit_blocks_other_business)
----------------------------------------------------------------------
Traceback (most recent call last):
  File "/Users/colinkeogh/Desktop/ConnectCRM1.1/crm/tests/test_security.py", line 274, in test_deal_edit_blocks_other_business
    response = self.client.get(
        reverse(
    ...<2 lines>...
        )
    )
  File "/Users/colinkeogh/Desktop/ConnectCRM1.1/venv/lib/python3.14/site-packages/django/test/client.py", line 1128, in get
    response = super().get(
        path,
    ...<4 lines>...
        **extra,
    )
  File "/Users/colinkeogh/Desktop/ConnectCRM1.1/venv/lib/python3.14/site-packages/django/test/client.py", line 475, in get
    return self.generic(
           ~~~~~~~~~~~~^
        "GET",
        ^^^^^^
    ...<4 lines>...
        **extra,
        ^^^^^^^^
    )
    ^
  File "/Users/colinkeogh/Desktop/ConnectCRM1.1/venv/lib/python3.14/site-packages/django/test/client.py", line 671, in generic
    return self.request(**r)
           ~~~~~~~~~~~~^^^^^
  File "/Users/colinkeogh/Desktop/ConnectCRM1.1/venv/lib/python3.14/site-packages/django/test/client.py", line 1086, in request
    response = self.handler(environ)
  File "/Users/colinkeogh/Desktop/ConnectCRM1.1/venv/lib/python3.14/site-packages/django/test/client.py", line 173, in __call__
    self.load_middleware()
    ~~~~~~~~~~~~~~~~~~~~^^
  File "/Users/colinkeogh/Desktop/ConnectCRM1.1/venv/lib/python3.14/site-packages/django/core/handlers/base.py", line 42, in load_middleware
    middleware = import_string(middleware_path)
  File "/Users/colinkeogh/Desktop/ConnectCRM1.1/venv/lib/python3.14/site-packages/django/utils/module_loading.py", line 30, in import_string
    return cached_import(module_path, class_name)
  File "/Users/colinkeogh/Desktop/ConnectCRM1.1/venv/lib/python3.14/site-packages/django/utils/module_loading.py", line 15, in cached_import
    module = import_module(module_path)
  File "/Library/Frameworks/Python.framework/Versions/3.14/lib/python3.14/importlib/__init__.py", line 88, in import_module
    return _bootstrap._gcd_import(name[level:], package, level)
           ~~~~~~~~~~~~~~~~~~~~~~^^^^^^^^^^^^^^^^^^^^^^^^^^^^^^
  File "<frozen importlib._bootstrap>", line 1398, in _gcd_import
  File "<frozen importlib._bootstrap>", line 1371, in _find_and_load
  File "<frozen importlib._bootstrap>", line 1314, in _find_and_load_unlocked
  File "<frozen importlib._bootstrap>", line 491, in _call_with_frames_removed
  File "<frozen importlib._bootstrap>", line 1398, in _gcd_import
  File "<frozen importlib._bootstrap>", line 1371, in _find_and_load
  File "<frozen importlib._bootstrap>", line 1335, in _find_and_load_unlocked
ModuleNotFoundError: No module named 'whitenoise'

======================================================================
ERROR: test_deal_list_only_shows_current_business (crm.tests.test_security.BusinessIsolationTests.test_deal_list_only_shows_current_business)
----------------------------------------------------------------------
Traceback (most recent call last):
  File "/Users/colinkeogh/Desktop/ConnectCRM1.1/crm/tests/test_security.py", line 156, in test_deal_list_only_shows_current_business
    response = self.client.get(
        reverse("crm:deal_list")
    )
  File "/Users/colinkeogh/Desktop/ConnectCRM1.1/venv/lib/python3.14/site-packages/django/test/client.py", line 1128, in get
    response = super().get(
        path,
    ...<4 lines>...
        **extra,
    )
  File "/Users/colinkeogh/Desktop/ConnectCRM1.1/venv/lib/python3.14/site-packages/django/test/client.py", line 475, in get
    return self.generic(
           ~~~~~~~~~~~~^
        "GET",
        ^^^^^^
    ...<4 lines>...
        **extra,
        ^^^^^^^^
    )
    ^
  File "/Users/colinkeogh/Desktop/ConnectCRM1.1/venv/lib/python3.14/site-packages/django/test/client.py", line 671, in generic
    return self.request(**r)
           ~~~~~~~~~~~~^^^^^
  File "/Users/colinkeogh/Desktop/ConnectCRM1.1/venv/lib/python3.14/site-packages/django/test/client.py", line 1086, in request
    response = self.handler(environ)
  File "/Users/colinkeogh/Desktop/ConnectCRM1.1/venv/lib/python3.14/site-packages/django/test/client.py", line 173, in __call__
    self.load_middleware()
    ~~~~~~~~~~~~~~~~~~~~^^
  File "/Users/colinkeogh/Desktop/ConnectCRM1.1/venv/lib/python3.14/site-packages/django/core/handlers/base.py", line 42, in load_middleware
    middleware = import_string(middleware_path)
  File "/Users/colinkeogh/Desktop/ConnectCRM1.1/venv/lib/python3.14/site-packages/django/utils/module_loading.py", line 30, in import_string
    return cached_import(module_path, class_name)
  File "/Users/colinkeogh/Desktop/ConnectCRM1.1/venv/lib/python3.14/site-packages/django/utils/module_loading.py", line 15, in cached_import
    module = import_module(module_path)
  File "/Library/Frameworks/Python.framework/Versions/3.14/lib/python3.14/importlib/__init__.py", line 88, in import_module
    return _bootstrap._gcd_import(name[level:], package, level)
           ~~~~~~~~~~~~~~~~~~~~~~^^^^^^^^^^^^^^^^^^^^^^^^^^^^^^
  File "<frozen importlib._bootstrap>", line 1398, in _gcd_import
  File "<frozen importlib._bootstrap>", line 1371, in _find_and_load
  File "<frozen importlib._bootstrap>", line 1314, in _find_and_load_unlocked
  File "<frozen importlib._bootstrap>", line 491, in _call_with_frames_removed
  File "<frozen importlib._bootstrap>", line 1398, in _gcd_import
  File "<frozen importlib._bootstrap>", line 1371, in _find_and_load
  File "<frozen importlib._bootstrap>", line 1335, in _find_and_load_unlocked
ModuleNotFoundError: No module named 'whitenoise'

======================================================================
ERROR: test_task_delete_blocks_other_business (crm.tests.test_security.BusinessIsolationTests.test_task_delete_blocks_other_business)
----------------------------------------------------------------------
Traceback (most recent call last):
  File "/Users/colinkeogh/Desktop/ConnectCRM1.1/crm/tests/test_security.py", line 339, in test_task_delete_blocks_other_business
    response = self.client.get(
        reverse(
    ...<2 lines>...
        )
    )
  File "/Users/colinkeogh/Desktop/ConnectCRM1.1/venv/lib/python3.14/site-packages/django/test/client.py", line 1128, in get
    response = super().get(
        path,
    ...<4 lines>...
        **extra,
    )
  File "/Users/colinkeogh/Desktop/ConnectCRM1.1/venv/lib/python3.14/site-packages/django/test/client.py", line 475, in get
    return self.generic(
           ~~~~~~~~~~~~^
        "GET",
        ^^^^^^
    ...<4 lines>...
        **extra,
        ^^^^^^^^
    )
    ^
  File "/Users/colinkeogh/Desktop/ConnectCRM1.1/venv/lib/python3.14/site-packages/django/test/client.py", line 671, in generic
    return self.request(**r)
           ~~~~~~~~~~~~^^^^^
  File "/Users/colinkeogh/Desktop/ConnectCRM1.1/venv/lib/python3.14/site-packages/django/test/client.py", line 1086, in request
    response = self.handler(environ)
  File "/Users/colinkeogh/Desktop/ConnectCRM1.1/venv/lib/python3.14/site-packages/django/test/client.py", line 173, in __call__
    self.load_middleware()
    ~~~~~~~~~~~~~~~~~~~~^^
  File "/Users/colinkeogh/Desktop/ConnectCRM1.1/venv/lib/python3.14/site-packages/django/core/handlers/base.py", line 42, in load_middleware
    middleware = import_string(middleware_path)
  File "/Users/colinkeogh/Desktop/ConnectCRM1.1/venv/lib/python3.14/site-packages/django/utils/module_loading.py", line 30, in import_string
    return cached_import(module_path, class_name)
  File "/Users/colinkeogh/Desktop/ConnectCRM1.1/venv/lib/python3.14/site-packages/django/utils/module_loading.py", line 15, in cached_import
    module = import_module(module_path)
  File "/Library/Frameworks/Python.framework/Versions/3.14/lib/python3.14/importlib/__init__.py", line 88, in import_module
    return _bootstrap._gcd_import(name[level:], package, level)
           ~~~~~~~~~~~~~~~~~~~~~~^^^^^^^^^^^^^^^^^^^^^^^^^^^^^^
  File "<frozen importlib._bootstrap>", line 1398, in _gcd_import
  File "<frozen importlib._bootstrap>", line 1371, in _find_and_load
  File "<frozen importlib._bootstrap>", line 1314, in _find_and_load_unlocked
  File "<frozen importlib._bootstrap>", line 491, in _call_with_frames_removed
  File "<frozen importlib._bootstrap>", line 1398, in _gcd_import
  File "<frozen importlib._bootstrap>", line 1371, in _find_and_load
  File "<frozen importlib._bootstrap>", line 1335, in _find_and_load_unlocked
ModuleNotFoundError: No module named 'whitenoise'

======================================================================
ERROR: test_task_detail_blocks_other_business (crm.tests.test_security.BusinessIsolationTests.test_task_detail_blocks_other_business)
----------------------------------------------------------------------
Traceback (most recent call last):
  File "/Users/colinkeogh/Desktop/ConnectCRM1.1/crm/tests/test_security.py", line 235, in test_task_detail_blocks_other_business
    response = self.client.get(
        reverse(
    ...<2 lines>...
        )
    )
  File "/Users/colinkeogh/Desktop/ConnectCRM1.1/venv/lib/python3.14/site-packages/django/test/client.py", line 1128, in get
    response = super().get(
        path,
    ...<4 lines>...
        **extra,
    )
  File "/Users/colinkeogh/Desktop/ConnectCRM1.1/venv/lib/python3.14/site-packages/django/test/client.py", line 475, in get
    return self.generic(
           ~~~~~~~~~~~~^
        "GET",
        ^^^^^^
    ...<4 lines>...
        **extra,
        ^^^^^^^^
    )
    ^
  File "/Users/colinkeogh/Desktop/ConnectCRM1.1/venv/lib/python3.14/site-packages/django/test/client.py", line 671, in generic
    return self.request(**r)
           ~~~~~~~~~~~~^^^^^
  File "/Users/colinkeogh/Desktop/ConnectCRM1.1/venv/lib/python3.14/site-packages/django/test/client.py", line 1086, in request
    response = self.handler(environ)
  File "/Users/colinkeogh/Desktop/ConnectCRM1.1/venv/lib/python3.14/site-packages/django/test/client.py", line 173, in __call__
    self.load_middleware()
    ~~~~~~~~~~~~~~~~~~~~^^
  File "/Users/colinkeogh/Desktop/ConnectCRM1.1/venv/lib/python3.14/site-packages/django/core/handlers/base.py", line 42, in load_middleware
    middleware = import_string(middleware_path)
  File "/Users/colinkeogh/Desktop/ConnectCRM1.1/venv/lib/python3.14/site-packages/django/utils/module_loading.py", line 30, in import_string
    return cached_import(module_path, class_name)
  File "/Users/colinkeogh/Desktop/ConnectCRM1.1/venv/lib/python3.14/site-packages/django/utils/module_loading.py", line 15, in cached_import
    module = import_module(module_path)
  File "/Library/Frameworks/Python.framework/Versions/3.14/lib/python3.14/importlib/__init__.py", line 88, in import_module
    return _bootstrap._gcd_import(name[level:], package, level)
           ~~~~~~~~~~~~~~~~~~~~~~^^^^^^^^^^^^^^^^^^^^^^^^^^^^^^
  File "<frozen importlib._bootstrap>", line 1398, in _gcd_import
  File "<frozen importlib._bootstrap>", line 1371, in _find_and_load
  File "<frozen importlib._bootstrap>", line 1314, in _find_and_load_unlocked
  File "<frozen importlib._bootstrap>", line 491, in _call_with_frames_removed
  File "<frozen importlib._bootstrap>", line 1398, in _gcd_import
  File "<frozen importlib._bootstrap>", line 1371, in _find_and_load
  File "<frozen importlib._bootstrap>", line 1335, in _find_and_load_unlocked
ModuleNotFoundError: No module named 'whitenoise'

======================================================================
ERROR: test_task_edit_blocks_other_business (crm.tests.test_security.BusinessIsolationTests.test_task_edit_blocks_other_business)
----------------------------------------------------------------------
Traceback (most recent call last):
  File "/Users/colinkeogh/Desktop/ConnectCRM1.1/crm/tests/test_security.py", line 287, in test_task_edit_blocks_other_business
    response = self.client.get(
        reverse(
    ...<2 lines>...
        )
    )
  File "/Users/colinkeogh/Desktop/ConnectCRM1.1/venv/lib/python3.14/site-packages/django/test/client.py", line 1128, in get
    response = super().get(
        path,
    ...<4 lines>...
        **extra,
    )
  File "/Users/colinkeogh/Desktop/ConnectCRM1.1/venv/lib/python3.14/site-packages/django/test/client.py", line 475, in get
    return self.generic(
           ~~~~~~~~~~~~^
        "GET",
        ^^^^^^
    ...<4 lines>...
        **extra,
        ^^^^^^^^
    )
    ^
  File "/Users/colinkeogh/Desktop/ConnectCRM1.1/venv/lib/python3.14/site-packages/django/test/client.py", line 671, in generic
    return self.request(**r)
           ~~~~~~~~~~~~^^^^^
  File "/Users/colinkeogh/Desktop/ConnectCRM1.1/venv/lib/python3.14/site-packages/django/test/client.py", line 1086, in request
    response = self.handler(environ)
  File "/Users/colinkeogh/Desktop/ConnectCRM1.1/venv/lib/python3.14/site-packages/django/test/client.py", line 173, in __call__
    self.load_middleware()
    ~~~~~~~~~~~~~~~~~~~~^^
  File "/Users/colinkeogh/Desktop/ConnectCRM1.1/venv/lib/python3.14/site-packages/django/core/handlers/base.py", line 42, in load_middleware
    middleware = import_string(middleware_path)
  File "/Users/colinkeogh/Desktop/ConnectCRM1.1/venv/lib/python3.14/site-packages/django/utils/module_loading.py", line 30, in import_string
    return cached_import(module_path, class_name)
  File "/Users/colinkeogh/Desktop/ConnectCRM1.1/venv/lib/python3.14/site-packages/django/utils/module_loading.py", line 15, in cached_import
    module = import_module(module_path)
  File "/Library/Frameworks/Python.framework/Versions/3.14/lib/python3.14/importlib/__init__.py", line 88, in import_module
    return _bootstrap._gcd_import(name[level:], package, level)
           ~~~~~~~~~~~~~~~~~~~~~~^^^^^^^^^^^^^^^^^^^^^^^^^^^^^^
  File "<frozen importlib._bootstrap>", line 1398, in _gcd_import
  File "<frozen importlib._bootstrap>", line 1371, in _find_and_load
  File "<frozen importlib._bootstrap>", line 1314, in _find_and_load_unlocked
  File "<frozen importlib._bootstrap>", line 491, in _call_with_frames_removed
  File "<frozen importlib._bootstrap>", line 1398, in _gcd_import
  File "<frozen importlib._bootstrap>", line 1371, in _find_and_load
  File "<frozen importlib._bootstrap>", line 1335, in _find_and_load_unlocked
ModuleNotFoundError: No module named 'whitenoise'

======================================================================
ERROR: test_task_list_only_shows_current_business (crm.tests.test_security.BusinessIsolationTests.test_task_list_only_shows_current_business)
----------------------------------------------------------------------
Traceback (most recent call last):
  File "/Users/colinkeogh/Desktop/ConnectCRM1.1/crm/tests/test_security.py", line 176, in test_task_list_only_shows_current_business
    response = self.client.get(
        reverse("crm:task_list")
    )
  File "/Users/colinkeogh/Desktop/ConnectCRM1.1/venv/lib/python3.14/site-packages/django/test/client.py", line 1128, in get
    response = super().get(
        path,
    ...<4 lines>...
        **extra,
    )
  File "/Users/colinkeogh/Desktop/ConnectCRM1.1/venv/lib/python3.14/site-packages/django/test/client.py", line 475, in get
    return self.generic(
           ~~~~~~~~~~~~^
        "GET",
        ^^^^^^
    ...<4 lines>...
        **extra,
        ^^^^^^^^
    )
    ^
  File "/Users/colinkeogh/Desktop/ConnectCRM1.1/venv/lib/python3.14/site-packages/django/test/client.py", line 671, in generic
    return self.request(**r)
           ~~~~~~~~~~~~^^^^^
  File "/Users/colinkeogh/Desktop/ConnectCRM1.1/venv/lib/python3.14/site-packages/django/test/client.py", line 1086, in request
    response = self.handler(environ)
  File "/Users/colinkeogh/Desktop/ConnectCRM1.1/venv/lib/python3.14/site-packages/django/test/client.py", line 173, in __call__
    self.load_middleware()
    ~~~~~~~~~~~~~~~~~~~~^^
  File "/Users/colinkeogh/Desktop/ConnectCRM1.1/venv/lib/python3.14/site-packages/django/core/handlers/base.py", line 42, in load_middleware
    middleware = import_string(middleware_path)
  File "/Users/colinkeogh/Desktop/ConnectCRM1.1/venv/lib/python3.14/site-packages/django/utils/module_loading.py", line 30, in import_string
    return cached_import(module_path, class_name)
  File "/Users/colinkeogh/Desktop/ConnectCRM1.1/venv/lib/python3.14/site-packages/django/utils/module_loading.py", line 15, in cached_import
    module = import_module(module_path)
  File "/Library/Frameworks/Python.framework/Versions/3.14/lib/python3.14/importlib/__init__.py", line 88, in import_module
    return _bootstrap._gcd_import(name[level:], package, level)
           ~~~~~~~~~~~~~~~~~~~~~~^^^^^^^^^^^^^^^^^^^^^^^^^^^^^^
  File "<frozen importlib._bootstrap>", line 1398, in _gcd_import
  File "<frozen importlib._bootstrap>", line 1371, in _find_and_load
  File "<frozen importlib._bootstrap>", line 1314, in _find_and_load_unlocked
  File "<frozen importlib._bootstrap>", line 491, in _call_with_frames_removed
  File "<frozen importlib._bootstrap>", line 1398, in _gcd_import
  File "<frozen importlib._bootstrap>", line 1371, in _find_and_load
  File "<frozen importlib._bootstrap>", line 1335, in _find_and_load_unlocked
ModuleNotFoundError: No module named 'whitenoise'

======================================================================
ERROR: test_admin_can_create_invitation (crm.tests.test_security.InvitationPermissionTests.test_admin_can_create_invitation)
----------------------------------------------------------------------
Traceback (most recent call last):
  File "/Users/colinkeogh/Desktop/ConnectCRM1.1/crm/tests/test_security.py", line 514, in test_admin_can_create_invitation
    response = self.client.post(
        reverse("crm:invitation_create"),
    ...<3 lines>...
        },
    )
  File "/Users/colinkeogh/Desktop/ConnectCRM1.1/venv/lib/python3.14/site-packages/django/test/client.py", line 1157, in post
    response = super().post(
        path,
    ...<5 lines>...
        **extra,
    )
  File "/Users/colinkeogh/Desktop/ConnectCRM1.1/venv/lib/python3.14/site-packages/django/test/client.py", line 499, in post
    return self.generic(
           ~~~~~~~~~~~~^
        "POST",
        ^^^^^^^
    ...<6 lines>...
        **extra,
        ^^^^^^^^
    )
    ^
  File "/Users/colinkeogh/Desktop/ConnectCRM1.1/venv/lib/python3.14/site-packages/django/test/client.py", line 671, in generic
    return self.request(**r)
           ~~~~~~~~~~~~^^^^^
  File "/Users/colinkeogh/Desktop/ConnectCRM1.1/venv/lib/python3.14/site-packages/django/test/client.py", line 1086, in request
    response = self.handler(environ)
  File "/Users/colinkeogh/Desktop/ConnectCRM1.1/venv/lib/python3.14/site-packages/django/test/client.py", line 173, in __call__
    self.load_middleware()
    ~~~~~~~~~~~~~~~~~~~~^^
  File "/Users/colinkeogh/Desktop/ConnectCRM1.1/venv/lib/python3.14/site-packages/django/core/handlers/base.py", line 42, in load_middleware
    middleware = import_string(middleware_path)
  File "/Users/colinkeogh/Desktop/ConnectCRM1.1/venv/lib/python3.14/site-packages/django/utils/module_loading.py", line 30, in import_string
    return cached_import(module_path, class_name)
  File "/Users/colinkeogh/Desktop/ConnectCRM1.1/venv/lib/python3.14/site-packages/django/utils/module_loading.py", line 15, in cached_import
    module = import_module(module_path)
  File "/Library/Frameworks/Python.framework/Versions/3.14/lib/python3.14/importlib/__init__.py", line 88, in import_module
    return _bootstrap._gcd_import(name[level:], package, level)
           ~~~~~~~~~~~~~~~~~~~~~~^^^^^^^^^^^^^^^^^^^^^^^^^^^^^^
  File "<frozen importlib._bootstrap>", line 1398, in _gcd_import
  File "<frozen importlib._bootstrap>", line 1371, in _find_and_load
  File "<frozen importlib._bootstrap>", line 1314, in _find_and_load_unlocked
  File "<frozen importlib._bootstrap>", line 491, in _call_with_frames_removed
  File "<frozen importlib._bootstrap>", line 1398, in _gcd_import
  File "<frozen importlib._bootstrap>", line 1371, in _find_and_load
  File "<frozen importlib._bootstrap>", line 1335, in _find_and_load_unlocked
ModuleNotFoundError: No module named 'whitenoise'

======================================================================
ERROR: test_non_admin_cannot_create_invitation (crm.tests.test_security.InvitationPermissionTests.test_non_admin_cannot_create_invitation)
----------------------------------------------------------------------
Traceback (most recent call last):
  File "/Users/colinkeogh/Desktop/ConnectCRM1.1/crm/tests/test_security.py", line 539, in test_non_admin_cannot_create_invitation
    response = self.client.post(
        reverse("crm:invitation_create"),
    ...<3 lines>...
        },
    )
  File "/Users/colinkeogh/Desktop/ConnectCRM1.1/venv/lib/python3.14/site-packages/django/test/client.py", line 1157, in post
    response = super().post(
        path,
    ...<5 lines>...
        **extra,
    )
  File "/Users/colinkeogh/Desktop/ConnectCRM1.1/venv/lib/python3.14/site-packages/django/test/client.py", line 499, in post
    return self.generic(
           ~~~~~~~~~~~~^
        "POST",
        ^^^^^^^
    ...<6 lines>...
        **extra,
        ^^^^^^^^
    )
    ^
  File "/Users/colinkeogh/Desktop/ConnectCRM1.1/venv/lib/python3.14/site-packages/django/test/client.py", line 671, in generic
    return self.request(**r)
           ~~~~~~~~~~~~^^^^^
  File "/Users/colinkeogh/Desktop/ConnectCRM1.1/venv/lib/python3.14/site-packages/django/test/client.py", line 1086, in request
    response = self.handler(environ)
  File "/Users/colinkeogh/Desktop/ConnectCRM1.1/venv/lib/python3.14/site-packages/django/test/client.py", line 173, in __call__
    self.load_middleware()
    ~~~~~~~~~~~~~~~~~~~~^^
  File "/Users/colinkeogh/Desktop/ConnectCRM1.1/venv/lib/python3.14/site-packages/django/core/handlers/base.py", line 42, in load_middleware
    middleware = import_string(middleware_path)
  File "/Users/colinkeogh/Desktop/ConnectCRM1.1/venv/lib/python3.14/site-packages/django/utils/module_loading.py", line 30, in import_string
    return cached_import(module_path, class_name)
  File "/Users/colinkeogh/Desktop/ConnectCRM1.1/venv/lib/python3.14/site-packages/django/utils/module_loading.py", line 15, in cached_import
    module = import_module(module_path)
  File "/Library/Frameworks/Python.framework/Versions/3.14/lib/python3.14/importlib/__init__.py", line 88, in import_module
    return _bootstrap._gcd_import(name[level:], package, level)
           ~~~~~~~~~~~~~~~~~~~~~~^^^^^^^^^^^^^^^^^^^^^^^^^^^^^^
  File "<frozen importlib._bootstrap>", line 1398, in _gcd_import
  File "<frozen importlib._bootstrap>", line 1371, in _find_and_load
  File "<frozen importlib._bootstrap>", line 1314, in _find_and_load_unlocked
  File "<frozen importlib._bootstrap>", line 491, in _call_with_frames_removed
  File "<frozen importlib._bootstrap>", line 1398, in _gcd_import
  File "<frozen importlib._bootstrap>", line 1371, in _find_and_load
  File "<frozen importlib._bootstrap>", line 1335, in _find_and_load_unlocked
ModuleNotFoundError: No module named 'whitenoise'

======================================================================
ERROR: test_contact_cannot_use_other_business_company (crm.tests.test_security.RelatedObjectSecurityTests.test_contact_cannot_use_other_business_company)
----------------------------------------------------------------------
Traceback (most recent call last):
  File "/Users/colinkeogh/Desktop/ConnectCRM1.1/crm/tests/test_security.py", line 400, in test_contact_cannot_use_other_business_company
    response = self.client.post(
        reverse("crm:contact_create"),
    ...<7 lines>...
        },
    )
  File "/Users/colinkeogh/Desktop/ConnectCRM1.1/venv/lib/python3.14/site-packages/django/test/client.py", line 1157, in post
    response = super().post(
        path,
    ...<5 lines>...
        **extra,
    )
  File "/Users/colinkeogh/Desktop/ConnectCRM1.1/venv/lib/python3.14/site-packages/django/test/client.py", line 499, in post
    return self.generic(
           ~~~~~~~~~~~~^
        "POST",
        ^^^^^^^
    ...<6 lines>...
        **extra,
        ^^^^^^^^
    )
    ^
  File "/Users/colinkeogh/Desktop/ConnectCRM1.1/venv/lib/python3.14/site-packages/django/test/client.py", line 671, in generic
    return self.request(**r)
           ~~~~~~~~~~~~^^^^^
  File "/Users/colinkeogh/Desktop/ConnectCRM1.1/venv/lib/python3.14/site-packages/django/test/client.py", line 1086, in request
    response = self.handler(environ)
  File "/Users/colinkeogh/Desktop/ConnectCRM1.1/venv/lib/python3.14/site-packages/django/test/client.py", line 173, in __call__
    self.load_middleware()
    ~~~~~~~~~~~~~~~~~~~~^^
  File "/Users/colinkeogh/Desktop/ConnectCRM1.1/venv/lib/python3.14/site-packages/django/core/handlers/base.py", line 42, in load_middleware
    middleware = import_string(middleware_path)
  File "/Users/colinkeogh/Desktop/ConnectCRM1.1/venv/lib/python3.14/site-packages/django/utils/module_loading.py", line 30, in import_string
    return cached_import(module_path, class_name)
  File "/Users/colinkeogh/Desktop/ConnectCRM1.1/venv/lib/python3.14/site-packages/django/utils/module_loading.py", line 15, in cached_import
    module = import_module(module_path)
  File "/Library/Frameworks/Python.framework/Versions/3.14/lib/python3.14/importlib/__init__.py", line 88, in import_module
    return _bootstrap._gcd_import(name[level:], package, level)
           ~~~~~~~~~~~~~~~~~~~~~~^^^^^^^^^^^^^^^^^^^^^^^^^^^^^^
  File "<frozen importlib._bootstrap>", line 1398, in _gcd_import
  File "<frozen importlib._bootstrap>", line 1371, in _find_and_load
  File "<frozen importlib._bootstrap>", line 1314, in _find_and_load_unlocked
  File "<frozen importlib._bootstrap>", line 491, in _call_with_frames_removed
  File "<frozen importlib._bootstrap>", line 1398, in _gcd_import
  File "<frozen importlib._bootstrap>", line 1371, in _find_and_load
  File "<frozen importlib._bootstrap>", line 1335, in _find_and_load_unlocked
ModuleNotFoundError: No module named 'whitenoise'

======================================================================
ERROR: test_deal_cannot_use_other_business_company_or_contact (crm.tests.test_security.RelatedObjectSecurityTests.test_deal_cannot_use_other_business_company_or_contact)
----------------------------------------------------------------------
Traceback (most recent call last):
  File "/Users/colinkeogh/Desktop/ConnectCRM1.1/crm/tests/test_security.py", line 425, in test_deal_cannot_use_other_business_company_or_contact
    response = self.client.post(
        reverse("crm:deal_create"),
    ...<6 lines>...
        },
    )
  File "/Users/colinkeogh/Desktop/ConnectCRM1.1/venv/lib/python3.14/site-packages/django/test/client.py", line 1157, in post
    response = super().post(
        path,
    ...<5 lines>...
        **extra,
    )
  File "/Users/colinkeogh/Desktop/ConnectCRM1.1/venv/lib/python3.14/site-packages/django/test/client.py", line 499, in post
    return self.generic(
           ~~~~~~~~~~~~^
        "POST",
        ^^^^^^^
    ...<6 lines>...
        **extra,
        ^^^^^^^^
    )
    ^
  File "/Users/colinkeogh/Desktop/ConnectCRM1.1/venv/lib/python3.14/site-packages/django/test/client.py", line 671, in generic
    return self.request(**r)
           ~~~~~~~~~~~~^^^^^
  File "/Users/colinkeogh/Desktop/ConnectCRM1.1/venv/lib/python3.14/site-packages/django/test/client.py", line 1086, in request
    response = self.handler(environ)
  File "/Users/colinkeogh/Desktop/ConnectCRM1.1/venv/lib/python3.14/site-packages/django/test/client.py", line 173, in __call__
    self.load_middleware()
    ~~~~~~~~~~~~~~~~~~~~^^
  File "/Users/colinkeogh/Desktop/ConnectCRM1.1/venv/lib/python3.14/site-packages/django/core/handlers/base.py", line 42, in load_middleware
    middleware = import_string(middleware_path)
  File "/Users/colinkeogh/Desktop/ConnectCRM1.1/venv/lib/python3.14/site-packages/django/utils/module_loading.py", line 30, in import_string
    return cached_import(module_path, class_name)
  File "/Users/colinkeogh/Desktop/ConnectCRM1.1/venv/lib/python3.14/site-packages/django/utils/module_loading.py", line 15, in cached_import
    module = import_module(module_path)
  File "/Library/Frameworks/Python.framework/Versions/3.14/lib/python3.14/importlib/__init__.py", line 88, in import_module
    return _bootstrap._gcd_import(name[level:], package, level)
           ~~~~~~~~~~~~~~~~~~~~~~^^^^^^^^^^^^^^^^^^^^^^^^^^^^^^
  File "<frozen importlib._bootstrap>", line 1398, in _gcd_import
  File "<frozen importlib._bootstrap>", line 1371, in _find_and_load
  File "<frozen importlib._bootstrap>", line 1314, in _find_and_load_unlocked
  File "<frozen importlib._bootstrap>", line 491, in _call_with_frames_removed
  File "<frozen importlib._bootstrap>", line 1398, in _gcd_import
  File "<frozen importlib._bootstrap>", line 1371, in _find_and_load
  File "<frozen importlib._bootstrap>", line 1335, in _find_and_load_unlocked
ModuleNotFoundError: No module named 'whitenoise'

======================================================================
ERROR: test_task_cannot_use_other_business_company_contact_or_deal (crm.tests.test_security.RelatedObjectSecurityTests.test_task_cannot_use_other_business_company_contact_or_deal)
----------------------------------------------------------------------
Traceback (most recent call last):
  File "/Users/colinkeogh/Desktop/ConnectCRM1.1/crm/tests/test_security.py", line 449, in test_task_cannot_use_other_business_company_contact_or_deal
    response = self.client.post(
        reverse("crm:task_create"),
    ...<9 lines>...
        },
    )
  File "/Users/colinkeogh/Desktop/ConnectCRM1.1/venv/lib/python3.14/site-packages/django/test/client.py", line 1157, in post
    response = super().post(
        path,
    ...<5 lines>...
        **extra,
    )
  File "/Users/colinkeogh/Desktop/ConnectCRM1.1/venv/lib/python3.14/site-packages/django/test/client.py", line 499, in post
    return self.generic(
           ~~~~~~~~~~~~^
        "POST",
        ^^^^^^^
    ...<6 lines>...
        **extra,
        ^^^^^^^^
    )
    ^
  File "/Users/colinkeogh/Desktop/ConnectCRM1.1/venv/lib/python3.14/site-packages/django/test/client.py", line 671, in generic
    return self.request(**r)
           ~~~~~~~~~~~~^^^^^
  File "/Users/colinkeogh/Desktop/ConnectCRM1.1/venv/lib/python3.14/site-packages/django/test/client.py", line 1086, in request
    response = self.handler(environ)
  File "/Users/colinkeogh/Desktop/ConnectCRM1.1/venv/lib/python3.14/site-packages/django/test/client.py", line 173, in __call__
    self.load_middleware()
    ~~~~~~~~~~~~~~~~~~~~^^
  File "/Users/colinkeogh/Desktop/ConnectCRM1.1/venv/lib/python3.14/site-packages/django/core/handlers/base.py", line 42, in load_middleware
    middleware = import_string(middleware_path)
  File "/Users/colinkeogh/Desktop/ConnectCRM1.1/venv/lib/python3.14/site-packages/django/utils/module_loading.py", line 30, in import_string
    return cached_import(module_path, class_name)
  File "/Users/colinkeogh/Desktop/ConnectCRM1.1/venv/lib/python3.14/site-packages/django/utils/module_loading.py", line 15, in cached_import
    module = import_module(module_path)
  File "/Library/Frameworks/Python.framework/Versions/3.14/lib/python3.14/importlib/__init__.py", line 88, in import_module
    return _bootstrap._gcd_import(name[level:], package, level)
           ~~~~~~~~~~~~~~~~~~~~~~^^^^^^^^^^^^^^^^^^^^^^^^^^^^^^
  File "<frozen importlib._bootstrap>", line 1398, in _gcd_import
  File "<frozen importlib._bootstrap>", line 1371, in _find_and_load
  File "<frozen importlib._bootstrap>", line 1314, in _find_and_load_unlocked
  File "<frozen importlib._bootstrap>", line 491, in _call_with_frames_removed
  File "<frozen importlib._bootstrap>", line 1398, in _gcd_import
  File "<frozen importlib._bootstrap>", line 1371, in _find_and_load
  File "<frozen importlib._bootstrap>", line 1335, in _find_and_load_unlocked
ModuleNotFoundError: No module named 'whitenoise'

======================================================================
ERROR: test_dashboard_denies_non_member_on_wrong_subdomain (crm.tests.test_tenancy.TenantMiddlewareTests.test_dashboard_denies_non_member_on_wrong_subdomain)
----------------------------------------------------------------------
Traceback (most recent call last):
  File "/Users/colinkeogh/Desktop/ConnectCRM1.1/crm/tests/test_tenancy.py", line 59, in test_dashboard_denies_non_member_on_wrong_subdomain
    response = self.client.get(reverse("core:dashboard"), HTTP_HOST=host_for("business-b"))
  File "/Users/colinkeogh/Desktop/ConnectCRM1.1/venv/lib/python3.14/site-packages/django/test/client.py", line 1128, in get
    response = super().get(
        path,
    ...<4 lines>...
        **extra,
    )
  File "/Users/colinkeogh/Desktop/ConnectCRM1.1/venv/lib/python3.14/site-packages/django/test/client.py", line 475, in get
    return self.generic(
           ~~~~~~~~~~~~^
        "GET",
        ^^^^^^
    ...<4 lines>...
        **extra,
        ^^^^^^^^
    )
    ^
  File "/Users/colinkeogh/Desktop/ConnectCRM1.1/venv/lib/python3.14/site-packages/django/test/client.py", line 671, in generic
    return self.request(**r)
           ~~~~~~~~~~~~^^^^^
  File "/Users/colinkeogh/Desktop/ConnectCRM1.1/venv/lib/python3.14/site-packages/django/test/client.py", line 1086, in request
    response = self.handler(environ)
  File "/Users/colinkeogh/Desktop/ConnectCRM1.1/venv/lib/python3.14/site-packages/django/test/client.py", line 173, in __call__
    self.load_middleware()
    ~~~~~~~~~~~~~~~~~~~~^^
  File "/Users/colinkeogh/Desktop/ConnectCRM1.1/venv/lib/python3.14/site-packages/django/core/handlers/base.py", line 42, in load_middleware
    middleware = import_string(middleware_path)
  File "/Users/colinkeogh/Desktop/ConnectCRM1.1/venv/lib/python3.14/site-packages/django/utils/module_loading.py", line 30, in import_string
    return cached_import(module_path, class_name)
  File "/Users/colinkeogh/Desktop/ConnectCRM1.1/venv/lib/python3.14/site-packages/django/utils/module_loading.py", line 15, in cached_import
    module = import_module(module_path)
  File "/Library/Frameworks/Python.framework/Versions/3.14/lib/python3.14/importlib/__init__.py", line 88, in import_module
    return _bootstrap._gcd_import(name[level:], package, level)
           ~~~~~~~~~~~~~~~~~~~~~~^^^^^^^^^^^^^^^^^^^^^^^^^^^^^^
  File "<frozen importlib._bootstrap>", line 1398, in _gcd_import
  File "<frozen importlib._bootstrap>", line 1371, in _find_and_load
  File "<frozen importlib._bootstrap>", line 1314, in _find_and_load_unlocked
  File "<frozen importlib._bootstrap>", line 491, in _call_with_frames_removed
  File "<frozen importlib._bootstrap>", line 1398, in _gcd_import
  File "<frozen importlib._bootstrap>", line 1371, in _find_and_load
  File "<frozen importlib._bootstrap>", line 1335, in _find_and_load_unlocked
ModuleNotFoundError: No module named 'whitenoise'

======================================================================
ERROR: test_login_rejected_with_correct_password_but_wrong_workspace (crm.tests.test_tenancy.TenantMiddlewareTests.test_login_rejected_with_correct_password_but_wrong_workspace)
----------------------------------------------------------------------
Traceback (most recent call last):
  File "/Users/colinkeogh/Desktop/ConnectCRM1.1/crm/tests/test_tenancy.py", line 67, in test_login_rejected_with_correct_password_but_wrong_workspace
    response = self.client.post(
        reverse("accounts:login"),
        {"username": "usera", "password": "StrongPass123!"},
        HTTP_HOST=host_for("business-b"),
    )
  File "/Users/colinkeogh/Desktop/ConnectCRM1.1/venv/lib/python3.14/site-packages/django/test/client.py", line 1157, in post
    response = super().post(
        path,
    ...<5 lines>...
        **extra,
    )
  File "/Users/colinkeogh/Desktop/ConnectCRM1.1/venv/lib/python3.14/site-packages/django/test/client.py", line 499, in post
    return self.generic(
           ~~~~~~~~~~~~^
        "POST",
        ^^^^^^^
    ...<6 lines>...
        **extra,
        ^^^^^^^^
    )
    ^
  File "/Users/colinkeogh/Desktop/ConnectCRM1.1/venv/lib/python3.14/site-packages/django/test/client.py", line 671, in generic
    return self.request(**r)
           ~~~~~~~~~~~~^^^^^
  File "/Users/colinkeogh/Desktop/ConnectCRM1.1/venv/lib/python3.14/site-packages/django/test/client.py", line 1086, in request
    response = self.handler(environ)
  File "/Users/colinkeogh/Desktop/ConnectCRM1.1/venv/lib/python3.14/site-packages/django/test/client.py", line 173, in __call__
    self.load_middleware()
    ~~~~~~~~~~~~~~~~~~~~^^
  File "/Users/colinkeogh/Desktop/ConnectCRM1.1/venv/lib/python3.14/site-packages/django/core/handlers/base.py", line 42, in load_middleware
    middleware = import_string(middleware_path)
  File "/Users/colinkeogh/Desktop/ConnectCRM1.1/venv/lib/python3.14/site-packages/django/utils/module_loading.py", line 30, in import_string
    return cached_import(module_path, class_name)
  File "/Users/colinkeogh/Desktop/ConnectCRM1.1/venv/lib/python3.14/site-packages/django/utils/module_loading.py", line 15, in cached_import
    module = import_module(module_path)
  File "/Library/Frameworks/Python.framework/Versions/3.14/lib/python3.14/importlib/__init__.py", line 88, in import_module
    return _bootstrap._gcd_import(name[level:], package, level)
           ~~~~~~~~~~~~~~~~~~~~~~^^^^^^^^^^^^^^^^^^^^^^^^^^^^^^
  File "<frozen importlib._bootstrap>", line 1398, in _gcd_import
  File "<frozen importlib._bootstrap>", line 1371, in _find_and_load
  File "<frozen importlib._bootstrap>", line 1314, in _find_and_load_unlocked
  File "<frozen importlib._bootstrap>", line 491, in _call_with_frames_removed
  File "<frozen importlib._bootstrap>", line 1398, in _gcd_import
  File "<frozen importlib._bootstrap>", line 1371, in _find_and_load
  File "<frozen importlib._bootstrap>", line 1335, in _find_and_load_unlocked
ModuleNotFoundError: No module named 'whitenoise'

======================================================================
ERROR: test_login_succeeds_for_matching_workspace (crm.tests.test_tenancy.TenantMiddlewareTests.test_login_succeeds_for_matching_workspace)
----------------------------------------------------------------------
Traceback (most recent call last):
  File "/Users/colinkeogh/Desktop/ConnectCRM1.1/crm/tests/test_tenancy.py", line 77, in test_login_succeeds_for_matching_workspace
    response = self.client.post(
        reverse("accounts:login"),
        {"username": "usera", "password": "StrongPass123!"},
        HTTP_HOST=host_for("business-a"),
    )
  File "/Users/colinkeogh/Desktop/ConnectCRM1.1/venv/lib/python3.14/site-packages/django/test/client.py", line 1157, in post
    response = super().post(
        path,
    ...<5 lines>...
        **extra,
    )
  File "/Users/colinkeogh/Desktop/ConnectCRM1.1/venv/lib/python3.14/site-packages/django/test/client.py", line 499, in post
    return self.generic(
           ~~~~~~~~~~~~^
        "POST",
        ^^^^^^^
    ...<6 lines>...
        **extra,
        ^^^^^^^^
    )
    ^
  File "/Users/colinkeogh/Desktop/ConnectCRM1.1/venv/lib/python3.14/site-packages/django/test/client.py", line 671, in generic
    return self.request(**r)
           ~~~~~~~~~~~~^^^^^
  File "/Users/colinkeogh/Desktop/ConnectCRM1.1/venv/lib/python3.14/site-packages/django/test/client.py", line 1086, in request
    response = self.handler(environ)
  File "/Users/colinkeogh/Desktop/ConnectCRM1.1/venv/lib/python3.14/site-packages/django/test/client.py", line 173, in __call__
    self.load_middleware()
    ~~~~~~~~~~~~~~~~~~~~^^
  File "/Users/colinkeogh/Desktop/ConnectCRM1.1/venv/lib/python3.14/site-packages/django/core/handlers/base.py", line 42, in load_middleware
    middleware = import_string(middleware_path)
  File "/Users/colinkeogh/Desktop/ConnectCRM1.1/venv/lib/python3.14/site-packages/django/utils/module_loading.py", line 30, in import_string
    return cached_import(module_path, class_name)
  File "/Users/colinkeogh/Desktop/ConnectCRM1.1/venv/lib/python3.14/site-packages/django/utils/module_loading.py", line 15, in cached_import
    module = import_module(module_path)
  File "/Library/Frameworks/Python.framework/Versions/3.14/lib/python3.14/importlib/__init__.py", line 88, in import_module
    return _bootstrap._gcd_import(name[level:], package, level)
           ~~~~~~~~~~~~~~~~~~~~~~^^^^^^^^^^^^^^^^^^^^^^^^^^^^^^
  File "<frozen importlib._bootstrap>", line 1398, in _gcd_import
  File "<frozen importlib._bootstrap>", line 1371, in _find_and_load
  File "<frozen importlib._bootstrap>", line 1314, in _find_and_load_unlocked
  File "<frozen importlib._bootstrap>", line 491, in _call_with_frames_removed
  File "<frozen importlib._bootstrap>", line 1398, in _gcd_import
  File "<frozen importlib._bootstrap>", line 1371, in _find_and_load
  File "<frozen importlib._bootstrap>", line 1335, in _find_and_load_unlocked
ModuleNotFoundError: No module named 'whitenoise'

======================================================================
ERROR: test_member_sees_only_their_business_on_matching_subdomain (crm.tests.test_tenancy.TenantMiddlewareTests.test_member_sees_only_their_business_on_matching_subdomain)
----------------------------------------------------------------------
Traceback (most recent call last):
  File "/Users/colinkeogh/Desktop/ConnectCRM1.1/crm/tests/test_tenancy.py", line 43, in test_member_sees_only_their_business_on_matching_subdomain
    response = self.client.get(reverse("crm:company_list"), HTTP_HOST=host_for("business-a"))
  File "/Users/colinkeogh/Desktop/ConnectCRM1.1/venv/lib/python3.14/site-packages/django/test/client.py", line 1128, in get
    response = super().get(
        path,
    ...<4 lines>...
        **extra,
    )
  File "/Users/colinkeogh/Desktop/ConnectCRM1.1/venv/lib/python3.14/site-packages/django/test/client.py", line 475, in get
    return self.generic(
           ~~~~~~~~~~~~^
        "GET",
        ^^^^^^
    ...<4 lines>...
        **extra,
        ^^^^^^^^
    )
    ^
  File "/Users/colinkeogh/Desktop/ConnectCRM1.1/venv/lib/python3.14/site-packages/django/test/client.py", line 671, in generic
    return self.request(**r)
           ~~~~~~~~~~~~^^^^^
  File "/Users/colinkeogh/Desktop/ConnectCRM1.1/venv/lib/python3.14/site-packages/django/test/client.py", line 1086, in request
    response = self.handler(environ)
  File "/Users/colinkeogh/Desktop/ConnectCRM1.1/venv/lib/python3.14/site-packages/django/test/client.py", line 173, in __call__
    self.load_middleware()
    ~~~~~~~~~~~~~~~~~~~~^^
  File "/Users/colinkeogh/Desktop/ConnectCRM1.1/venv/lib/python3.14/site-packages/django/core/handlers/base.py", line 42, in load_middleware
    middleware = import_string(middleware_path)
  File "/Users/colinkeogh/Desktop/ConnectCRM1.1/venv/lib/python3.14/site-packages/django/utils/module_loading.py", line 30, in import_string
    return cached_import(module_path, class_name)
  File "/Users/colinkeogh/Desktop/ConnectCRM1.1/venv/lib/python3.14/site-packages/django/utils/module_loading.py", line 15, in cached_import
    module = import_module(module_path)
  File "/Library/Frameworks/Python.framework/Versions/3.14/lib/python3.14/importlib/__init__.py", line 88, in import_module
    return _bootstrap._gcd_import(name[level:], package, level)
           ~~~~~~~~~~~~~~~~~~~~~~^^^^^^^^^^^^^^^^^^^^^^^^^^^^^^
  File "<frozen importlib._bootstrap>", line 1398, in _gcd_import
  File "<frozen importlib._bootstrap>", line 1371, in _find_and_load
  File "<frozen importlib._bootstrap>", line 1314, in _find_and_load_unlocked
  File "<frozen importlib._bootstrap>", line 491, in _call_with_frames_removed
  File "<frozen importlib._bootstrap>", line 1398, in _gcd_import
  File "<frozen importlib._bootstrap>", line 1371, in _find_and_load
  File "<frozen importlib._bootstrap>", line 1335, in _find_and_load_unlocked
ModuleNotFoundError: No module named 'whitenoise'

======================================================================
ERROR: test_new_business_cannot_be_created_from_inside_another_workspace (crm.tests.test_tenancy.TenantMiddlewareTests.test_new_business_cannot_be_created_from_inside_another_workspace)
----------------------------------------------------------------------
Traceback (most recent call last):
  File "/Users/colinkeogh/Desktop/ConnectCRM1.1/crm/tests/test_tenancy.py", line 96, in test_new_business_cannot_be_created_from_inside_another_workspace
    response = self.client.post(
        reverse("accounts:register"),
    ...<6 lines>...
        HTTP_HOST=host_for("business-a"),
    )
  File "/Users/colinkeogh/Desktop/ConnectCRM1.1/venv/lib/python3.14/site-packages/django/test/client.py", line 1157, in post
    response = super().post(
        path,
    ...<5 lines>...
        **extra,
    )
  File "/Users/colinkeogh/Desktop/ConnectCRM1.1/venv/lib/python3.14/site-packages/django/test/client.py", line 499, in post
    return self.generic(
           ~~~~~~~~~~~~^
        "POST",
        ^^^^^^^
    ...<6 lines>...
        **extra,
        ^^^^^^^^
    )
    ^
  File "/Users/colinkeogh/Desktop/ConnectCRM1.1/venv/lib/python3.14/site-packages/django/test/client.py", line 671, in generic
    return self.request(**r)
           ~~~~~~~~~~~~^^^^^
  File "/Users/colinkeogh/Desktop/ConnectCRM1.1/venv/lib/python3.14/site-packages/django/test/client.py", line 1086, in request
    response = self.handler(environ)
  File "/Users/colinkeogh/Desktop/ConnectCRM1.1/venv/lib/python3.14/site-packages/django/test/client.py", line 173, in __call__
    self.load_middleware()
    ~~~~~~~~~~~~~~~~~~~~^^
  File "/Users/colinkeogh/Desktop/ConnectCRM1.1/venv/lib/python3.14/site-packages/django/core/handlers/base.py", line 42, in load_middleware
    middleware = import_string(middleware_path)
  File "/Users/colinkeogh/Desktop/ConnectCRM1.1/venv/lib/python3.14/site-packages/django/utils/module_loading.py", line 30, in import_string
    return cached_import(module_path, class_name)
  File "/Users/colinkeogh/Desktop/ConnectCRM1.1/venv/lib/python3.14/site-packages/django/utils/module_loading.py", line 15, in cached_import
    module = import_module(module_path)
  File "/Library/Frameworks/Python.framework/Versions/3.14/lib/python3.14/importlib/__init__.py", line 88, in import_module
    return _bootstrap._gcd_import(name[level:], package, level)
           ~~~~~~~~~~~~~~~~~~~~~~^^^^^^^^^^^^^^^^^^^^^^^^^^^^^^
  File "<frozen importlib._bootstrap>", line 1398, in _gcd_import
  File "<frozen importlib._bootstrap>", line 1371, in _find_and_load
  File "<frozen importlib._bootstrap>", line 1314, in _find_and_load_unlocked
  File "<frozen importlib._bootstrap>", line 491, in _call_with_frames_removed
  File "<frozen importlib._bootstrap>", line 1398, in _gcd_import
  File "<frozen importlib._bootstrap>", line 1371, in _find_and_load
  File "<frozen importlib._bootstrap>", line 1335, in _find_and_load_unlocked
ModuleNotFoundError: No module named 'whitenoise'

======================================================================
ERROR: test_non_member_is_denied_on_someone_elses_subdomain (crm.tests.test_tenancy.TenantMiddlewareTests.test_non_member_is_denied_on_someone_elses_subdomain)
----------------------------------------------------------------------
Traceback (most recent call last):
  File "/Users/colinkeogh/Desktop/ConnectCRM1.1/crm/tests/test_tenancy.py", line 54, in test_non_member_is_denied_on_someone_elses_subdomain
    response = self.client.get(reverse("crm:company_list"), HTTP_HOST=host_for("business-b"))
  File "/Users/colinkeogh/Desktop/ConnectCRM1.1/venv/lib/python3.14/site-packages/django/test/client.py", line 1128, in get
    response = super().get(
        path,
    ...<4 lines>...
        **extra,
    )
  File "/Users/colinkeogh/Desktop/ConnectCRM1.1/venv/lib/python3.14/site-packages/django/test/client.py", line 475, in get
    return self.generic(
           ~~~~~~~~~~~~^
        "GET",
        ^^^^^^
    ...<4 lines>...
        **extra,
        ^^^^^^^^
    )
    ^
  File "/Users/colinkeogh/Desktop/ConnectCRM1.1/venv/lib/python3.14/site-packages/django/test/client.py", line 671, in generic
    return self.request(**r)
           ~~~~~~~~~~~~^^^^^
  File "/Users/colinkeogh/Desktop/ConnectCRM1.1/venv/lib/python3.14/site-packages/django/test/client.py", line 1086, in request
    response = self.handler(environ)
  File "/Users/colinkeogh/Desktop/ConnectCRM1.1/venv/lib/python3.14/site-packages/django/test/client.py", line 173, in __call__
    self.load_middleware()
    ~~~~~~~~~~~~~~~~~~~~^^
  File "/Users/colinkeogh/Desktop/ConnectCRM1.1/venv/lib/python3.14/site-packages/django/core/handlers/base.py", line 42, in load_middleware
    middleware = import_string(middleware_path)
  File "/Users/colinkeogh/Desktop/ConnectCRM1.1/venv/lib/python3.14/site-packages/django/utils/module_loading.py", line 30, in import_string
    return cached_import(module_path, class_name)
  File "/Users/colinkeogh/Desktop/ConnectCRM1.1/venv/lib/python3.14/site-packages/django/utils/module_loading.py", line 15, in cached_import
    module = import_module(module_path)
  File "/Library/Frameworks/Python.framework/Versions/3.14/lib/python3.14/importlib/__init__.py", line 88, in import_module
    return _bootstrap._gcd_import(name[level:], package, level)
           ~~~~~~~~~~~~~~~~~~~~~~^^^^^^^^^^^^^^^^^^^^^^^^^^^^^^
  File "<frozen importlib._bootstrap>", line 1398, in _gcd_import
  File "<frozen importlib._bootstrap>", line 1371, in _find_and_load
  File "<frozen importlib._bootstrap>", line 1314, in _find_and_load_unlocked
  File "<frozen importlib._bootstrap>", line 491, in _call_with_frames_removed
  File "<frozen importlib._bootstrap>", line 1398, in _gcd_import
  File "<frozen importlib._bootstrap>", line 1371, in _find_and_load
  File "<frozen importlib._bootstrap>", line 1335, in _find_and_load_unlocked
ModuleNotFoundError: No module named 'whitenoise'

======================================================================
ERROR: test_reserved_subdomain_behaves_like_root_domain (crm.tests.test_tenancy.TenantMiddlewareTests.test_reserved_subdomain_behaves_like_root_domain)
----------------------------------------------------------------------
Traceback (most recent call last):
  File "/Users/colinkeogh/Desktop/ConnectCRM1.1/crm/tests/test_tenancy.py", line 38, in test_reserved_subdomain_behaves_like_root_domain
    response = self.client.get(reverse("core:home"), HTTP_HOST=host_for("www"))
  File "/Users/colinkeogh/Desktop/ConnectCRM1.1/venv/lib/python3.14/site-packages/django/test/client.py", line 1128, in get
    response = super().get(
        path,
    ...<4 lines>...
        **extra,
    )
  File "/Users/colinkeogh/Desktop/ConnectCRM1.1/venv/lib/python3.14/site-packages/django/test/client.py", line 475, in get
    return self.generic(
           ~~~~~~~~~~~~^
        "GET",
        ^^^^^^
    ...<4 lines>...
        **extra,
        ^^^^^^^^
    )
    ^
  File "/Users/colinkeogh/Desktop/ConnectCRM1.1/venv/lib/python3.14/site-packages/django/test/client.py", line 671, in generic
    return self.request(**r)
           ~~~~~~~~~~~~^^^^^
  File "/Users/colinkeogh/Desktop/ConnectCRM1.1/venv/lib/python3.14/site-packages/django/test/client.py", line 1086, in request
    response = self.handler(environ)
  File "/Users/colinkeogh/Desktop/ConnectCRM1.1/venv/lib/python3.14/site-packages/django/test/client.py", line 173, in __call__
    self.load_middleware()
    ~~~~~~~~~~~~~~~~~~~~^^
  File "/Users/colinkeogh/Desktop/ConnectCRM1.1/venv/lib/python3.14/site-packages/django/core/handlers/base.py", line 42, in load_middleware
    middleware = import_string(middleware_path)
  File "/Users/colinkeogh/Desktop/ConnectCRM1.1/venv/lib/python3.14/site-packages/django/utils/module_loading.py", line 30, in import_string
    return cached_import(module_path, class_name)
  File "/Users/colinkeogh/Desktop/ConnectCRM1.1/venv/lib/python3.14/site-packages/django/utils/module_loading.py", line 15, in cached_import
    module = import_module(module_path)
  File "/Library/Frameworks/Python.framework/Versions/3.14/lib/python3.14/importlib/__init__.py", line 88, in import_module
    return _bootstrap._gcd_import(name[level:], package, level)
           ~~~~~~~~~~~~~~~~~~~~~~^^^^^^^^^^^^^^^^^^^^^^^^^^^^^^
  File "<frozen importlib._bootstrap>", line 1398, in _gcd_import
  File "<frozen importlib._bootstrap>", line 1371, in _find_and_load
  File "<frozen importlib._bootstrap>", line 1314, in _find_and_load_unlocked
  File "<frozen importlib._bootstrap>", line 491, in _call_with_frames_removed
  File "<frozen importlib._bootstrap>", line 1398, in _gcd_import
  File "<frozen importlib._bootstrap>", line 1371, in _find_and_load
  File "<frozen importlib._bootstrap>", line 1335, in _find_and_load_unlocked
ModuleNotFoundError: No module named 'whitenoise'

======================================================================
ERROR: test_root_domain_falls_back_to_users_own_business (crm.tests.test_tenancy.TenantMiddlewareTests.test_root_domain_falls_back_to_users_own_business)
----------------------------------------------------------------------
Traceback (most recent call last):
  File "/Users/colinkeogh/Desktop/ConnectCRM1.1/crm/tests/test_tenancy.py", line 90, in test_root_domain_falls_back_to_users_own_business
    response = self.client.get(reverse("crm:company_list"), HTTP_HOST=settings.BASE_DOMAIN)
  File "/Users/colinkeogh/Desktop/ConnectCRM1.1/venv/lib/python3.14/site-packages/django/test/client.py", line 1128, in get
    response = super().get(
        path,
    ...<4 lines>...
        **extra,
    )
  File "/Users/colinkeogh/Desktop/ConnectCRM1.1/venv/lib/python3.14/site-packages/django/test/client.py", line 475, in get
    return self.generic(
           ~~~~~~~~~~~~^
        "GET",
        ^^^^^^
    ...<4 lines>...
        **extra,
        ^^^^^^^^
    )
    ^
  File "/Users/colinkeogh/Desktop/ConnectCRM1.1/venv/lib/python3.14/site-packages/django/test/client.py", line 671, in generic
    return self.request(**r)
           ~~~~~~~~~~~~^^^^^
  File "/Users/colinkeogh/Desktop/ConnectCRM1.1/venv/lib/python3.14/site-packages/django/test/client.py", line 1086, in request
    response = self.handler(environ)
  File "/Users/colinkeogh/Desktop/ConnectCRM1.1/venv/lib/python3.14/site-packages/django/test/client.py", line 173, in __call__
    self.load_middleware()
    ~~~~~~~~~~~~~~~~~~~~^^
  File "/Users/colinkeogh/Desktop/ConnectCRM1.1/venv/lib/python3.14/site-packages/django/core/handlers/base.py", line 42, in load_middleware
    middleware = import_string(middleware_path)
  File "/Users/colinkeogh/Desktop/ConnectCRM1.1/venv/lib/python3.14/site-packages/django/utils/module_loading.py", line 30, in import_string
    return cached_import(module_path, class_name)
  File "/Users/colinkeogh/Desktop/ConnectCRM1.1/venv/lib/python3.14/site-packages/django/utils/module_loading.py", line 15, in cached_import
    module = import_module(module_path)
  File "/Library/Frameworks/Python.framework/Versions/3.14/lib/python3.14/importlib/__init__.py", line 88, in import_module
    return _bootstrap._gcd_import(name[level:], package, level)
           ~~~~~~~~~~~~~~~~~~~~~~^^^^^^^^^^^^^^^^^^^^^^^^^^^^^^
  File "<frozen importlib._bootstrap>", line 1398, in _gcd_import
  File "<frozen importlib._bootstrap>", line 1371, in _find_and_load
  File "<frozen importlib._bootstrap>", line 1314, in _find_and_load_unlocked
  File "<frozen importlib._bootstrap>", line 491, in _call_with_frames_removed
  File "<frozen importlib._bootstrap>", line 1398, in _gcd_import
  File "<frozen importlib._bootstrap>", line 1371, in _find_and_load
  File "<frozen importlib._bootstrap>", line 1335, in _find_and_load_unlocked
ModuleNotFoundError: No module named 'whitenoise'

======================================================================
ERROR: test_unknown_subdomain_returns_404 (crm.tests.test_tenancy.TenantMiddlewareTests.test_unknown_subdomain_returns_404)
----------------------------------------------------------------------
Traceback (most recent call last):
  File "/Users/colinkeogh/Desktop/ConnectCRM1.1/crm/tests/test_tenancy.py", line 34, in test_unknown_subdomain_returns_404
    response = self.client.get(reverse("core:home"), HTTP_HOST=host_for("no-such-business"))
  File "/Users/colinkeogh/Desktop/ConnectCRM1.1/venv/lib/python3.14/site-packages/django/test/client.py", line 1128, in get
    response = super().get(
        path,
    ...<4 lines>...
        **extra,
    )
  File "/Users/colinkeogh/Desktop/ConnectCRM1.1/venv/lib/python3.14/site-packages/django/test/client.py", line 475, in get
    return self.generic(
           ~~~~~~~~~~~~^
        "GET",
        ^^^^^^
    ...<4 lines>...
        **extra,
        ^^^^^^^^
    )
    ^
  File "/Users/colinkeogh/Desktop/ConnectCRM1.1/venv/lib/python3.14/site-packages/django/test/client.py", line 671, in generic
    return self.request(**r)
           ~~~~~~~~~~~~^^^^^
  File "/Users/colinkeogh/Desktop/ConnectCRM1.1/venv/lib/python3.14/site-packages/django/test/client.py", line 1086, in request
    response = self.handler(environ)
  File "/Users/colinkeogh/Desktop/ConnectCRM1.1/venv/lib/python3.14/site-packages/django/test/client.py", line 173, in __call__
    self.load_middleware()
    ~~~~~~~~~~~~~~~~~~~~^^
  File "/Users/colinkeogh/Desktop/ConnectCRM1.1/venv/lib/python3.14/site-packages/django/core/handlers/base.py", line 42, in load_middleware
    middleware = import_string(middleware_path)
  File "/Users/colinkeogh/Desktop/ConnectCRM1.1/venv/lib/python3.14/site-packages/django/utils/module_loading.py", line 30, in import_string
    return cached_import(module_path, class_name)
  File "/Users/colinkeogh/Desktop/ConnectCRM1.1/venv/lib/python3.14/site-packages/django/utils/module_loading.py", line 15, in cached_import
    module = import_module(module_path)
  File "/Library/Frameworks/Python.framework/Versions/3.14/lib/python3.14/importlib/__init__.py", line 88, in import_module
    return _bootstrap._gcd_import(name[level:], package, level)
           ~~~~~~~~~~~~~~~~~~~~~~^^^^^^^^^^^^^^^^^^^^^^^^^^^^^^
  File "<frozen importlib._bootstrap>", line 1398, in _gcd_import
  File "<frozen importlib._bootstrap>", line 1371, in _find_and_load
  File "<frozen importlib._bootstrap>", line 1314, in _find_and_load_unlocked
  File "<frozen importlib._bootstrap>", line 491, in _call_with_frames_removed
  File "<frozen importlib._bootstrap>", line 1398, in _gcd_import
  File "<frozen importlib._bootstrap>", line 1371, in _find_and_load
  File "<frozen importlib._bootstrap>", line 1335, in _find_and_load_unlocked
ModuleNotFoundError: No module named 'whitenoise'

======================================================================
ERROR: test_company_search_filters_results (crm.tests.test_ui.CRMInteractionTests.test_company_search_filters_results)
----------------------------------------------------------------------
Traceback (most recent call last):
  File "/Users/colinkeogh/Desktop/ConnectCRM1.1/crm/tests/test_ui.py", line 70, in test_company_search_filters_results
    response = self.client.get(reverse("crm:company_list"), {"q": "Technology"})
  File "/Users/colinkeogh/Desktop/ConnectCRM1.1/venv/lib/python3.14/site-packages/django/test/client.py", line 1128, in get
    response = super().get(
        path,
    ...<4 lines>...
        **extra,
    )
  File "/Users/colinkeogh/Desktop/ConnectCRM1.1/venv/lib/python3.14/site-packages/django/test/client.py", line 475, in get
    return self.generic(
           ~~~~~~~~~~~~^
        "GET",
        ^^^^^^
    ...<4 lines>...
        **extra,
        ^^^^^^^^
    )
    ^
  File "/Users/colinkeogh/Desktop/ConnectCRM1.1/venv/lib/python3.14/site-packages/django/test/client.py", line 671, in generic
    return self.request(**r)
           ~~~~~~~~~~~~^^^^^
  File "/Users/colinkeogh/Desktop/ConnectCRM1.1/venv/lib/python3.14/site-packages/django/test/client.py", line 1086, in request
    response = self.handler(environ)
  File "/Users/colinkeogh/Desktop/ConnectCRM1.1/venv/lib/python3.14/site-packages/django/test/client.py", line 173, in __call__
    self.load_middleware()
    ~~~~~~~~~~~~~~~~~~~~^^
  File "/Users/colinkeogh/Desktop/ConnectCRM1.1/venv/lib/python3.14/site-packages/django/core/handlers/base.py", line 42, in load_middleware
    middleware = import_string(middleware_path)
  File "/Users/colinkeogh/Desktop/ConnectCRM1.1/venv/lib/python3.14/site-packages/django/utils/module_loading.py", line 30, in import_string
    return cached_import(module_path, class_name)
  File "/Users/colinkeogh/Desktop/ConnectCRM1.1/venv/lib/python3.14/site-packages/django/utils/module_loading.py", line 15, in cached_import
    module = import_module(module_path)
  File "/Library/Frameworks/Python.framework/Versions/3.14/lib/python3.14/importlib/__init__.py", line 88, in import_module
    return _bootstrap._gcd_import(name[level:], package, level)
           ~~~~~~~~~~~~~~~~~~~~~~^^^^^^^^^^^^^^^^^^^^^^^^^^^^^^
  File "<frozen importlib._bootstrap>", line 1398, in _gcd_import
  File "<frozen importlib._bootstrap>", line 1371, in _find_and_load
  File "<frozen importlib._bootstrap>", line 1314, in _find_and_load_unlocked
  File "<frozen importlib._bootstrap>", line 491, in _call_with_frames_removed
  File "<frozen importlib._bootstrap>", line 1398, in _gcd_import
  File "<frozen importlib._bootstrap>", line 1371, in _find_and_load
  File "<frozen importlib._bootstrap>", line 1335, in _find_and_load_unlocked
ModuleNotFoundError: No module named 'whitenoise'

======================================================================
ERROR: test_deal_stage_filter_works (crm.tests.test_ui.CRMInteractionTests.test_deal_stage_filter_works)
----------------------------------------------------------------------
Traceback (most recent call last):
  File "/Users/colinkeogh/Desktop/ConnectCRM1.1/crm/tests/test_ui.py", line 75, in test_deal_stage_filter_works
    response = self.client.get(
        reverse("crm:deal_list"),
        {"stage": Deal.NEGOTIATION},
    )
  File "/Users/colinkeogh/Desktop/ConnectCRM1.1/venv/lib/python3.14/site-packages/django/test/client.py", line 1128, in get
    response = super().get(
        path,
    ...<4 lines>...
        **extra,
    )
  File "/Users/colinkeogh/Desktop/ConnectCRM1.1/venv/lib/python3.14/site-packages/django/test/client.py", line 475, in get
    return self.generic(
           ~~~~~~~~~~~~^
        "GET",
        ^^^^^^
    ...<4 lines>...
        **extra,
        ^^^^^^^^
    )
    ^
  File "/Users/colinkeogh/Desktop/ConnectCRM1.1/venv/lib/python3.14/site-packages/django/test/client.py", line 671, in generic
    return self.request(**r)
           ~~~~~~~~~~~~^^^^^
  File "/Users/colinkeogh/Desktop/ConnectCRM1.1/venv/lib/python3.14/site-packages/django/test/client.py", line 1086, in request
    response = self.handler(environ)
  File "/Users/colinkeogh/Desktop/ConnectCRM1.1/venv/lib/python3.14/site-packages/django/test/client.py", line 173, in __call__
    self.load_middleware()
    ~~~~~~~~~~~~~~~~~~~~^^
  File "/Users/colinkeogh/Desktop/ConnectCRM1.1/venv/lib/python3.14/site-packages/django/core/handlers/base.py", line 42, in load_middleware
    middleware = import_string(middleware_path)
  File "/Users/colinkeogh/Desktop/ConnectCRM1.1/venv/lib/python3.14/site-packages/django/utils/module_loading.py", line 30, in import_string
    return cached_import(module_path, class_name)
  File "/Users/colinkeogh/Desktop/ConnectCRM1.1/venv/lib/python3.14/site-packages/django/utils/module_loading.py", line 15, in cached_import
    module = import_module(module_path)
  File "/Library/Frameworks/Python.framework/Versions/3.14/lib/python3.14/importlib/__init__.py", line 88, in import_module
    return _bootstrap._gcd_import(name[level:], package, level)
           ~~~~~~~~~~~~~~~~~~~~~~^^^^^^^^^^^^^^^^^^^^^^^^^^^^^^
  File "<frozen importlib._bootstrap>", line 1398, in _gcd_import
  File "<frozen importlib._bootstrap>", line 1371, in _find_and_load
  File "<frozen importlib._bootstrap>", line 1314, in _find_and_load_unlocked
  File "<frozen importlib._bootstrap>", line 491, in _call_with_frames_removed
  File "<frozen importlib._bootstrap>", line 1398, in _gcd_import
  File "<frozen importlib._bootstrap>", line 1371, in _find_and_load
  File "<frozen importlib._bootstrap>", line 1335, in _find_and_load_unlocked
ModuleNotFoundError: No module named 'whitenoise'

======================================================================
ERROR: test_header_search_suggestions_are_business_isolated (crm.tests.test_ui.CRMInteractionTests.test_header_search_suggestions_are_business_isolated)
----------------------------------------------------------------------
Traceback (most recent call last):
  File "/Users/colinkeogh/Desktop/ConnectCRM1.1/crm/tests/test_ui.py", line 63, in test_header_search_suggestions_are_business_isolated
    response = self.client.get(reverse("crm:search_suggestions"), {"q": "Acme"})
  File "/Users/colinkeogh/Desktop/ConnectCRM1.1/venv/lib/python3.14/site-packages/django/test/client.py", line 1128, in get
    response = super().get(
        path,
    ...<4 lines>...
        **extra,
    )
  File "/Users/colinkeogh/Desktop/ConnectCRM1.1/venv/lib/python3.14/site-packages/django/test/client.py", line 475, in get
    return self.generic(
           ~~~~~~~~~~~~^
        "GET",
        ^^^^^^
    ...<4 lines>...
        **extra,
        ^^^^^^^^
    )
    ^
  File "/Users/colinkeogh/Desktop/ConnectCRM1.1/venv/lib/python3.14/site-packages/django/test/client.py", line 671, in generic
    return self.request(**r)
           ~~~~~~~~~~~~^^^^^
  File "/Users/colinkeogh/Desktop/ConnectCRM1.1/venv/lib/python3.14/site-packages/django/test/client.py", line 1086, in request
    response = self.handler(environ)
  File "/Users/colinkeogh/Desktop/ConnectCRM1.1/venv/lib/python3.14/site-packages/django/test/client.py", line 173, in __call__
    self.load_middleware()
    ~~~~~~~~~~~~~~~~~~~~^^
  File "/Users/colinkeogh/Desktop/ConnectCRM1.1/venv/lib/python3.14/site-packages/django/core/handlers/base.py", line 42, in load_middleware
    middleware = import_string(middleware_path)
  File "/Users/colinkeogh/Desktop/ConnectCRM1.1/venv/lib/python3.14/site-packages/django/utils/module_loading.py", line 30, in import_string
    return cached_import(module_path, class_name)
  File "/Users/colinkeogh/Desktop/ConnectCRM1.1/venv/lib/python3.14/site-packages/django/utils/module_loading.py", line 15, in cached_import
    module = import_module(module_path)
  File "/Library/Frameworks/Python.framework/Versions/3.14/lib/python3.14/importlib/__init__.py", line 88, in import_module
    return _bootstrap._gcd_import(name[level:], package, level)
           ~~~~~~~~~~~~~~~~~~~~~~^^^^^^^^^^^^^^^^^^^^^^^^^^^^^^
  File "<frozen importlib._bootstrap>", line 1398, in _gcd_import
  File "<frozen importlib._bootstrap>", line 1371, in _find_and_load
  File "<frozen importlib._bootstrap>", line 1314, in _find_and_load_unlocked
  File "<frozen importlib._bootstrap>", line 491, in _call_with_frames_removed
  File "<frozen importlib._bootstrap>", line 1398, in _gcd_import
  File "<frozen importlib._bootstrap>", line 1371, in _find_and_load
  File "<frozen importlib._bootstrap>", line 1335, in _find_and_load_unlocked
ModuleNotFoundError: No module named 'whitenoise'

======================================================================
ERROR: test_task_status_filter_works (crm.tests.test_ui.CRMInteractionTests.test_task_status_filter_works)
----------------------------------------------------------------------
Traceback (most recent call last):
  File "/Users/colinkeogh/Desktop/ConnectCRM1.1/crm/tests/test_ui.py", line 83, in test_task_status_filter_works
    response = self.client.get(
        reverse("crm:task_list"),
        {"status": "completed"},
    )
  File "/Users/colinkeogh/Desktop/ConnectCRM1.1/venv/lib/python3.14/site-packages/django/test/client.py", line 1128, in get
    response = super().get(
        path,
    ...<4 lines>...
        **extra,
    )
  File "/Users/colinkeogh/Desktop/ConnectCRM1.1/venv/lib/python3.14/site-packages/django/test/client.py", line 475, in get
    return self.generic(
           ~~~~~~~~~~~~^
        "GET",
        ^^^^^^
    ...<4 lines>...
        **extra,
        ^^^^^^^^
    )
    ^
  File "/Users/colinkeogh/Desktop/ConnectCRM1.1/venv/lib/python3.14/site-packages/django/test/client.py", line 671, in generic
    return self.request(**r)
           ~~~~~~~~~~~~^^^^^
  File "/Users/colinkeogh/Desktop/ConnectCRM1.1/venv/lib/python3.14/site-packages/django/test/client.py", line 1086, in request
    response = self.handler(environ)
  File "/Users/colinkeogh/Desktop/ConnectCRM1.1/venv/lib/python3.14/site-packages/django/test/client.py", line 173, in __call__
    self.load_middleware()
    ~~~~~~~~~~~~~~~~~~~~^^
  File "/Users/colinkeogh/Desktop/ConnectCRM1.1/venv/lib/python3.14/site-packages/django/core/handlers/base.py", line 42, in load_middleware
    middleware = import_string(middleware_path)
  File "/Users/colinkeogh/Desktop/ConnectCRM1.1/venv/lib/python3.14/site-packages/django/utils/module_loading.py", line 30, in import_string
    return cached_import(module_path, class_name)
  File "/Users/colinkeogh/Desktop/ConnectCRM1.1/venv/lib/python3.14/site-packages/django/utils/module_loading.py", line 15, in cached_import
    module = import_module(module_path)
  File "/Library/Frameworks/Python.framework/Versions/3.14/lib/python3.14/importlib/__init__.py", line 88, in import_module
    return _bootstrap._gcd_import(name[level:], package, level)
           ~~~~~~~~~~~~~~~~~~~~~~^^^^^^^^^^^^^^^^^^^^^^^^^^^^^^
  File "<frozen importlib._bootstrap>", line 1398, in _gcd_import
  File "<frozen importlib._bootstrap>", line 1371, in _find_and_load
  File "<frozen importlib._bootstrap>", line 1314, in _find_and_load_unlocked
  File "<frozen importlib._bootstrap>", line 491, in _call_with_frames_removed
  File "<frozen importlib._bootstrap>", line 1398, in _gcd_import
  File "<frozen importlib._bootstrap>", line 1371, in _find_and_load
  File "<frozen importlib._bootstrap>", line 1335, in _find_and_load_unlocked
ModuleNotFoundError: No module named 'whitenoise'

======================================================================
ERROR: test_task_toggle_changes_completion_state (crm.tests.test_ui.CRMInteractionTests.test_task_toggle_changes_completion_state)
----------------------------------------------------------------------
Traceback (most recent call last):
  File "/Users/colinkeogh/Desktop/ConnectCRM1.1/crm/tests/test_ui.py", line 55, in test_task_toggle_changes_completion_state
    response = self.client.post(reverse("crm:task_toggle", args=[self.task.id]))
  File "/Users/colinkeogh/Desktop/ConnectCRM1.1/venv/lib/python3.14/site-packages/django/test/client.py", line 1157, in post
    response = super().post(
        path,
    ...<5 lines>...
        **extra,
    )
  File "/Users/colinkeogh/Desktop/ConnectCRM1.1/venv/lib/python3.14/site-packages/django/test/client.py", line 499, in post
    return self.generic(
           ~~~~~~~~~~~~^
        "POST",
        ^^^^^^^
    ...<6 lines>...
        **extra,
        ^^^^^^^^
    )
    ^
  File "/Users/colinkeogh/Desktop/ConnectCRM1.1/venv/lib/python3.14/site-packages/django/test/client.py", line 671, in generic
    return self.request(**r)
           ~~~~~~~~~~~~^^^^^
  File "/Users/colinkeogh/Desktop/ConnectCRM1.1/venv/lib/python3.14/site-packages/django/test/client.py", line 1086, in request
    response = self.handler(environ)
  File "/Users/colinkeogh/Desktop/ConnectCRM1.1/venv/lib/python3.14/site-packages/django/test/client.py", line 173, in __call__
    self.load_middleware()
    ~~~~~~~~~~~~~~~~~~~~^^
  File "/Users/colinkeogh/Desktop/ConnectCRM1.1/venv/lib/python3.14/site-packages/django/core/handlers/base.py", line 42, in load_middleware
    middleware = import_string(middleware_path)
  File "/Users/colinkeogh/Desktop/ConnectCRM1.1/venv/lib/python3.14/site-packages/django/utils/module_loading.py", line 30, in import_string
    return cached_import(module_path, class_name)
  File "/Users/colinkeogh/Desktop/ConnectCRM1.1/venv/lib/python3.14/site-packages/django/utils/module_loading.py", line 15, in cached_import
    module = import_module(module_path)
  File "/Library/Frameworks/Python.framework/Versions/3.14/lib/python3.14/importlib/__init__.py", line 88, in import_module
    return _bootstrap._gcd_import(name[level:], package, level)
           ~~~~~~~~~~~~~~~~~~~~~~^^^^^^^^^^^^^^^^^^^^^^^^^^^^^^
  File "<frozen importlib._bootstrap>", line 1398, in _gcd_import
  File "<frozen importlib._bootstrap>", line 1371, in _find_and_load
  File "<frozen importlib._bootstrap>", line 1314, in _find_and_load_unlocked
  File "<frozen importlib._bootstrap>", line 491, in _call_with_frames_removed
  File "<frozen importlib._bootstrap>", line 1398, in _gcd_import
  File "<frozen importlib._bootstrap>", line 1371, in _find_and_load
  File "<frozen importlib._bootstrap>", line 1335, in _find_and_load_unlocked
ModuleNotFoundError: No module named 'whitenoise'

----------------------------------------------------------------------
Ran 76 tests in 28.518s

FAILED (errors=76)
Destroying test database for alias 'default'...
Found 76 test(s).
System check identified no issues (0 silenced).
